ARM GAS  C:\Users\crist\AppData\Local\Temp\ccjOFheM.s 			page 1


   1              		.cpu cortex-m3
   2              		.arch armv7-m
   3              		.fpu softvfp
   4              		.eabi_attribute 20, 1
   5              		.eabi_attribute 21, 1
   6              		.eabi_attribute 23, 3
   7              		.eabi_attribute 24, 1
   8              		.eabi_attribute 25, 1
   9              		.eabi_attribute 26, 1
  10              		.eabi_attribute 30, 1
  11              		.eabi_attribute 34, 1
  12              		.eabi_attribute 18, 4
  13              		.file	"stm32f1xx_hal_msp.c"
  14              		.text
  15              	.Ltext0:
  16              		.cfi_sections	.debug_frame
  17              		.file 1 "Core/Src/stm32f1xx_hal_msp.c"
  18              		.section	.text.HAL_MspInit,"ax",%progbits
  19              		.align	1
  20              		.global	HAL_MspInit
  21              		.syntax unified
  22              		.thumb
  23              		.thumb_func
  25              	HAL_MspInit:
  26              	.LFB65:
   1:Core/Src/stm32f1xx_hal_msp.c **** /* USER CODE BEGIN Header */
   2:Core/Src/stm32f1xx_hal_msp.c **** /**
   3:Core/Src/stm32f1xx_hal_msp.c ****   ******************************************************************************
   4:Core/Src/stm32f1xx_hal_msp.c ****   * @file         stm32f1xx_hal_msp.c
   5:Core/Src/stm32f1xx_hal_msp.c ****   * @brief        This file provides code for the MSP Initialization
   6:Core/Src/stm32f1xx_hal_msp.c ****   *               and de-Initialization codes.
   7:Core/Src/stm32f1xx_hal_msp.c ****   ******************************************************************************
   8:Core/Src/stm32f1xx_hal_msp.c ****   * @attention
   9:Core/Src/stm32f1xx_hal_msp.c ****   *
  10:Core/Src/stm32f1xx_hal_msp.c ****   * Copyright (c) 2024 STMicroelectronics.
  11:Core/Src/stm32f1xx_hal_msp.c ****   * All rights reserved.
  12:Core/Src/stm32f1xx_hal_msp.c ****   *
  13:Core/Src/stm32f1xx_hal_msp.c ****   * This software is licensed under terms that can be found in the LICENSE file
  14:Core/Src/stm32f1xx_hal_msp.c ****   * in the root directory of this software component.
  15:Core/Src/stm32f1xx_hal_msp.c ****   * If no LICENSE file comes with this software, it is provided AS-IS.
  16:Core/Src/stm32f1xx_hal_msp.c ****   *
  17:Core/Src/stm32f1xx_hal_msp.c ****   ******************************************************************************
  18:Core/Src/stm32f1xx_hal_msp.c ****   */
  19:Core/Src/stm32f1xx_hal_msp.c **** /* USER CODE END Header */
  20:Core/Src/stm32f1xx_hal_msp.c **** 
  21:Core/Src/stm32f1xx_hal_msp.c **** /* Includes ------------------------------------------------------------------*/
  22:Core/Src/stm32f1xx_hal_msp.c **** #include "main.h"
  23:Core/Src/stm32f1xx_hal_msp.c **** 
  24:Core/Src/stm32f1xx_hal_msp.c **** /* USER CODE BEGIN Includes */
  25:Core/Src/stm32f1xx_hal_msp.c **** 
  26:Core/Src/stm32f1xx_hal_msp.c **** /* USER CODE END Includes */
  27:Core/Src/stm32f1xx_hal_msp.c **** 
  28:Core/Src/stm32f1xx_hal_msp.c **** /* Private typedef -----------------------------------------------------------*/
  29:Core/Src/stm32f1xx_hal_msp.c **** /* USER CODE BEGIN TD */
  30:Core/Src/stm32f1xx_hal_msp.c **** 
  31:Core/Src/stm32f1xx_hal_msp.c **** /* USER CODE END TD */
  32:Core/Src/stm32f1xx_hal_msp.c **** 
ARM GAS  C:\Users\crist\AppData\Local\Temp\ccjOFheM.s 			page 2


  33:Core/Src/stm32f1xx_hal_msp.c **** /* Private define ------------------------------------------------------------*/
  34:Core/Src/stm32f1xx_hal_msp.c **** /* USER CODE BEGIN Define */
  35:Core/Src/stm32f1xx_hal_msp.c **** 
  36:Core/Src/stm32f1xx_hal_msp.c **** /* USER CODE END Define */
  37:Core/Src/stm32f1xx_hal_msp.c **** 
  38:Core/Src/stm32f1xx_hal_msp.c **** /* Private macro -------------------------------------------------------------*/
  39:Core/Src/stm32f1xx_hal_msp.c **** /* USER CODE BEGIN Macro */
  40:Core/Src/stm32f1xx_hal_msp.c **** 
  41:Core/Src/stm32f1xx_hal_msp.c **** /* USER CODE END Macro */
  42:Core/Src/stm32f1xx_hal_msp.c **** 
  43:Core/Src/stm32f1xx_hal_msp.c **** /* Private variables ---------------------------------------------------------*/
  44:Core/Src/stm32f1xx_hal_msp.c **** /* USER CODE BEGIN PV */
  45:Core/Src/stm32f1xx_hal_msp.c **** 
  46:Core/Src/stm32f1xx_hal_msp.c **** /* USER CODE END PV */
  47:Core/Src/stm32f1xx_hal_msp.c **** 
  48:Core/Src/stm32f1xx_hal_msp.c **** /* Private function prototypes -----------------------------------------------*/
  49:Core/Src/stm32f1xx_hal_msp.c **** /* USER CODE BEGIN PFP */
  50:Core/Src/stm32f1xx_hal_msp.c **** 
  51:Core/Src/stm32f1xx_hal_msp.c **** /* USER CODE END PFP */
  52:Core/Src/stm32f1xx_hal_msp.c **** 
  53:Core/Src/stm32f1xx_hal_msp.c **** /* External functions --------------------------------------------------------*/
  54:Core/Src/stm32f1xx_hal_msp.c **** /* USER CODE BEGIN ExternalFunctions */
  55:Core/Src/stm32f1xx_hal_msp.c **** 
  56:Core/Src/stm32f1xx_hal_msp.c **** /* USER CODE END ExternalFunctions */
  57:Core/Src/stm32f1xx_hal_msp.c **** 
  58:Core/Src/stm32f1xx_hal_msp.c **** /* USER CODE BEGIN 0 */
  59:Core/Src/stm32f1xx_hal_msp.c **** 
  60:Core/Src/stm32f1xx_hal_msp.c **** /* USER CODE END 0 */
  61:Core/Src/stm32f1xx_hal_msp.c **** 
  62:Core/Src/stm32f1xx_hal_msp.c **** void HAL_TIM_MspPostInit(TIM_HandleTypeDef *htim);
  63:Core/Src/stm32f1xx_hal_msp.c ****                     /**
  64:Core/Src/stm32f1xx_hal_msp.c ****   * Initializes the Global MSP.
  65:Core/Src/stm32f1xx_hal_msp.c ****   */
  66:Core/Src/stm32f1xx_hal_msp.c **** void HAL_MspInit(void)
  67:Core/Src/stm32f1xx_hal_msp.c **** {
  27              		.loc 1 67 1 view -0
  28              		.cfi_startproc
  29              		@ args = 0, pretend = 0, frame = 8
  30              		@ frame_needed = 0, uses_anonymous_args = 0
  31              		@ link register save eliminated.
  32 0000 82B0     		sub	sp, sp, #8
  33              	.LCFI0:
  34              		.cfi_def_cfa_offset 8
  68:Core/Src/stm32f1xx_hal_msp.c ****   /* USER CODE BEGIN MspInit 0 */
  69:Core/Src/stm32f1xx_hal_msp.c **** 
  70:Core/Src/stm32f1xx_hal_msp.c ****   /* USER CODE END MspInit 0 */
  71:Core/Src/stm32f1xx_hal_msp.c **** 
  72:Core/Src/stm32f1xx_hal_msp.c ****   __HAL_RCC_AFIO_CLK_ENABLE();
  35              		.loc 1 72 3 view .LVU1
  36              	.LBB2:
  37              		.loc 1 72 3 view .LVU2
  38              		.loc 1 72 3 view .LVU3
  39 0002 0E4B     		ldr	r3, .L3
  40 0004 9A69     		ldr	r2, [r3, #24]
  41 0006 42F00102 		orr	r2, r2, #1
  42 000a 9A61     		str	r2, [r3, #24]
  43              		.loc 1 72 3 view .LVU4
ARM GAS  C:\Users\crist\AppData\Local\Temp\ccjOFheM.s 			page 3


  44 000c 9A69     		ldr	r2, [r3, #24]
  45 000e 02F00102 		and	r2, r2, #1
  46 0012 0092     		str	r2, [sp]
  47              		.loc 1 72 3 view .LVU5
  48 0014 009A     		ldr	r2, [sp]
  49              	.LBE2:
  50              		.loc 1 72 3 view .LVU6
  73:Core/Src/stm32f1xx_hal_msp.c ****   __HAL_RCC_PWR_CLK_ENABLE();
  51              		.loc 1 73 3 view .LVU7
  52              	.LBB3:
  53              		.loc 1 73 3 view .LVU8
  54              		.loc 1 73 3 view .LVU9
  55 0016 DA69     		ldr	r2, [r3, #28]
  56 0018 42F08052 		orr	r2, r2, #268435456
  57 001c DA61     		str	r2, [r3, #28]
  58              		.loc 1 73 3 view .LVU10
  59 001e DB69     		ldr	r3, [r3, #28]
  60 0020 03F08053 		and	r3, r3, #268435456
  61 0024 0193     		str	r3, [sp, #4]
  62              		.loc 1 73 3 view .LVU11
  63 0026 019B     		ldr	r3, [sp, #4]
  64              	.LBE3:
  65              		.loc 1 73 3 view .LVU12
  74:Core/Src/stm32f1xx_hal_msp.c **** 
  75:Core/Src/stm32f1xx_hal_msp.c ****   /* System interrupt init*/
  76:Core/Src/stm32f1xx_hal_msp.c **** 
  77:Core/Src/stm32f1xx_hal_msp.c ****   /* DISABLE: JTAG-DP Disabled and SW-DP Disabled
  78:Core/Src/stm32f1xx_hal_msp.c ****   */
  79:Core/Src/stm32f1xx_hal_msp.c ****   __HAL_AFIO_REMAP_SWJ_NOJTAG();
  66              		.loc 1 79 3 view .LVU13
  67              	.LBB4:
  68              		.loc 1 79 3 view .LVU14
  69 0028 054A     		ldr	r2, .L3+4
  70 002a 5368     		ldr	r3, [r2, #4]
  71              	.LVL0:
  72              		.loc 1 79 3 view .LVU15
  73 002c 23F0E063 		bic	r3, r3, #117440512
  74              	.LVL1:
  75              		.loc 1 79 3 view .LVU16
  76 0030 43F00073 		orr	r3, r3, #33554432
  77              	.LVL2:
  78              		.loc 1 79 3 view .LVU17
  79 0034 5360     		str	r3, [r2, #4]
  80              	.LBE4:
  81              		.loc 1 79 3 view .LVU18
  80:Core/Src/stm32f1xx_hal_msp.c **** 
  81:Core/Src/stm32f1xx_hal_msp.c ****   /* USER CODE BEGIN MspInit 1 */
  82:Core/Src/stm32f1xx_hal_msp.c **** 
  83:Core/Src/stm32f1xx_hal_msp.c ****   /* USER CODE END MspInit 1 */
  84:Core/Src/stm32f1xx_hal_msp.c **** }
  82              		.loc 1 84 1 is_stmt 0 view .LVU19
  83 0036 02B0     		add	sp, sp, #8
  84              	.LCFI1:
  85              		.cfi_def_cfa_offset 0
  86              		@ sp needed
  87 0038 7047     		bx	lr
  88              	.L4:
ARM GAS  C:\Users\crist\AppData\Local\Temp\ccjOFheM.s 			page 4


  89 003a 00BF     		.align	2
  90              	.L3:
  91 003c 00100240 		.word	1073876992
  92 0040 00000140 		.word	1073807360
  93              		.cfi_endproc
  94              	.LFE65:
  96              		.section	.text.HAL_I2C_MspInit,"ax",%progbits
  97              		.align	1
  98              		.global	HAL_I2C_MspInit
  99              		.syntax unified
 100              		.thumb
 101              		.thumb_func
 103              	HAL_I2C_MspInit:
 104              	.LVL3:
 105              	.LFB66:
  85:Core/Src/stm32f1xx_hal_msp.c **** 
  86:Core/Src/stm32f1xx_hal_msp.c **** /**
  87:Core/Src/stm32f1xx_hal_msp.c **** * @brief I2C MSP Initialization
  88:Core/Src/stm32f1xx_hal_msp.c **** * This function configures the hardware resources used in this example
  89:Core/Src/stm32f1xx_hal_msp.c **** * @param hi2c: I2C handle pointer
  90:Core/Src/stm32f1xx_hal_msp.c **** * @retval None
  91:Core/Src/stm32f1xx_hal_msp.c **** */
  92:Core/Src/stm32f1xx_hal_msp.c **** void HAL_I2C_MspInit(I2C_HandleTypeDef* hi2c)
  93:Core/Src/stm32f1xx_hal_msp.c **** {
 106              		.loc 1 93 1 is_stmt 1 view -0
 107              		.cfi_startproc
 108              		@ args = 0, pretend = 0, frame = 24
 109              		@ frame_needed = 0, uses_anonymous_args = 0
 110              		.loc 1 93 1 is_stmt 0 view .LVU21
 111 0000 10B5     		push	{r4, lr}
 112              	.LCFI2:
 113              		.cfi_def_cfa_offset 8
 114              		.cfi_offset 4, -8
 115              		.cfi_offset 14, -4
 116 0002 86B0     		sub	sp, sp, #24
 117              	.LCFI3:
 118              		.cfi_def_cfa_offset 32
  94:Core/Src/stm32f1xx_hal_msp.c ****   GPIO_InitTypeDef GPIO_InitStruct = {0};
 119              		.loc 1 94 3 is_stmt 1 view .LVU22
 120              		.loc 1 94 20 is_stmt 0 view .LVU23
 121 0004 0023     		movs	r3, #0
 122 0006 0293     		str	r3, [sp, #8]
 123 0008 0393     		str	r3, [sp, #12]
 124 000a 0493     		str	r3, [sp, #16]
 125 000c 0593     		str	r3, [sp, #20]
  95:Core/Src/stm32f1xx_hal_msp.c ****   if(hi2c->Instance==I2C1)
 126              		.loc 1 95 3 is_stmt 1 view .LVU24
 127              		.loc 1 95 10 is_stmt 0 view .LVU25
 128 000e 0268     		ldr	r2, [r0]
 129              		.loc 1 95 5 view .LVU26
 130 0010 114B     		ldr	r3, .L9
 131 0012 9A42     		cmp	r2, r3
 132 0014 01D0     		beq	.L8
 133              	.LVL4:
 134              	.L5:
  96:Core/Src/stm32f1xx_hal_msp.c ****   {
  97:Core/Src/stm32f1xx_hal_msp.c ****   /* USER CODE BEGIN I2C1_MspInit 0 */
ARM GAS  C:\Users\crist\AppData\Local\Temp\ccjOFheM.s 			page 5


  98:Core/Src/stm32f1xx_hal_msp.c **** 
  99:Core/Src/stm32f1xx_hal_msp.c ****   /* USER CODE END I2C1_MspInit 0 */
 100:Core/Src/stm32f1xx_hal_msp.c **** 
 101:Core/Src/stm32f1xx_hal_msp.c ****     __HAL_RCC_GPIOB_CLK_ENABLE();
 102:Core/Src/stm32f1xx_hal_msp.c ****     /**I2C1 GPIO Configuration
 103:Core/Src/stm32f1xx_hal_msp.c ****     PB6     ------> I2C1_SCL
 104:Core/Src/stm32f1xx_hal_msp.c ****     PB7     ------> I2C1_SDA
 105:Core/Src/stm32f1xx_hal_msp.c ****     */
 106:Core/Src/stm32f1xx_hal_msp.c ****     GPIO_InitStruct.Pin = GPIO_PIN_6|GPIO_PIN_7;
 107:Core/Src/stm32f1xx_hal_msp.c ****     GPIO_InitStruct.Mode = GPIO_MODE_AF_OD;
 108:Core/Src/stm32f1xx_hal_msp.c ****     GPIO_InitStruct.Speed = GPIO_SPEED_FREQ_HIGH;
 109:Core/Src/stm32f1xx_hal_msp.c ****     HAL_GPIO_Init(GPIOB, &GPIO_InitStruct);
 110:Core/Src/stm32f1xx_hal_msp.c **** 
 111:Core/Src/stm32f1xx_hal_msp.c ****     /* Peripheral clock enable */
 112:Core/Src/stm32f1xx_hal_msp.c ****     __HAL_RCC_I2C1_CLK_ENABLE();
 113:Core/Src/stm32f1xx_hal_msp.c ****   /* USER CODE BEGIN I2C1_MspInit 1 */
 114:Core/Src/stm32f1xx_hal_msp.c **** 
 115:Core/Src/stm32f1xx_hal_msp.c ****   /* USER CODE END I2C1_MspInit 1 */
 116:Core/Src/stm32f1xx_hal_msp.c ****   }
 117:Core/Src/stm32f1xx_hal_msp.c **** 
 118:Core/Src/stm32f1xx_hal_msp.c **** }
 135              		.loc 1 118 1 view .LVU27
 136 0016 06B0     		add	sp, sp, #24
 137              	.LCFI4:
 138              		.cfi_remember_state
 139              		.cfi_def_cfa_offset 8
 140              		@ sp needed
 141 0018 10BD     		pop	{r4, pc}
 142              	.LVL5:
 143              	.L8:
 144              	.LCFI5:
 145              		.cfi_restore_state
 101:Core/Src/stm32f1xx_hal_msp.c ****     /**I2C1 GPIO Configuration
 146              		.loc 1 101 5 is_stmt 1 view .LVU28
 147              	.LBB5:
 101:Core/Src/stm32f1xx_hal_msp.c ****     /**I2C1 GPIO Configuration
 148              		.loc 1 101 5 view .LVU29
 101:Core/Src/stm32f1xx_hal_msp.c ****     /**I2C1 GPIO Configuration
 149              		.loc 1 101 5 view .LVU30
 150 001a 104C     		ldr	r4, .L9+4
 151 001c A369     		ldr	r3, [r4, #24]
 152 001e 43F00803 		orr	r3, r3, #8
 153 0022 A361     		str	r3, [r4, #24]
 101:Core/Src/stm32f1xx_hal_msp.c ****     /**I2C1 GPIO Configuration
 154              		.loc 1 101 5 view .LVU31
 155 0024 A369     		ldr	r3, [r4, #24]
 156 0026 03F00803 		and	r3, r3, #8
 157 002a 0093     		str	r3, [sp]
 101:Core/Src/stm32f1xx_hal_msp.c ****     /**I2C1 GPIO Configuration
 158              		.loc 1 101 5 view .LVU32
 159 002c 009B     		ldr	r3, [sp]
 160              	.LBE5:
 101:Core/Src/stm32f1xx_hal_msp.c ****     /**I2C1 GPIO Configuration
 161              		.loc 1 101 5 view .LVU33
 106:Core/Src/stm32f1xx_hal_msp.c ****     GPIO_InitStruct.Mode = GPIO_MODE_AF_OD;
 162              		.loc 1 106 5 view .LVU34
 106:Core/Src/stm32f1xx_hal_msp.c ****     GPIO_InitStruct.Mode = GPIO_MODE_AF_OD;
ARM GAS  C:\Users\crist\AppData\Local\Temp\ccjOFheM.s 			page 6


 163              		.loc 1 106 25 is_stmt 0 view .LVU35
 164 002e C023     		movs	r3, #192
 165 0030 0293     		str	r3, [sp, #8]
 107:Core/Src/stm32f1xx_hal_msp.c ****     GPIO_InitStruct.Speed = GPIO_SPEED_FREQ_HIGH;
 166              		.loc 1 107 5 is_stmt 1 view .LVU36
 107:Core/Src/stm32f1xx_hal_msp.c ****     GPIO_InitStruct.Speed = GPIO_SPEED_FREQ_HIGH;
 167              		.loc 1 107 26 is_stmt 0 view .LVU37
 168 0032 1223     		movs	r3, #18
 169 0034 0393     		str	r3, [sp, #12]
 108:Core/Src/stm32f1xx_hal_msp.c ****     HAL_GPIO_Init(GPIOB, &GPIO_InitStruct);
 170              		.loc 1 108 5 is_stmt 1 view .LVU38
 108:Core/Src/stm32f1xx_hal_msp.c ****     HAL_GPIO_Init(GPIOB, &GPIO_InitStruct);
 171              		.loc 1 108 27 is_stmt 0 view .LVU39
 172 0036 0323     		movs	r3, #3
 173 0038 0593     		str	r3, [sp, #20]
 109:Core/Src/stm32f1xx_hal_msp.c **** 
 174              		.loc 1 109 5 is_stmt 1 view .LVU40
 175 003a 02A9     		add	r1, sp, #8
 176 003c 0848     		ldr	r0, .L9+8
 177              	.LVL6:
 109:Core/Src/stm32f1xx_hal_msp.c **** 
 178              		.loc 1 109 5 is_stmt 0 view .LVU41
 179 003e FFF7FEFF 		bl	HAL_GPIO_Init
 180              	.LVL7:
 112:Core/Src/stm32f1xx_hal_msp.c ****   /* USER CODE BEGIN I2C1_MspInit 1 */
 181              		.loc 1 112 5 is_stmt 1 view .LVU42
 182              	.LBB6:
 112:Core/Src/stm32f1xx_hal_msp.c ****   /* USER CODE BEGIN I2C1_MspInit 1 */
 183              		.loc 1 112 5 view .LVU43
 112:Core/Src/stm32f1xx_hal_msp.c ****   /* USER CODE BEGIN I2C1_MspInit 1 */
 184              		.loc 1 112 5 view .LVU44
 185 0042 E369     		ldr	r3, [r4, #28]
 186 0044 43F40013 		orr	r3, r3, #2097152
 187 0048 E361     		str	r3, [r4, #28]
 112:Core/Src/stm32f1xx_hal_msp.c ****   /* USER CODE BEGIN I2C1_MspInit 1 */
 188              		.loc 1 112 5 view .LVU45
 189 004a E369     		ldr	r3, [r4, #28]
 190 004c 03F40013 		and	r3, r3, #2097152
 191 0050 0193     		str	r3, [sp, #4]
 112:Core/Src/stm32f1xx_hal_msp.c ****   /* USER CODE BEGIN I2C1_MspInit 1 */
 192              		.loc 1 112 5 view .LVU46
 193 0052 019B     		ldr	r3, [sp, #4]
 194              	.LBE6:
 112:Core/Src/stm32f1xx_hal_msp.c ****   /* USER CODE BEGIN I2C1_MspInit 1 */
 195              		.loc 1 112 5 view .LVU47
 196              		.loc 1 118 1 is_stmt 0 view .LVU48
 197 0054 DFE7     		b	.L5
 198              	.L10:
 199 0056 00BF     		.align	2
 200              	.L9:
 201 0058 00540040 		.word	1073763328
 202 005c 00100240 		.word	1073876992
 203 0060 000C0140 		.word	1073810432
 204              		.cfi_endproc
 205              	.LFE66:
 207              		.section	.text.HAL_I2C_MspDeInit,"ax",%progbits
 208              		.align	1
ARM GAS  C:\Users\crist\AppData\Local\Temp\ccjOFheM.s 			page 7


 209              		.global	HAL_I2C_MspDeInit
 210              		.syntax unified
 211              		.thumb
 212              		.thumb_func
 214              	HAL_I2C_MspDeInit:
 215              	.LVL8:
 216              	.LFB67:
 119:Core/Src/stm32f1xx_hal_msp.c **** 
 120:Core/Src/stm32f1xx_hal_msp.c **** /**
 121:Core/Src/stm32f1xx_hal_msp.c **** * @brief I2C MSP De-Initialization
 122:Core/Src/stm32f1xx_hal_msp.c **** * This function freeze the hardware resources used in this example
 123:Core/Src/stm32f1xx_hal_msp.c **** * @param hi2c: I2C handle pointer
 124:Core/Src/stm32f1xx_hal_msp.c **** * @retval None
 125:Core/Src/stm32f1xx_hal_msp.c **** */
 126:Core/Src/stm32f1xx_hal_msp.c **** void HAL_I2C_MspDeInit(I2C_HandleTypeDef* hi2c)
 127:Core/Src/stm32f1xx_hal_msp.c **** {
 217              		.loc 1 127 1 is_stmt 1 view -0
 218              		.cfi_startproc
 219              		@ args = 0, pretend = 0, frame = 0
 220              		@ frame_needed = 0, uses_anonymous_args = 0
 128:Core/Src/stm32f1xx_hal_msp.c ****   if(hi2c->Instance==I2C1)
 221              		.loc 1 128 3 view .LVU50
 222              		.loc 1 128 10 is_stmt 0 view .LVU51
 223 0000 0268     		ldr	r2, [r0]
 224              		.loc 1 128 5 view .LVU52
 225 0002 0A4B     		ldr	r3, .L18
 226 0004 9A42     		cmp	r2, r3
 227 0006 00D0     		beq	.L17
 228 0008 7047     		bx	lr
 229              	.L17:
 127:Core/Src/stm32f1xx_hal_msp.c ****   if(hi2c->Instance==I2C1)
 230              		.loc 1 127 1 view .LVU53
 231 000a 10B5     		push	{r4, lr}
 232              	.LCFI6:
 233              		.cfi_def_cfa_offset 8
 234              		.cfi_offset 4, -8
 235              		.cfi_offset 14, -4
 129:Core/Src/stm32f1xx_hal_msp.c ****   {
 130:Core/Src/stm32f1xx_hal_msp.c ****   /* USER CODE BEGIN I2C1_MspDeInit 0 */
 131:Core/Src/stm32f1xx_hal_msp.c **** 
 132:Core/Src/stm32f1xx_hal_msp.c ****   /* USER CODE END I2C1_MspDeInit 0 */
 133:Core/Src/stm32f1xx_hal_msp.c ****     /* Peripheral clock disable */
 134:Core/Src/stm32f1xx_hal_msp.c ****     __HAL_RCC_I2C1_CLK_DISABLE();
 236              		.loc 1 134 5 is_stmt 1 view .LVU54
 237 000c 084A     		ldr	r2, .L18+4
 238 000e D369     		ldr	r3, [r2, #28]
 239 0010 23F40013 		bic	r3, r3, #2097152
 240 0014 D361     		str	r3, [r2, #28]
 135:Core/Src/stm32f1xx_hal_msp.c **** 
 136:Core/Src/stm32f1xx_hal_msp.c ****     /**I2C1 GPIO Configuration
 137:Core/Src/stm32f1xx_hal_msp.c ****     PB6     ------> I2C1_SCL
 138:Core/Src/stm32f1xx_hal_msp.c ****     PB7     ------> I2C1_SDA
 139:Core/Src/stm32f1xx_hal_msp.c ****     */
 140:Core/Src/stm32f1xx_hal_msp.c ****     HAL_GPIO_DeInit(GPIOB, GPIO_PIN_6);
 241              		.loc 1 140 5 view .LVU55
 242 0016 074C     		ldr	r4, .L18+8
 243 0018 4021     		movs	r1, #64
ARM GAS  C:\Users\crist\AppData\Local\Temp\ccjOFheM.s 			page 8


 244 001a 2046     		mov	r0, r4
 245              	.LVL9:
 246              		.loc 1 140 5 is_stmt 0 view .LVU56
 247 001c FFF7FEFF 		bl	HAL_GPIO_DeInit
 248              	.LVL10:
 141:Core/Src/stm32f1xx_hal_msp.c **** 
 142:Core/Src/stm32f1xx_hal_msp.c ****     HAL_GPIO_DeInit(GPIOB, GPIO_PIN_7);
 249              		.loc 1 142 5 is_stmt 1 view .LVU57
 250 0020 8021     		movs	r1, #128
 251 0022 2046     		mov	r0, r4
 252 0024 FFF7FEFF 		bl	HAL_GPIO_DeInit
 253              	.LVL11:
 143:Core/Src/stm32f1xx_hal_msp.c **** 
 144:Core/Src/stm32f1xx_hal_msp.c ****   /* USER CODE BEGIN I2C1_MspDeInit 1 */
 145:Core/Src/stm32f1xx_hal_msp.c **** 
 146:Core/Src/stm32f1xx_hal_msp.c ****   /* USER CODE END I2C1_MspDeInit 1 */
 147:Core/Src/stm32f1xx_hal_msp.c ****   }
 148:Core/Src/stm32f1xx_hal_msp.c **** 
 149:Core/Src/stm32f1xx_hal_msp.c **** }
 254              		.loc 1 149 1 is_stmt 0 view .LVU58
 255 0028 10BD     		pop	{r4, pc}
 256              	.L19:
 257 002a 00BF     		.align	2
 258              	.L18:
 259 002c 00540040 		.word	1073763328
 260 0030 00100240 		.word	1073876992
 261 0034 000C0140 		.word	1073810432
 262              		.cfi_endproc
 263              	.LFE67:
 265              		.section	.text.HAL_TIM_Base_MspInit,"ax",%progbits
 266              		.align	1
 267              		.global	HAL_TIM_Base_MspInit
 268              		.syntax unified
 269              		.thumb
 270              		.thumb_func
 272              	HAL_TIM_Base_MspInit:
 273              	.LVL12:
 274              	.LFB68:
 150:Core/Src/stm32f1xx_hal_msp.c **** 
 151:Core/Src/stm32f1xx_hal_msp.c **** /**
 152:Core/Src/stm32f1xx_hal_msp.c **** * @brief TIM_Base MSP Initialization
 153:Core/Src/stm32f1xx_hal_msp.c **** * This function configures the hardware resources used in this example
 154:Core/Src/stm32f1xx_hal_msp.c **** * @param htim_base: TIM_Base handle pointer
 155:Core/Src/stm32f1xx_hal_msp.c **** * @retval None
 156:Core/Src/stm32f1xx_hal_msp.c **** */
 157:Core/Src/stm32f1xx_hal_msp.c **** void HAL_TIM_Base_MspInit(TIM_HandleTypeDef* htim_base)
 158:Core/Src/stm32f1xx_hal_msp.c **** {
 275              		.loc 1 158 1 is_stmt 1 view -0
 276              		.cfi_startproc
 277              		@ args = 0, pretend = 0, frame = 8
 278              		@ frame_needed = 0, uses_anonymous_args = 0
 159:Core/Src/stm32f1xx_hal_msp.c ****   if(htim_base->Instance==TIM2)
 279              		.loc 1 159 3 view .LVU60
 280              		.loc 1 159 15 is_stmt 0 view .LVU61
 281 0000 0368     		ldr	r3, [r0]
 282              		.loc 1 159 5 view .LVU62
 283 0002 B3F1804F 		cmp	r3, #1073741824
ARM GAS  C:\Users\crist\AppData\Local\Temp\ccjOFheM.s 			page 9


 284 0006 00D0     		beq	.L26
 285 0008 7047     		bx	lr
 286              	.L26:
 158:Core/Src/stm32f1xx_hal_msp.c ****   if(htim_base->Instance==TIM2)
 287              		.loc 1 158 1 view .LVU63
 288 000a 00B5     		push	{lr}
 289              	.LCFI7:
 290              		.cfi_def_cfa_offset 4
 291              		.cfi_offset 14, -4
 292 000c 83B0     		sub	sp, sp, #12
 293              	.LCFI8:
 294              		.cfi_def_cfa_offset 16
 160:Core/Src/stm32f1xx_hal_msp.c ****   {
 161:Core/Src/stm32f1xx_hal_msp.c ****   /* USER CODE BEGIN TIM2_MspInit 0 */
 162:Core/Src/stm32f1xx_hal_msp.c **** 
 163:Core/Src/stm32f1xx_hal_msp.c ****   /* USER CODE END TIM2_MspInit 0 */
 164:Core/Src/stm32f1xx_hal_msp.c ****     /* Peripheral clock enable */
 165:Core/Src/stm32f1xx_hal_msp.c ****     __HAL_RCC_TIM2_CLK_ENABLE();
 295              		.loc 1 165 5 is_stmt 1 view .LVU64
 296              	.LBB7:
 297              		.loc 1 165 5 view .LVU65
 298              		.loc 1 165 5 view .LVU66
 299 000e 03F50433 		add	r3, r3, #135168
 300 0012 DA69     		ldr	r2, [r3, #28]
 301 0014 42F00102 		orr	r2, r2, #1
 302 0018 DA61     		str	r2, [r3, #28]
 303              		.loc 1 165 5 view .LVU67
 304 001a DB69     		ldr	r3, [r3, #28]
 305 001c 03F00103 		and	r3, r3, #1
 306 0020 0193     		str	r3, [sp, #4]
 307              		.loc 1 165 5 view .LVU68
 308 0022 019B     		ldr	r3, [sp, #4]
 309              	.LBE7:
 310              		.loc 1 165 5 view .LVU69
 166:Core/Src/stm32f1xx_hal_msp.c ****     /* TIM2 interrupt Init */
 167:Core/Src/stm32f1xx_hal_msp.c ****     HAL_NVIC_SetPriority(TIM2_IRQn, 0, 0);
 311              		.loc 1 167 5 view .LVU70
 312 0024 0022     		movs	r2, #0
 313 0026 1146     		mov	r1, r2
 314 0028 1C20     		movs	r0, #28
 315              	.LVL13:
 316              		.loc 1 167 5 is_stmt 0 view .LVU71
 317 002a FFF7FEFF 		bl	HAL_NVIC_SetPriority
 318              	.LVL14:
 168:Core/Src/stm32f1xx_hal_msp.c ****     HAL_NVIC_EnableIRQ(TIM2_IRQn);
 319              		.loc 1 168 5 is_stmt 1 view .LVU72
 320 002e 1C20     		movs	r0, #28
 321 0030 FFF7FEFF 		bl	HAL_NVIC_EnableIRQ
 322              	.LVL15:
 169:Core/Src/stm32f1xx_hal_msp.c ****   /* USER CODE BEGIN TIM2_MspInit 1 */
 170:Core/Src/stm32f1xx_hal_msp.c **** 
 171:Core/Src/stm32f1xx_hal_msp.c ****   /* USER CODE END TIM2_MspInit 1 */
 172:Core/Src/stm32f1xx_hal_msp.c ****   }
 173:Core/Src/stm32f1xx_hal_msp.c **** 
 174:Core/Src/stm32f1xx_hal_msp.c **** }
 323              		.loc 1 174 1 is_stmt 0 view .LVU73
 324 0034 03B0     		add	sp, sp, #12
ARM GAS  C:\Users\crist\AppData\Local\Temp\ccjOFheM.s 			page 10


 325              	.LCFI9:
 326              		.cfi_def_cfa_offset 4
 327              		@ sp needed
 328 0036 00BD     		pop	{pc}
 329              		.cfi_endproc
 330              	.LFE68:
 332              		.section	.text.HAL_TIM_MspPostInit,"ax",%progbits
 333              		.align	1
 334              		.global	HAL_TIM_MspPostInit
 335              		.syntax unified
 336              		.thumb
 337              		.thumb_func
 339              	HAL_TIM_MspPostInit:
 340              	.LVL16:
 341              	.LFB69:
 175:Core/Src/stm32f1xx_hal_msp.c **** 
 176:Core/Src/stm32f1xx_hal_msp.c **** void HAL_TIM_MspPostInit(TIM_HandleTypeDef* htim)
 177:Core/Src/stm32f1xx_hal_msp.c **** {
 342              		.loc 1 177 1 is_stmt 1 view -0
 343              		.cfi_startproc
 344              		@ args = 0, pretend = 0, frame = 24
 345              		@ frame_needed = 0, uses_anonymous_args = 0
 346              		.loc 1 177 1 is_stmt 0 view .LVU75
 347 0000 00B5     		push	{lr}
 348              	.LCFI10:
 349              		.cfi_def_cfa_offset 4
 350              		.cfi_offset 14, -4
 351 0002 87B0     		sub	sp, sp, #28
 352              	.LCFI11:
 353              		.cfi_def_cfa_offset 32
 178:Core/Src/stm32f1xx_hal_msp.c ****   GPIO_InitTypeDef GPIO_InitStruct = {0};
 354              		.loc 1 178 3 is_stmt 1 view .LVU76
 355              		.loc 1 178 20 is_stmt 0 view .LVU77
 356 0004 0023     		movs	r3, #0
 357 0006 0293     		str	r3, [sp, #8]
 358 0008 0393     		str	r3, [sp, #12]
 359 000a 0493     		str	r3, [sp, #16]
 360 000c 0593     		str	r3, [sp, #20]
 179:Core/Src/stm32f1xx_hal_msp.c ****   if(htim->Instance==TIM2)
 361              		.loc 1 179 3 is_stmt 1 view .LVU78
 362              		.loc 1 179 10 is_stmt 0 view .LVU79
 363 000e 0368     		ldr	r3, [r0]
 364              		.loc 1 179 5 view .LVU80
 365 0010 B3F1804F 		cmp	r3, #1073741824
 366 0014 01D0     		beq	.L30
 367              	.LVL17:
 368              	.L27:
 180:Core/Src/stm32f1xx_hal_msp.c ****   {
 181:Core/Src/stm32f1xx_hal_msp.c ****   /* USER CODE BEGIN TIM2_MspPostInit 0 */
 182:Core/Src/stm32f1xx_hal_msp.c **** 
 183:Core/Src/stm32f1xx_hal_msp.c ****   /* USER CODE END TIM2_MspPostInit 0 */
 184:Core/Src/stm32f1xx_hal_msp.c **** 
 185:Core/Src/stm32f1xx_hal_msp.c ****     __HAL_RCC_GPIOA_CLK_ENABLE();
 186:Core/Src/stm32f1xx_hal_msp.c ****     /**TIM2 GPIO Configuration
 187:Core/Src/stm32f1xx_hal_msp.c ****     PA0-WKUP     ------> TIM2_CH1
 188:Core/Src/stm32f1xx_hal_msp.c ****     */
 189:Core/Src/stm32f1xx_hal_msp.c ****     GPIO_InitStruct.Pin = GPIO_PIN_0;
ARM GAS  C:\Users\crist\AppData\Local\Temp\ccjOFheM.s 			page 11


 190:Core/Src/stm32f1xx_hal_msp.c ****     GPIO_InitStruct.Mode = GPIO_MODE_AF_PP;
 191:Core/Src/stm32f1xx_hal_msp.c ****     GPIO_InitStruct.Speed = GPIO_SPEED_FREQ_LOW;
 192:Core/Src/stm32f1xx_hal_msp.c ****     HAL_GPIO_Init(GPIOA, &GPIO_InitStruct);
 193:Core/Src/stm32f1xx_hal_msp.c **** 
 194:Core/Src/stm32f1xx_hal_msp.c ****   /* USER CODE BEGIN TIM2_MspPostInit 1 */
 195:Core/Src/stm32f1xx_hal_msp.c **** 
 196:Core/Src/stm32f1xx_hal_msp.c ****   /* USER CODE END TIM2_MspPostInit 1 */
 197:Core/Src/stm32f1xx_hal_msp.c ****   }
 198:Core/Src/stm32f1xx_hal_msp.c **** 
 199:Core/Src/stm32f1xx_hal_msp.c **** }
 369              		.loc 1 199 1 view .LVU81
 370 0016 07B0     		add	sp, sp, #28
 371              	.LCFI12:
 372              		.cfi_remember_state
 373              		.cfi_def_cfa_offset 4
 374              		@ sp needed
 375 0018 00BD     		pop	{pc}
 376              	.LVL18:
 377              	.L30:
 378              	.LCFI13:
 379              		.cfi_restore_state
 185:Core/Src/stm32f1xx_hal_msp.c ****     /**TIM2 GPIO Configuration
 380              		.loc 1 185 5 is_stmt 1 view .LVU82
 381              	.LBB8:
 185:Core/Src/stm32f1xx_hal_msp.c ****     /**TIM2 GPIO Configuration
 382              		.loc 1 185 5 view .LVU83
 185:Core/Src/stm32f1xx_hal_msp.c ****     /**TIM2 GPIO Configuration
 383              		.loc 1 185 5 view .LVU84
 384 001a 03F50433 		add	r3, r3, #135168
 385 001e 9A69     		ldr	r2, [r3, #24]
 386 0020 42F00402 		orr	r2, r2, #4
 387 0024 9A61     		str	r2, [r3, #24]
 185:Core/Src/stm32f1xx_hal_msp.c ****     /**TIM2 GPIO Configuration
 388              		.loc 1 185 5 view .LVU85
 389 0026 9B69     		ldr	r3, [r3, #24]
 390 0028 03F00403 		and	r3, r3, #4
 391 002c 0193     		str	r3, [sp, #4]
 185:Core/Src/stm32f1xx_hal_msp.c ****     /**TIM2 GPIO Configuration
 392              		.loc 1 185 5 view .LVU86
 393 002e 019B     		ldr	r3, [sp, #4]
 394              	.LBE8:
 185:Core/Src/stm32f1xx_hal_msp.c ****     /**TIM2 GPIO Configuration
 395              		.loc 1 185 5 view .LVU87
 189:Core/Src/stm32f1xx_hal_msp.c ****     GPIO_InitStruct.Mode = GPIO_MODE_AF_PP;
 396              		.loc 1 189 5 view .LVU88
 189:Core/Src/stm32f1xx_hal_msp.c ****     GPIO_InitStruct.Mode = GPIO_MODE_AF_PP;
 397              		.loc 1 189 25 is_stmt 0 view .LVU89
 398 0030 0123     		movs	r3, #1
 399 0032 0293     		str	r3, [sp, #8]
 190:Core/Src/stm32f1xx_hal_msp.c ****     GPIO_InitStruct.Speed = GPIO_SPEED_FREQ_LOW;
 400              		.loc 1 190 5 is_stmt 1 view .LVU90
 190:Core/Src/stm32f1xx_hal_msp.c ****     GPIO_InitStruct.Speed = GPIO_SPEED_FREQ_LOW;
 401              		.loc 1 190 26 is_stmt 0 view .LVU91
 402 0034 0223     		movs	r3, #2
 403 0036 0393     		str	r3, [sp, #12]
 191:Core/Src/stm32f1xx_hal_msp.c ****     HAL_GPIO_Init(GPIOA, &GPIO_InitStruct);
 404              		.loc 1 191 5 is_stmt 1 view .LVU92
ARM GAS  C:\Users\crist\AppData\Local\Temp\ccjOFheM.s 			page 12


 191:Core/Src/stm32f1xx_hal_msp.c ****     HAL_GPIO_Init(GPIOA, &GPIO_InitStruct);
 405              		.loc 1 191 27 is_stmt 0 view .LVU93
 406 0038 0593     		str	r3, [sp, #20]
 192:Core/Src/stm32f1xx_hal_msp.c **** 
 407              		.loc 1 192 5 is_stmt 1 view .LVU94
 408 003a 02A9     		add	r1, sp, #8
 409 003c 0148     		ldr	r0, .L31
 410              	.LVL19:
 192:Core/Src/stm32f1xx_hal_msp.c **** 
 411              		.loc 1 192 5 is_stmt 0 view .LVU95
 412 003e FFF7FEFF 		bl	HAL_GPIO_Init
 413              	.LVL20:
 414              		.loc 1 199 1 view .LVU96
 415 0042 E8E7     		b	.L27
 416              	.L32:
 417              		.align	2
 418              	.L31:
 419 0044 00080140 		.word	1073809408
 420              		.cfi_endproc
 421              	.LFE69:
 423              		.section	.text.HAL_TIM_Base_MspDeInit,"ax",%progbits
 424              		.align	1
 425              		.global	HAL_TIM_Base_MspDeInit
 426              		.syntax unified
 427              		.thumb
 428              		.thumb_func
 430              	HAL_TIM_Base_MspDeInit:
 431              	.LVL21:
 432              	.LFB70:
 200:Core/Src/stm32f1xx_hal_msp.c **** /**
 201:Core/Src/stm32f1xx_hal_msp.c **** * @brief TIM_Base MSP De-Initialization
 202:Core/Src/stm32f1xx_hal_msp.c **** * This function freeze the hardware resources used in this example
 203:Core/Src/stm32f1xx_hal_msp.c **** * @param htim_base: TIM_Base handle pointer
 204:Core/Src/stm32f1xx_hal_msp.c **** * @retval None
 205:Core/Src/stm32f1xx_hal_msp.c **** */
 206:Core/Src/stm32f1xx_hal_msp.c **** void HAL_TIM_Base_MspDeInit(TIM_HandleTypeDef* htim_base)
 207:Core/Src/stm32f1xx_hal_msp.c **** {
 433              		.loc 1 207 1 is_stmt 1 view -0
 434              		.cfi_startproc
 435              		@ args = 0, pretend = 0, frame = 0
 436              		@ frame_needed = 0, uses_anonymous_args = 0
 437              		.loc 1 207 1 is_stmt 0 view .LVU98
 438 0000 08B5     		push	{r3, lr}
 439              	.LCFI14:
 440              		.cfi_def_cfa_offset 8
 441              		.cfi_offset 3, -8
 442              		.cfi_offset 14, -4
 208:Core/Src/stm32f1xx_hal_msp.c ****   if(htim_base->Instance==TIM2)
 443              		.loc 1 208 3 is_stmt 1 view .LVU99
 444              		.loc 1 208 15 is_stmt 0 view .LVU100
 445 0002 0368     		ldr	r3, [r0]
 446              		.loc 1 208 5 view .LVU101
 447 0004 B3F1804F 		cmp	r3, #1073741824
 448 0008 00D0     		beq	.L36
 449              	.LVL22:
 450              	.L33:
 209:Core/Src/stm32f1xx_hal_msp.c ****   {
ARM GAS  C:\Users\crist\AppData\Local\Temp\ccjOFheM.s 			page 13


 210:Core/Src/stm32f1xx_hal_msp.c ****   /* USER CODE BEGIN TIM2_MspDeInit 0 */
 211:Core/Src/stm32f1xx_hal_msp.c **** 
 212:Core/Src/stm32f1xx_hal_msp.c ****   /* USER CODE END TIM2_MspDeInit 0 */
 213:Core/Src/stm32f1xx_hal_msp.c ****     /* Peripheral clock disable */
 214:Core/Src/stm32f1xx_hal_msp.c ****     __HAL_RCC_TIM2_CLK_DISABLE();
 215:Core/Src/stm32f1xx_hal_msp.c **** 
 216:Core/Src/stm32f1xx_hal_msp.c ****     /* TIM2 interrupt DeInit */
 217:Core/Src/stm32f1xx_hal_msp.c ****     HAL_NVIC_DisableIRQ(TIM2_IRQn);
 218:Core/Src/stm32f1xx_hal_msp.c ****   /* USER CODE BEGIN TIM2_MspDeInit 1 */
 219:Core/Src/stm32f1xx_hal_msp.c **** 
 220:Core/Src/stm32f1xx_hal_msp.c ****   /* USER CODE END TIM2_MspDeInit 1 */
 221:Core/Src/stm32f1xx_hal_msp.c ****   }
 222:Core/Src/stm32f1xx_hal_msp.c **** 
 223:Core/Src/stm32f1xx_hal_msp.c **** }
 451              		.loc 1 223 1 view .LVU102
 452 000a 08BD     		pop	{r3, pc}
 453              	.LVL23:
 454              	.L36:
 214:Core/Src/stm32f1xx_hal_msp.c **** 
 455              		.loc 1 214 5 is_stmt 1 view .LVU103
 456 000c 044A     		ldr	r2, .L37
 457 000e D369     		ldr	r3, [r2, #28]
 458 0010 23F00103 		bic	r3, r3, #1
 459 0014 D361     		str	r3, [r2, #28]
 217:Core/Src/stm32f1xx_hal_msp.c ****   /* USER CODE BEGIN TIM2_MspDeInit 1 */
 460              		.loc 1 217 5 view .LVU104
 461 0016 1C20     		movs	r0, #28
 462              	.LVL24:
 217:Core/Src/stm32f1xx_hal_msp.c ****   /* USER CODE BEGIN TIM2_MspDeInit 1 */
 463              		.loc 1 217 5 is_stmt 0 view .LVU105
 464 0018 FFF7FEFF 		bl	HAL_NVIC_DisableIRQ
 465              	.LVL25:
 466              		.loc 1 223 1 view .LVU106
 467 001c F5E7     		b	.L33
 468              	.L38:
 469 001e 00BF     		.align	2
 470              	.L37:
 471 0020 00100240 		.word	1073876992
 472              		.cfi_endproc
 473              	.LFE70:
 475              		.section	.text.HAL_UART_MspInit,"ax",%progbits
 476              		.align	1
 477              		.global	HAL_UART_MspInit
 478              		.syntax unified
 479              		.thumb
 480              		.thumb_func
 482              	HAL_UART_MspInit:
 483              	.LVL26:
 484              	.LFB71:
 224:Core/Src/stm32f1xx_hal_msp.c **** 
 225:Core/Src/stm32f1xx_hal_msp.c **** /**
 226:Core/Src/stm32f1xx_hal_msp.c **** * @brief UART MSP Initialization
 227:Core/Src/stm32f1xx_hal_msp.c **** * This function configures the hardware resources used in this example
 228:Core/Src/stm32f1xx_hal_msp.c **** * @param huart: UART handle pointer
 229:Core/Src/stm32f1xx_hal_msp.c **** * @retval None
 230:Core/Src/stm32f1xx_hal_msp.c **** */
 231:Core/Src/stm32f1xx_hal_msp.c **** void HAL_UART_MspInit(UART_HandleTypeDef* huart)
ARM GAS  C:\Users\crist\AppData\Local\Temp\ccjOFheM.s 			page 14


 232:Core/Src/stm32f1xx_hal_msp.c **** {
 485              		.loc 1 232 1 is_stmt 1 view -0
 486              		.cfi_startproc
 487              		@ args = 0, pretend = 0, frame = 24
 488              		@ frame_needed = 0, uses_anonymous_args = 0
 489              		.loc 1 232 1 is_stmt 0 view .LVU108
 490 0000 70B5     		push	{r4, r5, r6, lr}
 491              	.LCFI15:
 492              		.cfi_def_cfa_offset 16
 493              		.cfi_offset 4, -16
 494              		.cfi_offset 5, -12
 495              		.cfi_offset 6, -8
 496              		.cfi_offset 14, -4
 497 0002 86B0     		sub	sp, sp, #24
 498              	.LCFI16:
 499              		.cfi_def_cfa_offset 40
 233:Core/Src/stm32f1xx_hal_msp.c ****   GPIO_InitTypeDef GPIO_InitStruct = {0};
 500              		.loc 1 233 3 is_stmt 1 view .LVU109
 501              		.loc 1 233 20 is_stmt 0 view .LVU110
 502 0004 0023     		movs	r3, #0
 503 0006 0293     		str	r3, [sp, #8]
 504 0008 0393     		str	r3, [sp, #12]
 505 000a 0493     		str	r3, [sp, #16]
 506 000c 0593     		str	r3, [sp, #20]
 234:Core/Src/stm32f1xx_hal_msp.c ****   if(huart->Instance==USART1)
 507              		.loc 1 234 3 is_stmt 1 view .LVU111
 508              		.loc 1 234 11 is_stmt 0 view .LVU112
 509 000e 0268     		ldr	r2, [r0]
 510              		.loc 1 234 5 view .LVU113
 511 0010 1C4B     		ldr	r3, .L43
 512 0012 9A42     		cmp	r2, r3
 513 0014 01D0     		beq	.L42
 514              	.LVL27:
 515              	.L39:
 235:Core/Src/stm32f1xx_hal_msp.c ****   {
 236:Core/Src/stm32f1xx_hal_msp.c ****   /* USER CODE BEGIN USART1_MspInit 0 */
 237:Core/Src/stm32f1xx_hal_msp.c **** 
 238:Core/Src/stm32f1xx_hal_msp.c ****   /* USER CODE END USART1_MspInit 0 */
 239:Core/Src/stm32f1xx_hal_msp.c ****     /* Peripheral clock enable */
 240:Core/Src/stm32f1xx_hal_msp.c ****     __HAL_RCC_USART1_CLK_ENABLE();
 241:Core/Src/stm32f1xx_hal_msp.c **** 
 242:Core/Src/stm32f1xx_hal_msp.c ****     __HAL_RCC_GPIOA_CLK_ENABLE();
 243:Core/Src/stm32f1xx_hal_msp.c ****     /**USART1 GPIO Configuration
 244:Core/Src/stm32f1xx_hal_msp.c ****     PA9     ------> USART1_TX
 245:Core/Src/stm32f1xx_hal_msp.c ****     PA10     ------> USART1_RX
 246:Core/Src/stm32f1xx_hal_msp.c ****     */
 247:Core/Src/stm32f1xx_hal_msp.c ****     GPIO_InitStruct.Pin = GPIO_PIN_9;
 248:Core/Src/stm32f1xx_hal_msp.c ****     GPIO_InitStruct.Mode = GPIO_MODE_AF_PP;
 249:Core/Src/stm32f1xx_hal_msp.c ****     GPIO_InitStruct.Speed = GPIO_SPEED_FREQ_HIGH;
 250:Core/Src/stm32f1xx_hal_msp.c ****     HAL_GPIO_Init(GPIOA, &GPIO_InitStruct);
 251:Core/Src/stm32f1xx_hal_msp.c **** 
 252:Core/Src/stm32f1xx_hal_msp.c ****     GPIO_InitStruct.Pin = GPIO_PIN_10;
 253:Core/Src/stm32f1xx_hal_msp.c ****     GPIO_InitStruct.Mode = GPIO_MODE_INPUT;
 254:Core/Src/stm32f1xx_hal_msp.c ****     GPIO_InitStruct.Pull = GPIO_NOPULL;
 255:Core/Src/stm32f1xx_hal_msp.c ****     HAL_GPIO_Init(GPIOA, &GPIO_InitStruct);
 256:Core/Src/stm32f1xx_hal_msp.c **** 
 257:Core/Src/stm32f1xx_hal_msp.c ****     /* USART1 interrupt Init */
ARM GAS  C:\Users\crist\AppData\Local\Temp\ccjOFheM.s 			page 15


 258:Core/Src/stm32f1xx_hal_msp.c ****     HAL_NVIC_SetPriority(USART1_IRQn, 0, 0);
 259:Core/Src/stm32f1xx_hal_msp.c ****     HAL_NVIC_EnableIRQ(USART1_IRQn);
 260:Core/Src/stm32f1xx_hal_msp.c ****   /* USER CODE BEGIN USART1_MspInit 1 */
 261:Core/Src/stm32f1xx_hal_msp.c **** 
 262:Core/Src/stm32f1xx_hal_msp.c ****   /* USER CODE END USART1_MspInit 1 */
 263:Core/Src/stm32f1xx_hal_msp.c ****   }
 264:Core/Src/stm32f1xx_hal_msp.c **** 
 265:Core/Src/stm32f1xx_hal_msp.c **** }
 516              		.loc 1 265 1 view .LVU114
 517 0016 06B0     		add	sp, sp, #24
 518              	.LCFI17:
 519              		.cfi_remember_state
 520              		.cfi_def_cfa_offset 16
 521              		@ sp needed
 522 0018 70BD     		pop	{r4, r5, r6, pc}
 523              	.LVL28:
 524              	.L42:
 525              	.LCFI18:
 526              		.cfi_restore_state
 240:Core/Src/stm32f1xx_hal_msp.c **** 
 527              		.loc 1 240 5 is_stmt 1 view .LVU115
 528              	.LBB9:
 240:Core/Src/stm32f1xx_hal_msp.c **** 
 529              		.loc 1 240 5 view .LVU116
 240:Core/Src/stm32f1xx_hal_msp.c **** 
 530              		.loc 1 240 5 view .LVU117
 531 001a 03F55843 		add	r3, r3, #55296
 532 001e 9A69     		ldr	r2, [r3, #24]
 533 0020 42F48042 		orr	r2, r2, #16384
 534 0024 9A61     		str	r2, [r3, #24]
 240:Core/Src/stm32f1xx_hal_msp.c **** 
 535              		.loc 1 240 5 view .LVU118
 536 0026 9A69     		ldr	r2, [r3, #24]
 537 0028 02F48042 		and	r2, r2, #16384
 538 002c 0092     		str	r2, [sp]
 240:Core/Src/stm32f1xx_hal_msp.c **** 
 539              		.loc 1 240 5 view .LVU119
 540 002e 009A     		ldr	r2, [sp]
 541              	.LBE9:
 240:Core/Src/stm32f1xx_hal_msp.c **** 
 542              		.loc 1 240 5 view .LVU120
 242:Core/Src/stm32f1xx_hal_msp.c ****     /**USART1 GPIO Configuration
 543              		.loc 1 242 5 view .LVU121
 544              	.LBB10:
 242:Core/Src/stm32f1xx_hal_msp.c ****     /**USART1 GPIO Configuration
 545              		.loc 1 242 5 view .LVU122
 242:Core/Src/stm32f1xx_hal_msp.c ****     /**USART1 GPIO Configuration
 546              		.loc 1 242 5 view .LVU123
 547 0030 9A69     		ldr	r2, [r3, #24]
 548 0032 42F00402 		orr	r2, r2, #4
 549 0036 9A61     		str	r2, [r3, #24]
 242:Core/Src/stm32f1xx_hal_msp.c ****     /**USART1 GPIO Configuration
 550              		.loc 1 242 5 view .LVU124
 551 0038 9B69     		ldr	r3, [r3, #24]
 552 003a 03F00403 		and	r3, r3, #4
 553 003e 0193     		str	r3, [sp, #4]
 242:Core/Src/stm32f1xx_hal_msp.c ****     /**USART1 GPIO Configuration
ARM GAS  C:\Users\crist\AppData\Local\Temp\ccjOFheM.s 			page 16


 554              		.loc 1 242 5 view .LVU125
 555 0040 019B     		ldr	r3, [sp, #4]
 556              	.LBE10:
 242:Core/Src/stm32f1xx_hal_msp.c ****     /**USART1 GPIO Configuration
 557              		.loc 1 242 5 view .LVU126
 247:Core/Src/stm32f1xx_hal_msp.c ****     GPIO_InitStruct.Mode = GPIO_MODE_AF_PP;
 558              		.loc 1 247 5 view .LVU127
 247:Core/Src/stm32f1xx_hal_msp.c ****     GPIO_InitStruct.Mode = GPIO_MODE_AF_PP;
 559              		.loc 1 247 25 is_stmt 0 view .LVU128
 560 0042 4FF40073 		mov	r3, #512
 561 0046 0293     		str	r3, [sp, #8]
 248:Core/Src/stm32f1xx_hal_msp.c ****     GPIO_InitStruct.Speed = GPIO_SPEED_FREQ_HIGH;
 562              		.loc 1 248 5 is_stmt 1 view .LVU129
 248:Core/Src/stm32f1xx_hal_msp.c ****     GPIO_InitStruct.Speed = GPIO_SPEED_FREQ_HIGH;
 563              		.loc 1 248 26 is_stmt 0 view .LVU130
 564 0048 0223     		movs	r3, #2
 565 004a 0393     		str	r3, [sp, #12]
 249:Core/Src/stm32f1xx_hal_msp.c ****     HAL_GPIO_Init(GPIOA, &GPIO_InitStruct);
 566              		.loc 1 249 5 is_stmt 1 view .LVU131
 249:Core/Src/stm32f1xx_hal_msp.c ****     HAL_GPIO_Init(GPIOA, &GPIO_InitStruct);
 567              		.loc 1 249 27 is_stmt 0 view .LVU132
 568 004c 0323     		movs	r3, #3
 569 004e 0593     		str	r3, [sp, #20]
 250:Core/Src/stm32f1xx_hal_msp.c **** 
 570              		.loc 1 250 5 is_stmt 1 view .LVU133
 571 0050 02AE     		add	r6, sp, #8
 572 0052 0D4D     		ldr	r5, .L43+4
 573 0054 3146     		mov	r1, r6
 574 0056 2846     		mov	r0, r5
 575              	.LVL29:
 250:Core/Src/stm32f1xx_hal_msp.c **** 
 576              		.loc 1 250 5 is_stmt 0 view .LVU134
 577 0058 FFF7FEFF 		bl	HAL_GPIO_Init
 578              	.LVL30:
 252:Core/Src/stm32f1xx_hal_msp.c ****     GPIO_InitStruct.Mode = GPIO_MODE_INPUT;
 579              		.loc 1 252 5 is_stmt 1 view .LVU135
 252:Core/Src/stm32f1xx_hal_msp.c ****     GPIO_InitStruct.Mode = GPIO_MODE_INPUT;
 580              		.loc 1 252 25 is_stmt 0 view .LVU136
 581 005c 4FF48063 		mov	r3, #1024
 582 0060 0293     		str	r3, [sp, #8]
 253:Core/Src/stm32f1xx_hal_msp.c ****     GPIO_InitStruct.Pull = GPIO_NOPULL;
 583              		.loc 1 253 5 is_stmt 1 view .LVU137
 253:Core/Src/stm32f1xx_hal_msp.c ****     GPIO_InitStruct.Pull = GPIO_NOPULL;
 584              		.loc 1 253 26 is_stmt 0 view .LVU138
 585 0062 0024     		movs	r4, #0
 586 0064 0394     		str	r4, [sp, #12]
 254:Core/Src/stm32f1xx_hal_msp.c ****     HAL_GPIO_Init(GPIOA, &GPIO_InitStruct);
 587              		.loc 1 254 5 is_stmt 1 view .LVU139
 254:Core/Src/stm32f1xx_hal_msp.c ****     HAL_GPIO_Init(GPIOA, &GPIO_InitStruct);
 588              		.loc 1 254 26 is_stmt 0 view .LVU140
 589 0066 0494     		str	r4, [sp, #16]
 255:Core/Src/stm32f1xx_hal_msp.c **** 
 590              		.loc 1 255 5 is_stmt 1 view .LVU141
 591 0068 3146     		mov	r1, r6
 592 006a 2846     		mov	r0, r5
 593 006c FFF7FEFF 		bl	HAL_GPIO_Init
 594              	.LVL31:
ARM GAS  C:\Users\crist\AppData\Local\Temp\ccjOFheM.s 			page 17


 258:Core/Src/stm32f1xx_hal_msp.c ****     HAL_NVIC_EnableIRQ(USART1_IRQn);
 595              		.loc 1 258 5 view .LVU142
 596 0070 2246     		mov	r2, r4
 597 0072 2146     		mov	r1, r4
 598 0074 2520     		movs	r0, #37
 599 0076 FFF7FEFF 		bl	HAL_NVIC_SetPriority
 600              	.LVL32:
 259:Core/Src/stm32f1xx_hal_msp.c ****   /* USER CODE BEGIN USART1_MspInit 1 */
 601              		.loc 1 259 5 view .LVU143
 602 007a 2520     		movs	r0, #37
 603 007c FFF7FEFF 		bl	HAL_NVIC_EnableIRQ
 604              	.LVL33:
 605              		.loc 1 265 1 is_stmt 0 view .LVU144
 606 0080 C9E7     		b	.L39
 607              	.L44:
 608 0082 00BF     		.align	2
 609              	.L43:
 610 0084 00380140 		.word	1073821696
 611 0088 00080140 		.word	1073809408
 612              		.cfi_endproc
 613              	.LFE71:
 615              		.section	.text.HAL_UART_MspDeInit,"ax",%progbits
 616              		.align	1
 617              		.global	HAL_UART_MspDeInit
 618              		.syntax unified
 619              		.thumb
 620              		.thumb_func
 622              	HAL_UART_MspDeInit:
 623              	.LVL34:
 624              	.LFB72:
 266:Core/Src/stm32f1xx_hal_msp.c **** 
 267:Core/Src/stm32f1xx_hal_msp.c **** /**
 268:Core/Src/stm32f1xx_hal_msp.c **** * @brief UART MSP De-Initialization
 269:Core/Src/stm32f1xx_hal_msp.c **** * This function freeze the hardware resources used in this example
 270:Core/Src/stm32f1xx_hal_msp.c **** * @param huart: UART handle pointer
 271:Core/Src/stm32f1xx_hal_msp.c **** * @retval None
 272:Core/Src/stm32f1xx_hal_msp.c **** */
 273:Core/Src/stm32f1xx_hal_msp.c **** void HAL_UART_MspDeInit(UART_HandleTypeDef* huart)
 274:Core/Src/stm32f1xx_hal_msp.c **** {
 625              		.loc 1 274 1 is_stmt 1 view -0
 626              		.cfi_startproc
 627              		@ args = 0, pretend = 0, frame = 0
 628              		@ frame_needed = 0, uses_anonymous_args = 0
 629              		.loc 1 274 1 is_stmt 0 view .LVU146
 630 0000 08B5     		push	{r3, lr}
 631              	.LCFI19:
 632              		.cfi_def_cfa_offset 8
 633              		.cfi_offset 3, -8
 634              		.cfi_offset 14, -4
 275:Core/Src/stm32f1xx_hal_msp.c ****   if(huart->Instance==USART1)
 635              		.loc 1 275 3 is_stmt 1 view .LVU147
 636              		.loc 1 275 11 is_stmt 0 view .LVU148
 637 0002 0268     		ldr	r2, [r0]
 638              		.loc 1 275 5 view .LVU149
 639 0004 084B     		ldr	r3, .L49
 640 0006 9A42     		cmp	r2, r3
 641 0008 00D0     		beq	.L48
ARM GAS  C:\Users\crist\AppData\Local\Temp\ccjOFheM.s 			page 18


 642              	.LVL35:
 643              	.L45:
 276:Core/Src/stm32f1xx_hal_msp.c ****   {
 277:Core/Src/stm32f1xx_hal_msp.c ****   /* USER CODE BEGIN USART1_MspDeInit 0 */
 278:Core/Src/stm32f1xx_hal_msp.c **** 
 279:Core/Src/stm32f1xx_hal_msp.c ****   /* USER CODE END USART1_MspDeInit 0 */
 280:Core/Src/stm32f1xx_hal_msp.c ****     /* Peripheral clock disable */
 281:Core/Src/stm32f1xx_hal_msp.c ****     __HAL_RCC_USART1_CLK_DISABLE();
 282:Core/Src/stm32f1xx_hal_msp.c **** 
 283:Core/Src/stm32f1xx_hal_msp.c ****     /**USART1 GPIO Configuration
 284:Core/Src/stm32f1xx_hal_msp.c ****     PA9     ------> USART1_TX
 285:Core/Src/stm32f1xx_hal_msp.c ****     PA10     ------> USART1_RX
 286:Core/Src/stm32f1xx_hal_msp.c ****     */
 287:Core/Src/stm32f1xx_hal_msp.c ****     HAL_GPIO_DeInit(GPIOA, GPIO_PIN_9|GPIO_PIN_10);
 288:Core/Src/stm32f1xx_hal_msp.c **** 
 289:Core/Src/stm32f1xx_hal_msp.c ****     /* USART1 interrupt DeInit */
 290:Core/Src/stm32f1xx_hal_msp.c ****     HAL_NVIC_DisableIRQ(USART1_IRQn);
 291:Core/Src/stm32f1xx_hal_msp.c ****   /* USER CODE BEGIN USART1_MspDeInit 1 */
 292:Core/Src/stm32f1xx_hal_msp.c **** 
 293:Core/Src/stm32f1xx_hal_msp.c ****   /* USER CODE END USART1_MspDeInit 1 */
 294:Core/Src/stm32f1xx_hal_msp.c ****   }
 295:Core/Src/stm32f1xx_hal_msp.c **** 
 296:Core/Src/stm32f1xx_hal_msp.c **** }
 644              		.loc 1 296 1 view .LVU150
 645 000a 08BD     		pop	{r3, pc}
 646              	.LVL36:
 647              	.L48:
 281:Core/Src/stm32f1xx_hal_msp.c **** 
 648              		.loc 1 281 5 is_stmt 1 view .LVU151
 649 000c 074A     		ldr	r2, .L49+4
 650 000e 9369     		ldr	r3, [r2, #24]
 651 0010 23F48043 		bic	r3, r3, #16384
 652 0014 9361     		str	r3, [r2, #24]
 287:Core/Src/stm32f1xx_hal_msp.c **** 
 653              		.loc 1 287 5 view .LVU152
 654 0016 4FF4C061 		mov	r1, #1536
 655 001a 0548     		ldr	r0, .L49+8
 656              	.LVL37:
 287:Core/Src/stm32f1xx_hal_msp.c **** 
 657              		.loc 1 287 5 is_stmt 0 view .LVU153
 658 001c FFF7FEFF 		bl	HAL_GPIO_DeInit
 659              	.LVL38:
 290:Core/Src/stm32f1xx_hal_msp.c ****   /* USER CODE BEGIN USART1_MspDeInit 1 */
 660              		.loc 1 290 5 is_stmt 1 view .LVU154
 661 0020 2520     		movs	r0, #37
 662 0022 FFF7FEFF 		bl	HAL_NVIC_DisableIRQ
 663              	.LVL39:
 664              		.loc 1 296 1 is_stmt 0 view .LVU155
 665 0026 F0E7     		b	.L45
 666              	.L50:
 667              		.align	2
 668              	.L49:
 669 0028 00380140 		.word	1073821696
 670 002c 00100240 		.word	1073876992
 671 0030 00080140 		.word	1073809408
 672              		.cfi_endproc
 673              	.LFE72:
ARM GAS  C:\Users\crist\AppData\Local\Temp\ccjOFheM.s 			page 19


 675              		.text
 676              	.Letext0:
 677              		.file 2 "Drivers/CMSIS/Device/ST/STM32F1xx/Include/stm32f103xb.h"
 678              		.file 3 "C:\\ST\\STM32CubeCLT_1.21.0\\GNU-tools-for-STM32\\bin\\../lib/gcc/arm-none-eabi/14.3.1/..
 679              		.file 4 "C:\\ST\\STM32CubeCLT_1.21.0\\GNU-tools-for-STM32\\bin\\../lib/gcc/arm-none-eabi/14.3.1/..
 680              		.file 5 "Drivers/STM32F1xx_HAL_Driver/Inc/stm32f1xx_hal_def.h"
 681              		.file 6 "Drivers/STM32F1xx_HAL_Driver/Inc/stm32f1xx_hal_gpio.h"
 682              		.file 7 "Drivers/STM32F1xx_HAL_Driver/Inc/stm32f1xx_hal_dma.h"
 683              		.file 8 "Drivers/STM32F1xx_HAL_Driver/Inc/stm32f1xx_hal_i2c.h"
 684              		.file 9 "Drivers/STM32F1xx_HAL_Driver/Inc/stm32f1xx_hal_tim.h"
 685              		.file 10 "Drivers/STM32F1xx_HAL_Driver/Inc/stm32f1xx_hal_uart.h"
 686              		.file 11 "Drivers/STM32F1xx_HAL_Driver/Inc/stm32f1xx_hal_cortex.h"
ARM GAS  C:\Users\crist\AppData\Local\Temp\ccjOFheM.s 			page 20


DEFINED SYMBOLS
                            *ABS*:00000000 stm32f1xx_hal_msp.c
C:\Users\crist\AppData\Local\Temp\ccjOFheM.s:19     .text.HAL_MspInit:00000000 $t
C:\Users\crist\AppData\Local\Temp\ccjOFheM.s:25     .text.HAL_MspInit:00000000 HAL_MspInit
C:\Users\crist\AppData\Local\Temp\ccjOFheM.s:91     .text.HAL_MspInit:0000003c $d
C:\Users\crist\AppData\Local\Temp\ccjOFheM.s:97     .text.HAL_I2C_MspInit:00000000 $t
C:\Users\crist\AppData\Local\Temp\ccjOFheM.s:103    .text.HAL_I2C_MspInit:00000000 HAL_I2C_MspInit
C:\Users\crist\AppData\Local\Temp\ccjOFheM.s:201    .text.HAL_I2C_MspInit:00000058 $d
C:\Users\crist\AppData\Local\Temp\ccjOFheM.s:208    .text.HAL_I2C_MspDeInit:00000000 $t
C:\Users\crist\AppData\Local\Temp\ccjOFheM.s:214    .text.HAL_I2C_MspDeInit:00000000 HAL_I2C_MspDeInit
C:\Users\crist\AppData\Local\Temp\ccjOFheM.s:259    .text.HAL_I2C_MspDeInit:0000002c $d
C:\Users\crist\AppData\Local\Temp\ccjOFheM.s:266    .text.HAL_TIM_Base_MspInit:00000000 $t
C:\Users\crist\AppData\Local\Temp\ccjOFheM.s:272    .text.HAL_TIM_Base_MspInit:00000000 HAL_TIM_Base_MspInit
C:\Users\crist\AppData\Local\Temp\ccjOFheM.s:333    .text.HAL_TIM_MspPostInit:00000000 $t
C:\Users\crist\AppData\Local\Temp\ccjOFheM.s:339    .text.HAL_TIM_MspPostInit:00000000 HAL_TIM_MspPostInit
C:\Users\crist\AppData\Local\Temp\ccjOFheM.s:419    .text.HAL_TIM_MspPostInit:00000044 $d
C:\Users\crist\AppData\Local\Temp\ccjOFheM.s:424    .text.HAL_TIM_Base_MspDeInit:00000000 $t
C:\Users\crist\AppData\Local\Temp\ccjOFheM.s:430    .text.HAL_TIM_Base_MspDeInit:00000000 HAL_TIM_Base_MspDeInit
C:\Users\crist\AppData\Local\Temp\ccjOFheM.s:471    .text.HAL_TIM_Base_MspDeInit:00000020 $d
C:\Users\crist\AppData\Local\Temp\ccjOFheM.s:476    .text.HAL_UART_MspInit:00000000 $t
C:\Users\crist\AppData\Local\Temp\ccjOFheM.s:482    .text.HAL_UART_MspInit:00000000 HAL_UART_MspInit
C:\Users\crist\AppData\Local\Temp\ccjOFheM.s:610    .text.HAL_UART_MspInit:00000084 $d
C:\Users\crist\AppData\Local\Temp\ccjOFheM.s:616    .text.HAL_UART_MspDeInit:00000000 $t
C:\Users\crist\AppData\Local\Temp\ccjOFheM.s:622    .text.HAL_UART_MspDeInit:00000000 HAL_UART_MspDeInit
C:\Users\crist\AppData\Local\Temp\ccjOFheM.s:669    .text.HAL_UART_MspDeInit:00000028 $d

UNDEFINED SYMBOLS
HAL_GPIO_Init
HAL_GPIO_DeInit
HAL_NVIC_SetPriority
HAL_NVIC_EnableIRQ
HAL_NVIC_DisableIRQ
