Archive member included to satisfy reference by file (symbol)

C:/ST/STM32CubeCLT_1.21.0/GNU-tools-for-STM32/bin/../lib/gcc/arm-none-eabi/14.3.1/../../../../arm-none-eabi/lib/thumb/v7-m/nofp\libc_nano.a(libc_a-exit.o)
                              C:/ST/STM32CubeCLT_1.21.0/GNU-tools-for-STM32/bin/../lib/gcc/arm-none-eabi/14.3.1/../../../../arm-none-eabi/lib/thumb/v7-m/nofp/crt0.o (exit)
C:/ST/STM32CubeCLT_1.21.0/GNU-tools-for-STM32/bin/../lib/gcc/arm-none-eabi/14.3.1/../../../../arm-none-eabi/lib/thumb/v7-m/nofp\libc_nano.a(libc_a-rand.o)
                              build/tetris.o (srand)
C:/ST/STM32CubeCLT_1.21.0/GNU-tools-for-STM32/bin/../lib/gcc/arm-none-eabi/14.3.1/../../../../arm-none-eabi/lib/thumb/v7-m/nofp\libc_nano.a(libc_a-findfp.o)
                              C:/ST/STM32CubeCLT_1.21.0/GNU-tools-for-STM32/bin/../lib/gcc/arm-none-eabi/14.3.1/../../../../arm-none-eabi/lib/thumb/v7-m/nofp\libc_nano.a(libc_a-exit.o) (__stdio_exit_handler)
C:/ST/STM32CubeCLT_1.21.0/GNU-tools-for-STM32/bin/../lib/gcc/arm-none-eabi/14.3.1/../../../../arm-none-eabi/lib/thumb/v7-m/nofp\libc_nano.a(libc_a-fwalk.o)
                              C:/ST/STM32CubeCLT_1.21.0/GNU-tools-for-STM32/bin/../lib/gcc/arm-none-eabi/14.3.1/../../../../arm-none-eabi/lib/thumb/v7-m/nofp\libc_nano.a(libc_a-findfp.o) (_fwalk_sglue)
C:/ST/STM32CubeCLT_1.21.0/GNU-tools-for-STM32/bin/../lib/gcc/arm-none-eabi/14.3.1/../../../../arm-none-eabi/lib/thumb/v7-m/nofp\libc_nano.a(libc_a-snprintf.o)
                              build/tetris.o (snprintf)
C:/ST/STM32CubeCLT_1.21.0/GNU-tools-for-STM32/bin/../lib/gcc/arm-none-eabi/14.3.1/../../../../arm-none-eabi/lib/thumb/v7-m/nofp\libc_nano.a(libc_a-stdio.o)
                              C:/ST/STM32CubeCLT_1.21.0/GNU-tools-for-STM32/bin/../lib/gcc/arm-none-eabi/14.3.1/../../../../arm-none-eabi/lib/thumb/v7-m/nofp\libc_nano.a(libc_a-findfp.o) (__sread)
C:/ST/STM32CubeCLT_1.21.0/GNU-tools-for-STM32/bin/../lib/gcc/arm-none-eabi/14.3.1/../../../../arm-none-eabi/lib/thumb/v7-m/nofp\libc_nano.a(libc_a-memset.o)
                              C:/ST/STM32CubeCLT_1.21.0/GNU-tools-for-STM32/bin/../lib/gcc/arm-none-eabi/14.3.1/../../../../arm-none-eabi/lib/thumb/v7-m/nofp/crt0.o (memset)
C:/ST/STM32CubeCLT_1.21.0/GNU-tools-for-STM32/bin/../lib/gcc/arm-none-eabi/14.3.1/../../../../arm-none-eabi/lib/thumb/v7-m/nofp\libc_nano.a(libc_a-closer.o)
                              C:/ST/STM32CubeCLT_1.21.0/GNU-tools-for-STM32/bin/../lib/gcc/arm-none-eabi/14.3.1/../../../../arm-none-eabi/lib/thumb/v7-m/nofp\libc_nano.a(libc_a-stdio.o) (_close_r)
C:/ST/STM32CubeCLT_1.21.0/GNU-tools-for-STM32/bin/../lib/gcc/arm-none-eabi/14.3.1/../../../../arm-none-eabi/lib/thumb/v7-m/nofp\libc_nano.a(libc_a-reent.o)
                              C:/ST/STM32CubeCLT_1.21.0/GNU-tools-for-STM32/bin/../lib/gcc/arm-none-eabi/14.3.1/../../../../arm-none-eabi/lib/thumb/v7-m/nofp\libc_nano.a(libc_a-closer.o) (errno)
C:/ST/STM32CubeCLT_1.21.0/GNU-tools-for-STM32/bin/../lib/gcc/arm-none-eabi/14.3.1/../../../../arm-none-eabi/lib/thumb/v7-m/nofp\libc_nano.a(libc_a-impure.o)
                              C:/ST/STM32CubeCLT_1.21.0/GNU-tools-for-STM32/bin/../lib/gcc/arm-none-eabi/14.3.1/../../../../arm-none-eabi/lib/thumb/v7-m/nofp\libc_nano.a(libc_a-rand.o) (_impure_ptr)
C:/ST/STM32CubeCLT_1.21.0/GNU-tools-for-STM32/bin/../lib/gcc/arm-none-eabi/14.3.1/../../../../arm-none-eabi/lib/thumb/v7-m/nofp\libc_nano.a(libc_a-lseekr.o)
                              C:/ST/STM32CubeCLT_1.21.0/GNU-tools-for-STM32/bin/../lib/gcc/arm-none-eabi/14.3.1/../../../../arm-none-eabi/lib/thumb/v7-m/nofp\libc_nano.a(libc_a-stdio.o) (_lseek_r)
C:/ST/STM32CubeCLT_1.21.0/GNU-tools-for-STM32/bin/../lib/gcc/arm-none-eabi/14.3.1/../../../../arm-none-eabi/lib/thumb/v7-m/nofp\libc_nano.a(libc_a-readr.o)
                              C:/ST/STM32CubeCLT_1.21.0/GNU-tools-for-STM32/bin/../lib/gcc/arm-none-eabi/14.3.1/../../../../arm-none-eabi/lib/thumb/v7-m/nofp\libc_nano.a(libc_a-stdio.o) (_read_r)
C:/ST/STM32CubeCLT_1.21.0/GNU-tools-for-STM32/bin/../lib/gcc/arm-none-eabi/14.3.1/../../../../arm-none-eabi/lib/thumb/v7-m/nofp\libc_nano.a(libc_a-writer.o)
                              C:/ST/STM32CubeCLT_1.21.0/GNU-tools-for-STM32/bin/../lib/gcc/arm-none-eabi/14.3.1/../../../../arm-none-eabi/lib/thumb/v7-m/nofp\libc_nano.a(libc_a-stdio.o) (_write_r)
C:/ST/STM32CubeCLT_1.21.0/GNU-tools-for-STM32/bin/../lib/gcc/arm-none-eabi/14.3.1/../../../../arm-none-eabi/lib/thumb/v7-m/nofp\libc_nano.a(libc_a-errno.o)
                              build/sysmem.o (__errno)
C:/ST/STM32CubeCLT_1.21.0/GNU-tools-for-STM32/bin/../lib/gcc/arm-none-eabi/14.3.1/../../../../arm-none-eabi/lib/thumb/v7-m/nofp\libc_nano.a(libc_a-init.o)
                              C:/ST/STM32CubeCLT_1.21.0/GNU-tools-for-STM32/bin/../lib/gcc/arm-none-eabi/14.3.1/../../../../arm-none-eabi/lib/thumb/v7-m/nofp/crt0.o (__libc_init_array)
[...]
Memory Configuration

Name             Origin             Length             Attributes
RAM              0x20000000         0x00005000         xrw
FLASH            0x08000000         0x00020000         xr
*default*        0x00000000         0xffffffff

Linker script and memory map

LOAD C:/ST/STM32CubeCLT_1.21.0/GNU-tools-for-STM32/bin/../lib/gcc/arm-none-eabi/14.3.1/thumb/v7-m/nofp/crti.o
LOAD C:/ST/STM32CubeCLT_1.21.0/GNU-tools-for-STM32/bin/../lib/gcc/arm-none-eabi/14.3.1/thumb/v7-m/nofp/crtbegin.o
LOAD C:/ST/STM32CubeCLT_1.21.0/GNU-tools-for-STM32/bin/../lib/gcc/arm-none-eabi/14.3.1/../../../../arm-none-eabi/lib/thumb/v7-m/nofp/crt0.o
LOAD build/main.o
LOAD build/stm32f1xx_it.o
LOAD build/stm32f1xx_hal_msp.o
LOAD build/stm32f1xx_hal_gpio_ex.o
LOAD build/stm32f1xx_hal_tim.o
LOAD build/stm32f1xx_hal_tim_ex.o
LOAD build/stm32f1xx_hal_pcd.o
LOAD build/stm32f1xx_hal_pcd_ex.o
LOAD build/stm32f1xx_ll_usb.o
LOAD build/stm32f1xx_hal.o
LOAD build/stm32f1xx_hal_rcc.o
LOAD build/stm32f1xx_hal_rcc_ex.o
LOAD build/stm32f1xx_hal_gpio.o
LOAD build/stm32f1xx_hal_dma.o
LOAD build/stm32f1xx_hal_cortex.o
LOAD build/stm32f1xx_hal_pwr.o
LOAD build/stm32f1xx_hal_flash.o
LOAD build/stm32f1xx_hal_flash_ex.o
LOAD build/stm32f1xx_hal_exti.o
LOAD build/system_stm32f1xx.o
LOAD build/usb_device.o
LOAD build/usbd_desc.o
LOAD build/usbd_cdc_if.o
LOAD build/usbd_conf.o
LOAD build/stm32f1xx_hal_uart.o
LOAD build/usbd_core.o
LOAD build/usbd_ctlreq.o
LOAD build/usbd_ioreq.o
LOAD build/usbd_cdc.o
LOAD build/sysmem.o
LOAD build/syscalls.o
LOAD build/buttons.o
LOAD build/tetris.o
LOAD build/i2c-lcd.o
LOAD build/stm32f1xx_hal_i2c.o
LOAD build/startup_stm32f103xb.o
LOAD C:/ST/STM32CubeCLT_1.21.0/GNU-tools-for-STM32/bin/../lib/gcc/arm-none-eabi/14.3.1/../../../../arm-none-eabi/lib/thumb/v7-m/nofp\libc_nano.a
LOAD C:/ST/STM32CubeCLT_1.21.0/GNU-tools-for-STM32/bin/../lib/gcc/arm-none-eabi/14.3.1/../../../../arm-none-eabi/lib/thumb/v7-m/nofp\libm.a
LOAD C:/ST/STM32CubeCLT_1.21.0/GNU-tools-for-STM32/bin/../lib/gcc/arm-none-eabi/14.3.1/../../../../arm-none-eabi/lib/thumb/v7-m/nofp\libnosys.a
START GROUP
LOAD C:/ST/STM32CubeCLT_1.21.0/GNU-tools-for-STM32/bin/../lib/gcc/arm-none-eabi/14.3.1/thumb/v7-m/nofp\libgcc.a
LOAD C:/ST/STM32CubeCLT_1.21.0/GNU-tools-for-STM32/bin/../lib/gcc/arm-none-eabi/14.3.1/../../../../arm-none-eabi/lib/thumb/v7-m/nofp\libc_nano.a
END GROUP
START GROUP
LOAD C:/ST/STM32CubeCLT_1.21.0/GNU-tools-for-STM32/bin/../lib/gcc/arm-none-eabi/14.3.1/thumb/v7-m/nofp\libgcc.a
LOAD C:/ST/STM32CubeCLT_1.21.0/GNU-tools-for-STM32/bin/../lib/gcc/arm-none-eabi/14.3.1/../../../../arm-none-eabi/lib/thumb/v7-m/nofp\libc_nano.a
END GROUP
LOAD C:/ST/STM32CubeCLT_1.21.0/GNU-tools-for-STM32/bin/../lib/gcc/arm-none-eabi/14.3.1/thumb/v7-m/nofp/crtend.o
LOAD C:/ST/STM32CubeCLT_1.21.0/GNU-tools-for-STM32/bin/../lib/gcc/arm-none-eabi/14.3.1/thumb/v7-m/nofp/crtn.o
                0x20005000                        _estack = (ORIGIN (RAM) + LENGTH (RAM))
                0x20004c00                        _sstack = (_estack - _Min_Stack_Size)
                0x00000200                        _Min_Heap_Size = 0x200
                0x00000400                        _Min_Stack_Size = 0x400

.isr_vector     0x08000000      0x10c
                0x08000000                        . = ALIGN (0x4)
 *(.isr_vector)
 .isr_vector    0x08000000      0x10c build/startup_stm32f103xb.o
                0x08000000                g_pfnVectors
                0x0800010c                        . = ALIGN (0x4)

.text           0x0800010c     0x6d98
                0x0800010c                        . = ALIGN (0x4)
 *(.text)
 .text          0x0800010c       0x40 C:/ST/STM32CubeCLT_1.21.0/GNU-tools-for-STM32/bin/../lib/gcc/arm-none-eabi/14.3.1/thumb/v7-m/nofp/crtbegin.o
 .text          0x0800014c       0x10 C:/ST/STM32CubeCLT_1.21.0/GNU-tools-for-STM32/bin/../lib/gcc/arm-none-eabi/14.3.1/../../../../arm-none-eabi/lib/thumb/v7-m/nofp\libc_nano.a(libc_a-strlen.o)
                0x0800014c                strlen
 *(.text*)
 .text.Command_From_UART
                0x0800015c       0x82 build/main.o
 *fill*         0x080001de        0x2 
 .text.Pop_UART_Command
                0x080001e0       0x14 build/main.o
 .text.Apply_Command
                0x080001f4       0x34 build/main.o
 .text.MX_GPIO_Init
                0x08000228       0xe4 build/main.o
 .text.Read_Inputs
                0x0800030c       0x2c build/main.o
 .text.load_custom_chars
                0x08000338       0x88 build/main.o
                0x08000338                load_custom_chars
 .text.HAL_UART_RxCpltCallback
                0x080003c0       0x38 build/main.o
                0x080003c0                HAL_UART_RxCpltCallback
 .text.Error_Handler
                0x080003f8        0x4 build/main.o
                0x080003f8                Error_Handler
 .text.MX_USART1_UART_Init
                0x080003fc       0x34 build/main.o
 .text.MX_I2C1_Init
                0x08000430       0x38 build/main.o
 .text.MX_TIM2_Init
                0x08000468       0x9c build/main.o
 .text.SystemClock_Config
                0x08000504       0x80 build/main.o
                0x08000504                SystemClock_Config
 .text.main     0x08000584       0xe0 build/main.o
                0x08000584                main
 .text.NMI_Handler
                0x08000664        0x2 build/stm32f1xx_it.o
                0x08000664                NMI_Handler
 .text.HardFault_Handler
                0x08000666        0x2 build/stm32f1xx_it.o
                0x08000666                HardFault_Handler
 .text.MemManage_Handler
                0x08000668        0x2 build/stm32f1xx_it.o
                0x08000668                MemManage_Handler
 .text.BusFault_Handler
                0x0800066a        0x2 build/stm32f1xx_it.o
                0x0800066a                BusFault_Handler
 .text.UsageFault_Handler
                0x0800066c        0x2 build/stm32f1xx_it.o
                0x0800066c                UsageFault_Handler
 .text.SVC_Handler
                0x0800066e        0x2 build/stm32f1xx_it.o
                0x0800066e                SVC_Handler
 .text.DebugMon_Handler
                0x08000670        0x2 build/stm32f1xx_it.o
                0x08000670                DebugMon_Handler
 .text.PendSV_Handler
                0x08000672        0x2 build/stm32f1xx_it.o
                0x08000672                PendSV_Handler
 .text.SysTick_Handler
                0x08000674        0x8 build/stm32f1xx_it.o
                0x08000674                SysTick_Handler
 .text.USB_LP_CAN1_RX0_IRQHandler
                0x0800067c       0x10 build/stm32f1xx_it.o
                0x0800067c                USB_LP_CAN1_RX0_IRQHandler
 .text.TIM2_IRQHandler
                0x0800068c       0x10 build/stm32f1xx_it.o
                0x0800068c                TIM2_IRQHandler
 .text.USART1_IRQHandler
                0x0800069c       0x10 build/stm32f1xx_it.o
                0x0800069c                USART1_IRQHandler
 .text.HAL_MspInit
                0x080006ac       0x44 build/stm32f1xx_hal_msp.o
                0x080006ac                HAL_MspInit
 .text.HAL_I2C_MspInit
                0x080006f0       0x64 build/stm32f1xx_hal_msp.o
                0x080006f0                HAL_I2C_MspInit
 .text.HAL_TIM_Base_MspInit
                0x08000754       0x38 build/stm32f1xx_hal_msp.o
                0x08000754                HAL_TIM_Base_MspInit
 .text.HAL_TIM_MspPostInit
                0x0800078c       0x48 build/stm32f1xx_hal_msp.o
                0x0800078c                HAL_TIM_MspPostInit
 .text.HAL_UART_MspInit
                0x080007d4       0x8c build/stm32f1xx_hal_msp.o
                0x080007d4                HAL_UART_MspInit
 .text.TIM_OC1_SetConfig
                0x08000860       0x54 build/stm32f1xx_hal_tim.o
 .text.TIM_OC3_SetConfig
                0x080008b4       0x5c build/stm32f1xx_hal_tim.o
 .text.TIM_OC4_SetConfig
                0x08000910       0x48 build/stm32f1xx_hal_tim.o
 .text.TIM_TI1_ConfigInputStage
                0x08000958       0x24 build/stm32f1xx_hal_tim.o
 .text.TIM_TI2_ConfigInputStage
                0x0800097c       0x26 build/stm32f1xx_hal_tim.o
 .text.TIM_ITRx_SetConfig
                0x080009a2       0x10 build/stm32f1xx_hal_tim.o
 .text.HAL_TIM_OC_MspInit
                0x080009b2        0x2 build/stm32f1xx_hal_tim.o
                0x080009b2                HAL_TIM_OC_MspInit
 .text.HAL_TIM_PeriodElapsedCallback
                0x080009b4        0x2 build/stm32f1xx_hal_tim.o
                0x080009b4                HAL_TIM_PeriodElapsedCallback
 .text.HAL_TIM_OC_DelayElapsedCallback
                0x080009b6        0x2 build/stm32f1xx_hal_tim.o
                0x080009b6                HAL_TIM_OC_DelayElapsedCallback
 .text.HAL_TIM_IC_CaptureCallback
                0x080009b8        0x2 build/stm32f1xx_hal_tim.o
                0x080009b8                HAL_TIM_IC_CaptureCallback
 .text.HAL_TIM_PWM_PulseFinishedCallback
                0x080009ba        0x2 build/stm32f1xx_hal_tim.o
                0x080009ba                HAL_TIM_PWM_PulseFinishedCallback
 .text.HAL_TIM_TriggerCallback
                0x080009bc        0x2 build/stm32f1xx_hal_tim.o
                0x080009bc                HAL_TIM_TriggerCallback
 .text.HAL_TIM_IRQHandler
                0x080009be      0x17a build/stm32f1xx_hal_tim.o
                0x080009be                HAL_TIM_IRQHandler
 .text.TIM_Base_SetConfig
                0x08000b38       0x74 build/stm32f1xx_hal_tim.o
                0x08000b38                TIM_Base_SetConfig
 .text.HAL_TIM_Base_Init
                0x08000bac       0x58 build/stm32f1xx_hal_tim.o
                0x08000bac                HAL_TIM_Base_Init
 .text.HAL_TIM_OC_Init
                0x08000c04       0x58 build/stm32f1xx_hal_tim.o
                0x08000c04                HAL_TIM_OC_Init
 .text.TIM_OC2_SetConfig
                0x08000c5c       0x5c build/stm32f1xx_hal_tim.o
                0x08000c5c                TIM_OC2_SetConfig
 .text.HAL_TIM_OC_ConfigChannel
                0x08000cb8       0x5e build/stm32f1xx_hal_tim.o
                0x08000cb8                HAL_TIM_OC_ConfigChannel
 .text.TIM_ETR_SetConfig
                0x08000d16       0x18 build/stm32f1xx_hal_tim.o
                0x08000d16                TIM_ETR_SetConfig
 .text.HAL_TIM_ConfigClockSource
                0x08000d2e       0xfe build/stm32f1xx_hal_tim.o
                0x08000d2e                HAL_TIM_ConfigClockSource
 .text.HAL_TIMEx_MasterConfigSynchronization
                0x08000e2c       0x6c build/stm32f1xx_hal_tim_ex.o
                0x08000e2c                HAL_TIMEx_MasterConfigSynchronization
 .text.HAL_TIMEx_CommutCallback
                0x08000e98        0x2 build/stm32f1xx_hal_tim_ex.o
                0x08000e98                HAL_TIMEx_CommutCallback
 .text.HAL_TIMEx_BreakCallback
                0x08000e9a        0x2 build/stm32f1xx_hal_tim_ex.o
                0x08000e9a                HAL_TIMEx_BreakCallback
 .text.HAL_PCD_EP_DB_Receive
                0x08000e9c      0x11c build/stm32f1xx_hal_pcd.o
 .text.HAL_PCD_EP_DB_Transmit
                0x08000fb8      0x424 build/stm32f1xx_hal_pcd.o
 .text.PCD_EP_ISR_Handler
                0x080013dc      0x53e build/stm32f1xx_hal_pcd.o
 .text.HAL_PCD_SetAddress
                0x0800191a       0x28 build/stm32f1xx_hal_pcd.o
                0x0800191a                HAL_PCD_SetAddress
 .text.HAL_PCD_IRQHandler
                0x08001942      0x1b0 build/stm32f1xx_hal_pcd.o
                0x08001942                HAL_PCD_IRQHandler
 .text.HAL_PCD_EP_Open
                0x08001af2       0x7c build/stm32f1xx_hal_pcd.o
                0x08001af2                HAL_PCD_EP_Open
 .text.HAL_PCD_EP_Receive
                0x08001b6e       0x3a build/stm32f1xx_hal_pcd.o
                0x08001b6e                HAL_PCD_EP_Receive
 .text.HAL_PCD_EP_Transmit
                0x08001ba8       0x44 build/stm32f1xx_hal_pcd.o
                0x08001ba8                HAL_PCD_EP_Transmit
 .text.HAL_PCD_EP_SetStall
                0x08001bec       0x78 build/stm32f1xx_hal_pcd.o
                0x08001bec                HAL_PCD_EP_SetStall
 .text.HAL_PCD_EP_ClrStall
                0x08001c64       0x76 build/stm32f1xx_hal_pcd.o
                0x08001c64                HAL_PCD_EP_ClrStall
 .text.USB_ActivateEndpoint
                0x08001cda      0x3ca build/stm32f1xx_ll_usb.o
                0x08001cda                USB_ActivateEndpoint
 .text.USB_EPSetStall
                0x080020a4       0x4a build/stm32f1xx_ll_usb.o
                0x080020a4                USB_EPSetStall
 .text.USB_EPClearStall
                0x080020ee       0xa2 build/stm32f1xx_ll_usb.o
                0x080020ee                USB_EPClearStall
 .text.USB_SetDevAddress
                0x08002190        0xc build/stm32f1xx_ll_usb.o
                0x08002190                USB_SetDevAddress
 .text.USB_ReadInterrupts
                0x0800219c        0x8 build/stm32f1xx_ll_usb.o
                0x0800219c                USB_ReadInterrupts
 .text.USB_EP0_OutStart
                0x080021a4        0x4 build/stm32f1xx_ll_usb.o
                0x080021a4                USB_EP0_OutStart
 .text.USB_WritePMA
                0x080021a8       0x26 build/stm32f1xx_ll_usb.o
                0x080021a8                USB_WritePMA
 .text.USB_EPStartXfer
                0x080021ce      0x7d6 build/stm32f1xx_ll_usb.o
                0x080021ce                USB_EPStartXfer
 .text.USB_ReadPMA
                0x080029a4       0x30 build/stm32f1xx_ll_usb.o
                0x080029a4                USB_ReadPMA
 .text.HAL_InitTick
                0x080029d4       0x4c build/stm32f1xx_hal.o
                0x080029d4                HAL_InitTick
 .text.HAL_Init
                0x08002a20       0x24 build/stm32f1xx_hal.o
                0x08002a20                HAL_Init
 .text.HAL_IncTick
                0x08002a44       0x18 build/stm32f1xx_hal.o
                0x08002a44                HAL_IncTick
 .text.HAL_GetTick
                0x08002a5c        0xc build/stm32f1xx_hal.o
                0x08002a5c                HAL_GetTick
 .text.HAL_Delay
                0x08002a68       0x28 build/stm32f1xx_hal.o
                0x08002a68                HAL_Delay
 .text.RCC_Delay
                0x08002a90       0x2c build/stm32f1xx_hal_rcc.o
 .text.HAL_RCC_OscConfig
                0x08002abc      0x410 build/stm32f1xx_hal_rcc.o
                0x08002abc                HAL_RCC_OscConfig
 .text.HAL_RCC_GetSysClockFreq
                0x08002ecc       0x54 build/stm32f1xx_hal_rcc.o
                0x08002ecc                HAL_RCC_GetSysClockFreq
 .text.HAL_RCC_ClockConfig
                0x08002f20      0x16c build/stm32f1xx_hal_rcc.o
                0x08002f20                HAL_RCC_ClockConfig
 .text.HAL_RCC_GetHCLKFreq
                0x0800308c        0xc build/stm32f1xx_hal_rcc.o
                0x0800308c                HAL_RCC_GetHCLKFreq
 .text.HAL_RCC_GetPCLK1Freq
                0x08003098       0x20 build/stm32f1xx_hal_rcc.o
                0x08003098                HAL_RCC_GetPCLK1Freq
 .text.HAL_RCC_GetPCLK2Freq
                0x080030b8       0x20 build/stm32f1xx_hal_rcc.o
                0x080030b8                HAL_RCC_GetPCLK2Freq
 .text.HAL_RCCEx_PeriphCLKConfig
                0x080030d8      0x118 build/stm32f1xx_hal_rcc_ex.o
                0x080030d8                HAL_RCCEx_PeriphCLKConfig
 .text.HAL_GPIO_Init
                0x080031f0      0x214 build/stm32f1xx_hal_gpio.o
                0x080031f0                HAL_GPIO_Init
 .text.HAL_GPIO_ReadPin
                0x08003404        0xe build/stm32f1xx_hal_gpio.o
                0x08003404                HAL_GPIO_ReadPin
 .text.HAL_GPIO_WritePin
                0x08003412        0xc build/stm32f1xx_hal_gpio.o
                0x08003412                HAL_GPIO_WritePin
 .text.HAL_GPIO_TogglePin
                0x0800341e       0x12 build/stm32f1xx_hal_gpio.o
                0x0800341e                HAL_GPIO_TogglePin
 .text.HAL_DMA_Abort
                0x08003430       0x44 build/stm32f1xx_hal_dma.o
                0x08003430                HAL_DMA_Abort
 .text.HAL_DMA_Abort_IT
                0x08003474       0x98 build/stm32f1xx_hal_dma.o
                0x08003474                HAL_DMA_Abort_IT
 .text.__NVIC_SetPriority
                0x0800350c       0x28 build/stm32f1xx_hal_cortex.o
 .text.NVIC_EncodePriority
                0x08003534       0x3c build/stm32f1xx_hal_cortex.o
 .text.HAL_NVIC_SetPriorityGrouping
                0x08003570       0x24 build/stm32f1xx_hal_cortex.o
                0x08003570                HAL_NVIC_SetPriorityGrouping
 .text.HAL_NVIC_SetPriority
                0x08003594       0x20 build/stm32f1xx_hal_cortex.o
                0x08003594                HAL_NVIC_SetPriority
 .text.HAL_NVIC_EnableIRQ
                0x080035b4       0x1c build/stm32f1xx_hal_cortex.o
                0x080035b4                HAL_NVIC_EnableIRQ
 .text.HAL_SYSTICK_Config
                0x080035d0       0x28 build/stm32f1xx_hal_cortex.o
                0x080035d0                HAL_SYSTICK_Config
 .text.SystemInit
                0x080035f8        0x2 build/system_stm32f1xx.o
                0x080035f8                SystemInit
 .text.USBD_Get_USB_Status
                0x080035fa       0x14 build/usbd_conf.o
 .text.HAL_PCD_SetupStageCallback
                0x0800360e       0x10 build/usbd_conf.o
                0x0800360e                HAL_PCD_SetupStageCallback
 .text.HAL_PCD_DataOutStageCallback
                0x0800361e       0x18 build/usbd_conf.o
                0x0800361e                HAL_PCD_DataOutStageCallback
 .text.HAL_PCD_DataInStageCallback
                0x08003636       0x16 build/usbd_conf.o
                0x08003636                HAL_PCD_DataInStageCallback
 .text.HAL_PCD_SOFCallback
                0x0800364c        0xc build/usbd_conf.o
                0x0800364c                HAL_PCD_SOFCallback
 .text.HAL_PCD_ResetCallback
                0x08003658       0x24 build/usbd_conf.o
                0x08003658                HAL_PCD_ResetCallback
 .text.HAL_PCD_SuspendCallback
                0x0800367c       0x20 build/usbd_conf.o
                0x0800367c                HAL_PCD_SuspendCallback
 .text.HAL_PCD_ResumeCallback
                0x0800369c        0xc build/usbd_conf.o
                0x0800369c                HAL_PCD_ResumeCallback
 .text.USBD_LL_OpenEP
                0x080036a8       0x16 build/usbd_conf.o
                0x080036a8                USBD_LL_OpenEP
 .text.USBD_LL_StallEP
                0x080036be       0x10 build/usbd_conf.o
                0x080036be                USBD_LL_StallEP
 .text.USBD_LL_ClearStallEP
                0x080036ce       0x10 build/usbd_conf.o
                0x080036ce                USBD_LL_ClearStallEP
 .text.USBD_LL_IsStallEP
                0x080036de       0x2e build/usbd_conf.o
                0x080036de                USBD_LL_IsStallEP
 .text.USBD_LL_SetUSBAddress
                0x0800370c       0x10 build/usbd_conf.o
                0x0800370c                USBD_LL_SetUSBAddress
 .text.USBD_LL_Transmit
                0x0800371c       0x10 build/usbd_conf.o
                0x0800371c                USBD_LL_Transmit
 .text.USBD_LL_PrepareReceive
                0x0800372c       0x10 build/usbd_conf.o
                0x0800372c                USBD_LL_PrepareReceive
 .text.UART_EndRxTransfer
                0x0800373c       0x5c build/stm32f1xx_hal_uart.o
 .text.UART_Transmit_IT
                0x08003798       0x5e build/stm32f1xx_hal_uart.o
 *fill*         0x080037f6        0x2 
 .text.UART_SetConfig
                0x080037f8       0x94 build/stm32f1xx_hal_uart.o
 .text.UART_WaitOnFlagUntilTimeout
                0x0800388c       0x84 build/stm32f1xx_hal_uart.o
 .text.HAL_UART_Init
                0x08003910       0x60 build/stm32f1xx_hal_uart.o
                0x08003910                HAL_UART_Init
 .text.HAL_UART_Transmit
                0x08003970       0xbc build/stm32f1xx_hal_uart.o
                0x08003970                HAL_UART_Transmit
 .text.HAL_UART_TxCpltCallback
                0x08003a2c        0x2 build/stm32f1xx_hal_uart.o
                0x08003a2c                HAL_UART_TxCpltCallback
 .text.UART_EndTransmit_IT
                0x08003a2e       0x1a build/stm32f1xx_hal_uart.o
 .text.HAL_UART_ErrorCallback
                0x08003a48        0x2 build/stm32f1xx_hal_uart.o
                0x08003a48                HAL_UART_ErrorCallback
 .text.UART_DMAAbortOnError
                0x08003a4a       0x10 build/stm32f1xx_hal_uart.o
 .text.HAL_UARTEx_RxEventCallback
                0x08003a5a        0x2 build/stm32f1xx_hal_uart.o
                0x08003a5a                HAL_UARTEx_RxEventCallback
 .text.UART_Receive_IT
                0x08003a5c       0xe2 build/stm32f1xx_hal_uart.o
 *fill*         0x08003b3e        0x2 
 .text.HAL_UART_IRQHandler
                0x08003b40      0x284 build/stm32f1xx_hal_uart.o
                0x08003b40                HAL_UART_IRQHandler
 .text.UART_Start_Receive_IT
                0x08003dc4       0x36 build/stm32f1xx_hal_uart.o
                0x08003dc4                UART_Start_Receive_IT
 .text.HAL_UART_Receive_IT
                0x08003dfa       0x24 build/stm32f1xx_hal_uart.o
                0x08003dfa                HAL_UART_Receive_IT
 .text.USBD_SetClassConfig
                0x08003e1e       0x18 build/usbd_core.o
                0x08003e1e                USBD_SetClassConfig
 .text.USBD_ClrClassConfig
                0x08003e36        0xe build/usbd_core.o
                0x08003e36                USBD_ClrClassConfig
 .text.USBD_LL_SetupStage
                0x08003e44       0x5a build/usbd_core.o
                0x08003e44                USBD_LL_SetupStage
 .text.USBD_LL_DataOutStage
                0x08003e9e       0x8c build/usbd_core.o
                0x08003e9e                USBD_LL_DataOutStage
 .text.USBD_LL_DataInStage
                0x08003f2a       0xd0 build/usbd_core.o
                0x08003f2a                USBD_LL_DataInStage
 .text.USBD_LL_Reset
                0x08003ffa       0x50 build/usbd_core.o
                0x08003ffa                USBD_LL_Reset
 .text.USBD_LL_SetSpeed
                0x0800404a        0x6 build/usbd_core.o
                0x0800404a                USBD_LL_SetSpeed
 .text.USBD_LL_Suspend
                0x08004050       0x12 build/usbd_core.o
                0x08004050                USBD_LL_Suspend
 .text.USBD_LL_Resume
                0x08004062       0x16 build/usbd_core.o
                0x08004062                USBD_LL_Resume
 .text.USBD_LL_SOF
                0x08004078       0x1c build/usbd_core.o
                0x08004078                USBD_LL_SOF
 .text.USBD_SetFeature
                0x08004094       0x14 build/usbd_ctlreq.o
 .text.USBD_ParseSetupRequest
                0x080040a8       0x28 build/usbd_ctlreq.o
                0x080040a8                USBD_ParseSetupRequest
 .text.USBD_CtlError
                0x080040d0       0x14 build/usbd_ctlreq.o
                0x080040d0                USBD_CtlError
 .text.USBD_GetDescriptor
                0x080040e4      0x186 build/usbd_ctlreq.o
 .text.USBD_SetAddress
                0x0800426a       0x4e build/usbd_ctlreq.o
 .text.USBD_SetConfig
                0x080042b8       0xb0 build/usbd_ctlreq.o
 .text.USBD_GetConfig
                0x08004368       0x3e build/usbd_ctlreq.o
 .text.USBD_GetStatus
                0x080043a6       0x38 build/usbd_ctlreq.o
 .text.USBD_ClrFeature
                0x080043de       0x26 build/usbd_ctlreq.o
 .text.USBD_StdDevReq
                0x08004404       0x68 build/usbd_ctlreq.o
                0x08004404                USBD_StdDevReq
 .text.USBD_StdItfReq
                0x0800446c       0x60 build/usbd_ctlreq.o
                0x0800446c                USBD_StdItfReq
 .text.USBD_StdEPReq
                0x080044cc      0x1e2 build/usbd_ctlreq.o
                0x080044cc                USBD_StdEPReq
 .text.USBD_CtlSendData
                0x080046ae       0x1a build/usbd_ioreq.o
                0x080046ae                USBD_CtlSendData
 .text.USBD_CtlContinueSendData
                0x080046c8       0x10 build/usbd_ioreq.o
                0x080046c8                USBD_CtlContinueSendData
 .text.USBD_CtlContinueRx
                0x080046d8       0x10 build/usbd_ioreq.o
                0x080046d8                USBD_CtlContinueRx
 .text.USBD_CtlSendStatus
                0x080046e8       0x16 build/usbd_ioreq.o
                0x080046e8                USBD_CtlSendStatus
 .text.USBD_CtlReceiveStatus
                0x080046fe       0x16 build/usbd_ioreq.o
                0x080046fe                USBD_CtlReceiveStatus
 .text._sbrk    0x08004714       0x48 build/sysmem.o
                0x08004714                _sbrk
 .text._getpid  0x0800475c        0x4 build/syscalls.o
                0x0800475c                _getpid
 .text._kill    0x08004760       0x10 build/syscalls.o
                0x08004760                _kill
 .text._exit    0x08004770        0xc build/syscalls.o
                0x08004770                _exit
 .text._read    0x0800477c       0x20 build/syscalls.o
                0x0800477c                _read
 .text._write   0x0800479c       0x1c build/syscalls.o
                0x0800479c                _write
 .text._close   0x080047b8        0x6 build/syscalls.o
                0x080047b8                _close
 .text._fstat   0x080047be        0xa build/syscalls.o
                0x080047be                _fstat
 .text._isatty  0x080047c8        0x4 build/syscalls.o
                0x080047c8                _isatty
 .text._lseek   0x080047cc        0x4 build/syscalls.o
                0x080047cc                _lseek
 .text.poll     0x080047d0       0x7e build/buttons.o
 *fill*         0x0800484e        0x2 
 .text.butt_Init
                0x08004850       0x24 build/buttons.o
                0x08004850                butt_Init
 .text.read_butt_Left
                0x08004874       0x10 build/buttons.o
                0x08004874                read_butt_Left
 .text.read_butt_Right
                0x08004884       0x10 build/buttons.o
                0x08004884                read_butt_Right
 .text.read_butt_Rotate
                0x08004894       0x10 build/buttons.o
                0x08004894                read_butt_Rotate
 .text.read_butt_Drop
                0x080048a4       0x10 build/buttons.o
                0x080048a4                read_butt_Drop
 .text.get_shape_cell
                0x080048b4       0x20 build/tetris.o
 .text.piece_name
                0x080048d4       0x24 build/tetris.o
 .text.check_collision
                0x080048f8       0x68 build/tetris.o
 .text.award_line_score
                0x08004960       0x50 build/tetris.o
 .text.move_piece
                0x080049b0       0x44 build/tetris.o
 .text.rotate_piece
                0x080049f4       0x64 build/tetris.o
 .text.drop_distance
                0x08004a58       0x38 build/tetris.o
 .text.ghost_y  0x08004a90       0x34 build/tetris.o
 .text.active_piece_cell
                0x08004ac4       0x60 build/tetris.o
 .text.ghost_piece_cell
                0x08004b24       0x54 build/tetris.o
 .text.get_pixel
                0x08004b78       0x34 build/tetris.o
 .text.refill_bag
                0x08004bac       0x44 build/tetris.o
 .text.draw_from_bag
                0x08004bf0       0x28 build/tetris.o
 .text.spawn_piece
                0x08004c18       0x50 build/tetris.o
 .text.clear_full_lines
                0x08004c68       0x8c build/tetris.o
 .text.lock_piece
                0x08004cf4       0x70 build/tetris.o
 .text.build_preview_row
                0x08004d64       0x54 build/tetris.o
 .text.uart_send
                0x08004db8       0x1c build/tetris.o
 .text.lcd_write_line
                0x08004dd4       0x40 build/tetris.o
 .text.Tetris_Init
                0x08004e14       0x74 build/tetris.o
                0x08004e14                Tetris_Init
 .text.Tetris_Update
                0x08004e88       0xb4 build/tetris.o
                0x08004e88                Tetris_Update
 .text.Tetris_GetFallDelay
                0x08004f3c       0x28 build/tetris.o
                0x08004f3c                Tetris_GetFallDelay
 .text.Tetris_IsPaused
                0x08004f64        0xc build/tetris.o
                0x08004f64                Tetris_IsPaused
 .text.Tetris_IsGameOver
                0x08004f70        0xc build/tetris.o
                0x08004f70                Tetris_IsGameOver
 .text.Tetris_DrawTerminal
                0x08004f7c      0x220 build/tetris.o
                0x08004f7c                Tetris_DrawTerminal
 .text.Tetris_DrawLCD
                0x0800519c      0x128 build/tetris.o
                0x0800519c                Tetris_DrawLCD
 .text.lcd_send_cmd
                0x080052c4       0x44 build/i2c-lcd.o
                0x080052c4                lcd_send_cmd
 .text.lcd_send_data
                0x08005308       0x44 build/i2c-lcd.o
                0x08005308                lcd_send_data
 .text.lcd_clear
                0x0800534c       0x10 build/i2c-lcd.o
                0x0800534c                lcd_clear
 .text.lcd_put_cur
                0x0800535c       0x2c build/i2c-lcd.o
                0x0800535c                lcd_put_cur
 .text.lcd_init
                0x08005388       0x6a build/i2c-lcd.o
                0x08005388                lcd_init
 .text.I2C_IsAcknowledgeFailed
                0x080053f2       0x32 build/stm32f1xx_hal_i2c.o
 .text.I2C_WaitOnFlagUntilTimeout
                0x08005424       0xaa build/stm32f1xx_hal_i2c.o
 .text.I2C_WaitOnMasterAddressFlagUntilTimeout
                0x080054ce       0xd6 build/stm32f1xx_hal_i2c.o
 .text.I2C_MasterRequestWrite
                0x080055a4       0xb4 build/stm32f1xx_hal_i2c.o
 .text.I2C_WaitOnTXEFlagUntilTimeout
                0x08005658       0x5e build/stm32f1xx_hal_i2c.o
 .text.I2C_WaitOnBTFFlagUntilTimeout
                0x080056b6       0x5e build/stm32f1xx_hal_i2c.o
 .text.HAL_I2C_Init
                0x08005714      0x1bc build/stm32f1xx_hal_i2c.o
                0x08005714                HAL_I2C_Init
 .text.HAL_I2C_Master_Transmit
                0x080058d0      0x174 build/stm32f1xx_hal_i2c.o
                0x080058d0                HAL_I2C_Master_Transmit
 .text.Reset_Handler
                0x08005a44       0x48 build/startup_stm32f103xb.o
                0x08005a44                Reset_Handler
 .text.Default_Handler
                0x08005a8c        0x2 build/startup_stm32f103xb.o
                0x08005a8c                RTC_Alarm_IRQHandler
                0x08005a8c                EXTI2_IRQHandler
                0x08005a8c                TIM1_CC_IRQHandler
                0x08005a8c                PVD_IRQHandler
                0x08005a8c                EXTI3_IRQHandler
                0x08005a8c                EXTI0_IRQHandler
                0x08005a8c                I2C2_EV_IRQHandler
                0x08005a8c                ADC1_2_IRQHandler
                0x08005a8c                SPI1_IRQHandler
                0x08005a8c                TAMPER_IRQHandler
                0x08005a8c                DMA1_Channel4_IRQHandler
                0x08005a8c                USART3_IRQHandler
                0x08005a8c                RTC_IRQHandler
                0x08005a8c                DMA1_Channel7_IRQHandler
                0x08005a8c                CAN1_RX1_IRQHandler
                0x08005a8c                TIM4_IRQHandler
                0x08005a8c                I2C1_EV_IRQHandler
                0x08005a8c                DMA1_Channel6_IRQHandler
                0x08005a8c                TIM3_IRQHandler
                0x08005a8c                RCC_IRQHandler
                0x08005a8c                TIM1_TRG_COM_IRQHandler
                0x08005a8c                DMA1_Channel1_IRQHandler
                0x08005a8c                Default_Handler
                0x08005a8c                EXTI15_10_IRQHandler
                0x08005a8c                EXTI9_5_IRQHandler
                0x08005a8c                SPI2_IRQHandler
                0x08005a8c                DMA1_Channel5_IRQHandler
                0x08005a8c                EXTI4_IRQHandler
                0x08005a8c                USB_HP_CAN1_TX_IRQHandler
                0x08005a8c                DMA1_Channel3_IRQHandler
                0x08005a8c                TIM1_UP_IRQHandler
                0x08005a8c                WWDG_IRQHandler
                0x08005a8c                TIM1_BRK_IRQHandler
                0x08005a8c                EXTI1_IRQHandler
                0x08005a8c                USART2_IRQHandler
                0x08005a8c                I2C2_ER_IRQHandler
                0x08005a8c                DMA1_Channel2_IRQHandler
                0x08005a8c                CAN1_SCE_IRQHandler
                0x08005a8c                FLASH_IRQHandler
                0x08005a8c                I2C1_ER_IRQHandler
                0x08005a8c                USBWakeUp_IRQHandler
 *fill*         0x08005a8e        0x2 
 .text.srand    0x08005a90       0x5c C:/ST/STM32CubeCLT_1.21.0/GNU-tools-for-STM32/bin/../lib/gcc/arm-none-eabi/14.3.1/../../../../arm-none-eabi/lib/thumb/v7-m/nofp\libc_nano.a(libc_a-rand.o)
                0x08005a90                srand
 .text.rand     0x08005aec       0x7c C:/ST/STM32CubeCLT_1.21.0/GNU-tools-for-STM32/bin/../lib/gcc/arm-none-eabi/14.3.1/../../../../arm-none-eabi/lib/thumb/v7-m/nofp\libc_nano.a(libc_a-rand.o)
                0x08005aec                rand
 .text.std      0x08005b68       0x6c C:/ST/STM32CubeCLT_1.21.0/GNU-tools-for-STM32/bin/../lib/gcc/arm-none-eabi/14.3.1/../../../../arm-none-eabi/lib/thumb/v7-m/nofp\libc_nano.a(libc_a-findfp.o)
 .text.stdio_exit_handler
                0x08005bd4       0x18 C:/ST/STM32CubeCLT_1.21.0/GNU-tools-for-STM32/bin/../lib/gcc/arm-none-eabi/14.3.1/../../../../arm-none-eabi/lib/thumb/v7-m/nofp\libc_nano.a(libc_a-findfp.o)
 .text.cleanup_stdio
                0x08005bec       0x40 C:/ST/STM32CubeCLT_1.21.0/GNU-tools-for-STM32/bin/../lib/gcc/arm-none-eabi/14.3.1/../../../../arm-none-eabi/lib/thumb/v7-m/nofp\libc_nano.a(libc_a-findfp.o)
 .text.global_stdio_init.part.0
                0x08005c2c       0x40 C:/ST/STM32CubeCLT_1.21.0/GNU-tools-for-STM32/bin/../lib/gcc/arm-none-eabi/14.3.1/../../../../arm-none-eabi/lib/thumb/v7-m/nofp\libc_nano.a(libc_a-findfp.o)
 .text.__sfp_lock_acquire
                0x08005c6c        0xc C:/ST/STM32CubeCLT_1.21.0/GNU-tools-for-STM32/bin/../lib/gcc/arm-none-eabi/14.3.1/../../../../arm-none-eabi/lib/thumb/v7-m/nofp\libc_nano.a(libc_a-findfp.o)
                0x08005c6c                __sfp_lock_acquire
 .text.__sfp_lock_release
                0x08005c78        0xc C:/ST/STM32CubeCLT_1.21.0/GNU-tools-for-STM32/bin/../lib/gcc/arm-none-eabi/14.3.1/../../../../arm-none-eabi/lib/thumb/v7-m/nofp\libc_nano.a(libc_a-findfp.o)
                0x08005c78                __sfp_lock_release
 .text.__sinit  0x08005c84       0x30 C:/ST/STM32CubeCLT_1.21.0/GNU-tools-for-STM32/bin/../lib/gcc/arm-none-eabi/14.3.1/../../../../arm-none-eabi/lib/thumb/v7-m/nofp\libc_nano.a(libc_a-findfp.o)
                0x08005c84                __sinit
 .text._fwalk_sglue
                0x08005cb4       0x3c C:/ST/STM32CubeCLT_1.21.0/GNU-tools-for-STM32/bin/../lib/gcc/arm-none-eabi/14.3.1/../../../../arm-none-eabi/lib/thumb/v7-m/nofp\libc_nano.a(libc_a-fwalk.o)
                0x08005cb4                _fwalk_sglue
 .text.snprintf
                0x08005cf0       0x6c C:/ST/STM32CubeCLT_1.21.0/GNU-tools-for-STM32/bin/../lib/gcc/arm-none-eabi/14.3.1/../../../../arm-none-eabi/lib/thumb/v7-m/nofp\libc_nano.a(libc_a-snprintf.o)
                0x08005cf0                sniprintf
                0x08005cf0                snprintf
 .text.__sread  0x08005d5c       0x22 C:/ST/STM32CubeCLT_1.21.0/GNU-tools-for-STM32/bin/../lib/gcc/arm-none-eabi/14.3.1/../../../../arm-none-eabi/lib/thumb/v7-m/nofp\libc_nano.a(libc_a-stdio.o)
                0x08005d5c                __sread
 .text.__swrite
                0x08005d7e       0x38 C:/ST/STM32CubeCLT_1.21.0/GNU-tools-for-STM32/bin/../lib/gcc/arm-none-eabi/14.3.1/../../../../arm-none-eabi/lib/thumb/v7-m/nofp\libc_nano.a(libc_a-stdio.o)
                0x08005d7e                __swrite
 .text.__sseek  0x08005db6       0x26 C:/ST/STM32CubeCLT_1.21.0/GNU-tools-for-STM32/bin/../lib/gcc/arm-none-eabi/14.3.1/../../../../arm-none-eabi/lib/thumb/v7-m/nofp\libc_nano.a(libc_a-stdio.o)
                0x08005db6                __sseek
 .text.__sclose
                0x08005ddc        0x8 C:/ST/STM32CubeCLT_1.21.0/GNU-tools-for-STM32/bin/../lib/gcc/arm-none-eabi/14.3.1/../../../../arm-none-eabi/lib/thumb/v7-m/nofp\libc_nano.a(libc_a-stdio.o)
                0x08005ddc                __sclose
 .text.memset   0x08005de4       0x10 C:/ST/STM32CubeCLT_1.21.0/GNU-tools-for-STM32/bin/../lib/gcc/arm-none-eabi/14.3.1/../../../../arm-none-eabi/lib/thumb/v7-m/nofp\libc_nano.a(libc_a-memset.o)
                0x08005de4                memset
 .text._close_r
                0x08005df4       0x20 C:/ST/STM32CubeCLT_1.21.0/GNU-tools-for-STM32/bin/../lib/gcc/arm-none-eabi/14.3.1/../../../../arm-none-eabi/lib/thumb/v7-m/nofp\libc_nano.a(libc_a-closer.o)
                0x08005df4                _close_r
 .text._lseek_r
                0x08005e14       0x24 C:/ST/STM32CubeCLT_1.21.0/GNU-tools-for-STM32/bin/../lib/gcc/arm-none-eabi/14.3.1/../../../../arm-none-eabi/lib/thumb/v7-m/nofp\libc_nano.a(libc_a-lseekr.o)
                0x08005e14                _lseek_r
 .text._read_r  0x08005e38       0x24 C:/ST/STM32CubeCLT_1.21.0/GNU-tools-for-STM32/bin/../lib/gcc/arm-none-eabi/14.3.1/../../../../arm-none-eabi/lib/thumb/v7-m/nofp\libc_nano.a(libc_a-readr.o)
                0x08005e38                _read_r
 .text._write_r
                0x08005e5c       0x24 C:/ST/STM32CubeCLT_1.21.0/GNU-tools-for-STM32/bin/../lib/gcc/arm-none-eabi/14.3.1/../../../../arm-none-eabi/lib/thumb/v7-m/nofp\libc_nano.a(libc_a-writer.o)
                0x08005e5c                _write_r
 .text.__errno  0x08005e80        0xc C:/ST/STM32CubeCLT_1.21.0/GNU-tools-for-STM32/bin/../lib/gcc/arm-none-eabi/14.3.1/../../../../arm-none-eabi/lib/thumb/v7-m/nofp\libc_nano.a(libc_a-errno.o)
                0x08005e80                __errno
 .text.__libc_init_array
                0x08005e8c       0x48 C:/ST/STM32CubeCLT_1.21.0/GNU-tools-for-STM32/bin/../lib/gcc/arm-none-eabi/14.3.1/../../../../arm-none-eabi/lib/thumb/v7-m/nofp\libc_nano.a(libc_a-init.o)
                0x08005e8c                __libc_init_array
 .text.__retarget_lock_init_recursive
                0x08005ed4        0x2 C:/ST/STM32CubeCLT_1.21.0/GNU-tools-for-STM32/bin/../lib/gcc/arm-none-eabi/14.3.1/../../../../arm-none-eabi/lib/thumb/v7-m/nofp\libc_nano.a(libc_a-lock.o)
                0x08005ed4                __retarget_lock_init_recursive
 .text.__retarget_lock_acquire_recursive
                0x08005ed6        0x2 C:/ST/STM32CubeCLT_1.21.0/GNU-tools-for-STM32/bin/../lib/gcc/arm-none-eabi/14.3.1/../../../../arm-none-eabi/lib/thumb/v7-m/nofp\libc_nano.a(libc_a-lock.o)
                0x08005ed6                __retarget_lock_acquire_recursive
 .text.__retarget_lock_release_recursive
                0x08005ed8        0x2 C:/ST/STM32CubeCLT_1.21.0/GNU-tools-for-STM32/bin/../lib/gcc/arm-none-eabi/14.3.1/../../../../arm-none-eabi/lib/thumb/v7-m/nofp\libc_nano.a(libc_a-lock.o)
                0x08005ed8                __retarget_lock_release_recursive
 *fill*         0x08005eda        0x2 
 .text.__assert_func
                0x08005edc       0x3c C:/ST/STM32CubeCLT_1.21.0/GNU-tools-for-STM32/bin/../lib/gcc/arm-none-eabi/14.3.1/../../../../arm-none-eabi/lib/thumb/v7-m/nofp\libc_nano.a(libc_a-assert.o)
                0x08005edc                __assert_func
 .text._free_r  0x08005f18       0x90 C:/ST/STM32CubeCLT_1.21.0/GNU-tools-for-STM32/bin/../lib/gcc/arm-none-eabi/14.3.1/../../../../arm-none-eabi/lib/thumb/v7-m/nofp\libc_nano.a(libc_a-freer.o)
                0x08005f18                _free_r
 .text.malloc   0x08005fa8       0x10 C:/ST/STM32CubeCLT_1.21.0/GNU-tools-for-STM32/bin/../lib/gcc/arm-none-eabi/14.3.1/../../../../arm-none-eabi/lib/thumb/v7-m/nofp\libc_nano.a(libc_a-malloc.o)
                0x08005fa8                malloc
 .text.sbrk_aligned
                0x08005fb8       0x44 C:/ST/STM32CubeCLT_1.21.0/GNU-tools-for-STM32/bin/../lib/gcc/arm-none-eabi/14.3.1/../../../../arm-none-eabi/lib/thumb/v7-m/nofp\libc_nano.a(libc_a-mallocr.o)
 .text._malloc_r
                0x08005ffc      0x100 C:/ST/STM32CubeCLT_1.21.0/GNU-tools-for-STM32/bin/../lib/gcc/arm-none-eabi/14.3.1/../../../../arm-none-eabi/lib/thumb/v7-m/nofp\libc_nano.a(libc_a-mallocr.o)
                0x08005ffc                _malloc_r
 .text.__malloc_lock
                0x080060fc        0xc C:/ST/STM32CubeCLT_1.21.0/GNU-tools-for-STM32/bin/../lib/gcc/arm-none-eabi/14.3.1/../../../../arm-none-eabi/lib/thumb/v7-m/nofp\libc_nano.a(libc_a-mlock.o)
                0x080060fc                __malloc_lock
 .text.__malloc_unlock
                0x08006108        0xc C:/ST/STM32CubeCLT_1.21.0/GNU-tools-for-STM32/bin/../lib/gcc/arm-none-eabi/14.3.1/../../../../arm-none-eabi/lib/thumb/v7-m/nofp\libc_nano.a(libc_a-mlock.o)
                0x08006108                __malloc_unlock
 .text.__ssputs_r
                0x08006114       0xc0 C:/ST/STM32CubeCLT_1.21.0/GNU-tools-for-STM32/bin/../lib/gcc/arm-none-eabi/14.3.1/../../../../arm-none-eabi/lib/thumb/v7-m/nofp\libc_nano.a(libc_a-nano-svfprintf.o)
                0x08006114                __ssputs_r
 .text._svfprintf_r
                0x080061d4      0x1f0 C:/ST/STM32CubeCLT_1.21.0/GNU-tools-for-STM32/bin/../lib/gcc/arm-none-eabi/14.3.1/../../../../arm-none-eabi/lib/thumb/v7-m/nofp\libc_nano.a(libc_a-nano-svfprintf.o)
                0x080061d4                _svfiprintf_r
                0x080061d4                _svfprintf_r
 .text._printf_common
                0x080063c4       0xe4 C:/ST/STM32CubeCLT_1.21.0/GNU-tools-for-STM32/bin/../lib/gcc/arm-none-eabi/14.3.1/../../../../arm-none-eabi/lib/thumb/v7-m/nofp\libc_nano.a(libc_a-nano-vfprintf_i.o)
                0x080063c4                _printf_common
 .text._printf_i
                0x080064a8      0x24c C:/ST/STM32CubeCLT_1.21.0/GNU-tools-for-STM32/bin/../lib/gcc/arm-none-eabi/14.3.1/../../../../arm-none-eabi/lib/thumb/v7-m/nofp\libc_nano.a(libc_a-nano-vfprintf_i.o)
                0x080064a8                _printf_i
 .text.__sflush_r
                0x080066f4       0xfc C:/ST/STM32CubeCLT_1.21.0/GNU-tools-for-STM32/bin/../lib/gcc/arm-none-eabi/14.3.1/../../../../arm-none-eabi/lib/thumb/v7-m/nofp\libc_nano.a(libc_a-fflush.o)
                0x080066f4                __sflush_r
 .text._fflush_r
                0x080067f0       0x50 C:/ST/STM32CubeCLT_1.21.0/GNU-tools-for-STM32/bin/../lib/gcc/arm-none-eabi/14.3.1/../../../../arm-none-eabi/lib/thumb/v7-m/nofp\libc_nano.a(libc_a-fflush.o)
                0x080067f0                _fflush_r
 .text.fprintf  0x08006840       0x24 C:/ST/STM32CubeCLT_1.21.0/GNU-tools-for-STM32/bin/../lib/gcc/arm-none-eabi/14.3.1/../../../../arm-none-eabi/lib/thumb/v7-m/nofp\libc_nano.a(libc_a-fprintf.o)
                0x08006840                fiprintf
                0x08006840                fprintf
 .text.memmove  0x08006864       0x32 C:/ST/STM32CubeCLT_1.21.0/GNU-tools-for-STM32/bin/../lib/gcc/arm-none-eabi/14.3.1/../../../../arm-none-eabi/lib/thumb/v7-m/nofp\libc_nano.a(libc_a-memmove.o)
                0x08006864                memmove
 *fill*         0x08006896        0x2 
 .text._sbrk_r  0x08006898       0x20 C:/ST/STM32CubeCLT_1.21.0/GNU-tools-for-STM32/bin/../lib/gcc/arm-none-eabi/14.3.1/../../../../arm-none-eabi/lib/thumb/v7-m/nofp\libc_nano.a(libc_a-sbrkr.o)
                0x08006898                _sbrk_r
 .text.memchr   0x080068b8       0x1c C:/ST/STM32CubeCLT_1.21.0/GNU-tools-for-STM32/bin/../lib/gcc/arm-none-eabi/14.3.1/../../../../arm-none-eabi/lib/thumb/v7-m/nofp\libc_nano.a(libc_a-memchr-stub.o)
                0x080068b8                memchr
 .text.memcpy   0x080068d4       0x1c C:/ST/STM32CubeCLT_1.21.0/GNU-tools-for-STM32/bin/../lib/gcc/arm-none-eabi/14.3.1/../../../../arm-none-eabi/lib/thumb/v7-m/nofp\libc_nano.a(libc_a-memcpy-stub.o)
                0x080068d4                memcpy
 .text.abort    0x080068f0        0xe C:/ST/STM32CubeCLT_1.21.0/GNU-tools-for-STM32/bin/../lib/gcc/arm-none-eabi/14.3.1/../../../../arm-none-eabi/lib/thumb/v7-m/nofp\libc_nano.a(libc_a-abort.o)
                0x080068f0                abort
 .text._realloc_r
                0x080068fe       0x5c C:/ST/STM32CubeCLT_1.21.0/GNU-tools-for-STM32/bin/../lib/gcc/arm-none-eabi/14.3.1/../../../../arm-none-eabi/lib/thumb/v7-m/nofp\libc_nano.a(libc_a-reallocr.o)
                0x080068fe                _realloc_r
 .text.__sfputc_r
                0x0800695a       0x2a C:/ST/STM32CubeCLT_1.21.0/GNU-tools-for-STM32/bin/../lib/gcc/arm-none-eabi/14.3.1/../../../../arm-none-eabi/lib/thumb/v7-m/nofp\libc_nano.a(libc_a-nano-vfprintf.o)
 .text.__sfputs_r
                0x08006984       0x24 C:/ST/STM32CubeCLT_1.21.0/GNU-tools-for-STM32/bin/../lib/gcc/arm-none-eabi/14.3.1/../../../../arm-none-eabi/lib/thumb/v7-m/nofp\libc_nano.a(libc_a-nano-vfprintf.o)
                0x08006984                __sfputs_r
 .text._vfprintf_r
                0x080069a8      0x228 C:/ST/STM32CubeCLT_1.21.0/GNU-tools-for-STM32/bin/../lib/gcc/arm-none-eabi/14.3.1/../../../../arm-none-eabi/lib/thumb/v7-m/nofp\libc_nano.a(libc_a-nano-vfprintf.o)
                0x080069a8                _vfprintf_r
                0x080069a8                _vfiprintf_r
 .text.__swbuf_r
                0x08006bd0       0x7c C:/ST/STM32CubeCLT_1.21.0/GNU-tools-for-STM32/bin/../lib/gcc/arm-none-eabi/14.3.1/../../../../arm-none-eabi/lib/thumb/v7-m/nofp\libc_nano.a(libc_a-wbuf.o)
                0x08006bd0                __swbuf_r
 .text.__swsetup_r
                0x08006c4c       0xa8 C:/ST/STM32CubeCLT_1.21.0/GNU-tools-for-STM32/bin/../lib/gcc/arm-none-eabi/14.3.1/../../../../arm-none-eabi/lib/thumb/v7-m/nofp\libc_nano.a(libc_a-wsetup.o)
                0x08006c4c                __swsetup_r
 .text._raise_r
                0x08006cf4       0x50 C:/ST/STM32CubeCLT_1.21.0/GNU-tools-for-STM32/bin/../lib/gcc/arm-none-eabi/14.3.1/../../../../arm-none-eabi/lib/thumb/v7-m/nofp\libc_nano.a(libc_a-signal.o)
                0x08006cf4                _raise_r
 .text.raise    0x08006d44       0x10 C:/ST/STM32CubeCLT_1.21.0/GNU-tools-for-STM32/bin/../lib/gcc/arm-none-eabi/14.3.1/../../../../arm-none-eabi/lib/thumb/v7-m/nofp\libc_nano.a(libc_a-signal.o)
                0x08006d44                raise
 .text._kill_r  0x08006d54       0x24 C:/ST/STM32CubeCLT_1.21.0/GNU-tools-for-STM32/bin/../lib/gcc/arm-none-eabi/14.3.1/../../../../arm-none-eabi/lib/thumb/v7-m/nofp\libc_nano.a(libc_a-signalr.o)
                0x08006d54                _kill_r
 .text._getpid_r
                0x08006d78        0x4 C:/ST/STM32CubeCLT_1.21.0/GNU-tools-for-STM32/bin/../lib/gcc/arm-none-eabi/14.3.1/../../../../arm-none-eabi/lib/thumb/v7-m/nofp\libc_nano.a(libc_a-signalr.o)
                0x08006d78                _getpid_r
 .text._malloc_usable_size_r
                0x08006d7c       0x10 C:/ST/STM32CubeCLT_1.21.0/GNU-tools-for-STM32/bin/../lib/gcc/arm-none-eabi/14.3.1/../../../../arm-none-eabi/lib/thumb/v7-m/nofp\libc_nano.a(libc_a-msizer.o)
                0x08006d7c                _malloc_usable_size_r
 .text.__swhatbuf_r
                0x08006d8c       0x48 C:/ST/STM32CubeCLT_1.21.0/GNU-tools-for-STM32/bin/../lib/gcc/arm-none-eabi/14.3.1/../../../../arm-none-eabi/lib/thumb/v7-m/nofp\libc_nano.a(libc_a-makebuf.o)
                0x08006d8c                __swhatbuf_r
 .text.__smakebuf_r
                0x08006dd4       0x72 C:/ST/STM32CubeCLT_1.21.0/GNU-tools-for-STM32/bin/../lib/gcc/arm-none-eabi/14.3.1/../../../../arm-none-eabi/lib/thumb/v7-m/nofp\libc_nano.a(libc_a-makebuf.o)
                0x08006dd4                __smakebuf_r
 *fill*         0x08006e46        0x2 
 .text._fstat_r
                0x08006e48       0x24 C:/ST/STM32CubeCLT_1.21.0/GNU-tools-for-STM32/bin/../lib/gcc/arm-none-eabi/14.3.1/../../../../arm-none-eabi/lib/thumb/v7-m/nofp\libc_nano.a(libc_a-fstatr.o)
                0x08006e48                _fstat_r
 .text._isatty_r
                0x08006e6c       0x20 C:/ST/STM32CubeCLT_1.21.0/GNU-tools-for-STM32/bin/../lib/gcc/arm-none-eabi/14.3.1/../../../../arm-none-eabi/lib/thumb/v7-m/nofp\libc_nano.a(libc_a-isattyr.o)
                0x08006e6c                _isatty_r
 *(.glue_7)
 .glue_7        0x08006e8c        0x0 linker stubs
 *(.glue_7t)
 .glue_7t       0x08006e8c        0x0 linker stubs
 *(.eh_frame)
 .eh_frame      0x08006e8c        0x0 C:/ST/STM32CubeCLT_1.21.0/GNU-tools-for-STM32/bin/../lib/gcc/arm-none-eabi/14.3.1/thumb/v7-m/nofp/crtbegin.o
 *(.init)
 .init          0x08006e8c        0x4 C:/ST/STM32CubeCLT_1.21.0/GNU-tools-for-STM32/bin/../lib/gcc/arm-none-eabi/14.3.1/thumb/v7-m/nofp/crti.o
                0x08006e8c                _init
 .init          0x08006e90        0x8 C:/ST/STM32CubeCLT_1.21.0/GNU-tools-for-STM32/bin/../lib/gcc/arm-none-eabi/14.3.1/thumb/v7-m/nofp/crtn.o
 *(.fini)
 .fini          0x08006e98        0x4 C:/ST/STM32CubeCLT_1.21.0/GNU-tools-for-STM32/bin/../lib/gcc/arm-none-eabi/14.3.1/thumb/v7-m/nofp/crti.o
                0x08006e98                _fini
 .fini          0x08006e9c        0x8 C:/ST/STM32CubeCLT_1.21.0/GNU-tools-for-STM32/bin/../lib/gcc/arm-none-eabi/14.3.1/thumb/v7-m/nofp/crtn.o
                0x08006ea4                        . = ALIGN (0x4)
                0x08006ea4                        _etext = .

.vfp11_veneer   0x08006ea4        0x0
 .vfp11_veneer  0x08006ea4        0x0 linker stubs

.v4_bx          0x08006ea4        0x0
 .v4_bx         0x08006ea4        0x0 linker stubs

.iplt           0x08006ea4        0x0
 .iplt          0x08006ea4        0x0 C:/ST/STM32CubeCLT_1.21.0/GNU-tools-for-STM32/bin/../lib/gcc/arm-none-eabi/14.3.1/thumb/v7-m/nofp/crtbegin.o

.rodata         0x08006ea4      0x2fc
                0x08006ea4                        . = ALIGN (0x4)
 *(.rodata)
 .rodata        0x08006ea4        0x8 build/main.o
 *(.rodata*)
 .rodata.load_custom_chars.str1.4
                0x08006eac      0x191 build/main.o
                                  0x9 (size before relaxing)
 *fill*         0x0800703d        0x3 
 .rodata.aPredivFactorTable.0
                0x08007040        0x2 build/stm32f1xx_hal_rcc.o
 *fill*         0x08007042        0x2 
 .rodata.aPLLMULFactorTable.1
                0x08007044       0x10 build/stm32f1xx_hal_rcc.o
 .rodata.APBPrescTable
                0x08007054        0x8 build/system_stm32f1xx.o
                0x08007054                APBPrescTable
 .rodata.AHBPrescTable
                0x0800705c       0x10 build/system_stm32f1xx.o
                0x0800705c                AHBPrescTable
 .rodata.build_preview_row.str1.4
                0x0800706c        0xb build/tetris.o
 .rodata.Tetris_DrawTerminal.str1.4
                0x0800706c       0xff build/tetris.o
 .rodata.Tetris_DrawLCD.str1.4
                0x0800706c       0x79 build/tetris.o
 .rodata.names.0
                0x0800706c        0x7 build/tetris.o
 *fill*         0x08007073        0x1 
 .rodata.line_scores.1
                0x08007074        0xa build/tetris.o
 *fill*         0x0800707e        0x2 
 .rodata.kicks.2
                0x08007080        0x5 build/tetris.o
 *fill*         0x08007085        0x3 
 .rodata.SHAPES
                0x08007088       0x38 build/tetris.o
 .rodata.srand.str1.1
                0x080070c0       0xde C:/ST/STM32CubeCLT_1.21.0/GNU-tools-for-STM32/bin/../lib/gcc/arm-none-eabi/14.3.1/../../../../arm-none-eabi/lib/thumb/v7-m/nofp\libc_nano.a(libc_a-rand.o)
                                 0x6f (size before relaxing)
 .rodata.__assert_func.str1.1
                0x0800719e       0x3d C:/ST/STM32CubeCLT_1.21.0/GNU-tools-for-STM32/bin/../lib/gcc/arm-none-eabi/14.3.1/../../../../arm-none-eabi/lib/thumb/v7-m/nofp\libc_nano.a(libc_a-assert.o)
 .rodata._svfprintf_r.str1.1
                0x0800719e       0x11 C:/ST/STM32CubeCLT_1.21.0/GNU-tools-for-STM32/bin/../lib/gcc/arm-none-eabi/14.3.1/../../../../arm-none-eabi/lib/thumb/v7-m/nofp\libc_nano.a(libc_a-nano-svfprintf.o)
 .rodata._printf_i.str1.1
                0x0800719e       0x22 C:/ST/STM32CubeCLT_1.21.0/GNU-tools-for-STM32/bin/../lib/gcc/arm-none-eabi/14.3.1/../../../../arm-none-eabi/lib/thumb/v7-m/nofp\libc_nano.a(libc_a-nano-vfprintf_i.o)
 .rodata._vfprintf_r.str1.1
                0x0800719e       0x11 C:/ST/STM32CubeCLT_1.21.0/GNU-tools-for-STM32/bin/../lib/gcc/arm-none-eabi/14.3.1/../../../../arm-none-eabi/lib/thumb/v7-m/nofp\libc_nano.a(libc_a-nano-vfprintf.o)
                0x080071dc                        . = ALIGN (0x4)
 *fill*         0x0800719e        0x2 

.ARM.extab      0x080071a0        0x0
                0x080071a0                        . = ALIGN (0x4)
 *(.ARM.extab* .gnu.linkonce.armextab.*)
                0x080071a0                        . = ALIGN (0x4)

.ARM            0x080071a0        0x8
                0x080071a0                        . = ALIGN (0x4)
                0x080071a0                        __exidx_start = .
 *(.ARM.exidx*)
 .ARM.exidx     0x080071a0        0x8 C:/ST/STM32CubeCLT_1.21.0/GNU-tools-for-STM32/bin/../lib/gcc/arm-none-eabi/14.3.1/../../../../arm-none-eabi/lib/thumb/v7-m/nofp\libc_nano.a(libc_a-strlen.o)
                0x080071a8                        __exidx_end = .
                0x080071a8                        . = ALIGN (0x4)

.preinit_array  0x080071a8        0x0
                0x080071a8                        . = ALIGN (0x4)
                0x080071a8                        PROVIDE (__preinit_array_start = .)
 *(.preinit_array*)
                0x080071a8                        PROVIDE (__preinit_array_end = .)
                0x080071a8                        . = ALIGN (0x4)

.init_array     0x080071a8        0x4
                0x080071a8                        . = ALIGN (0x4)
                0x080071a8                        PROVIDE (__init_array_start = .)
 *(SORT_BY_NAME(.init_array.*))
 *(.init_array*)
 .init_array    0x080071a8        0x4 C:/ST/STM32CubeCLT_1.21.0/GNU-tools-for-STM32/bin/../lib/gcc/arm-none-eabi/14.3.1/thumb/v7-m/nofp/crtbegin.o
                0x080071ac                        PROVIDE (__init_array_end = .)
                0x080071ac                        . = ALIGN (0x4)

.fini_array     0x080071ac        0x4
                0x080071ac                        . = ALIGN (0x4)
                [!provide]                        PROVIDE (__fini_array_start = .)
 *(SORT_BY_NAME(.fini_array.*))
 *(.fini_array*)
 .fini_array    0x080071ac        0x4 C:/ST/STM32CubeCLT_1.21.0/GNU-tools-for-STM32/bin/../lib/gcc/arm-none-eabi/14.3.1/thumb/v7-m/nofp/crtbegin.o
                [!provide]                        PROVIDE (__fini_array_end = .)
                0x080071b0                        . = ALIGN (0x4)
                0x080071b0                        _sidata = LOADADDR (.data)

.rel.dyn        0x080071b0        0x0
 .rel.iplt      0x080071b0        0x0 C:/ST/STM32CubeCLT_1.21.0/GNU-tools-for-STM32/bin/../lib/gcc/arm-none-eabi/14.3.1/thumb/v7-m/nofp/crtbegin.o

.data           0x20000000       0xbc load address 0x080071b0
                0x20000000                        . = ALIGN (0x4)
                0x20000000                        _sdata = .
 *(.data)
 *(.data*)
 .data.uwTickFreq
                0x20000000        0x1 build/stm32f1xx_hal.o
                0x20000000                uwTickFreq
 *fill*         0x20000001        0x3 
 .data.uwTickPrio
                0x20000004        0x4 build/stm32f1xx_hal.o
                0x20000004                uwTickPrio
 .data.SystemCoreClock
                0x20000008        0x4 build/system_stm32f1xx.o
                0x20000008                SystemCoreClock
 .data.B        0x2000000c       0x50 build/buttons.o
 .data.level    0x2000005c        0x1 build/tetris.o
 .data.bag_index
                0x2000005d        0x1 build/tetris.o
 *fill*         0x2000005e        0x2 
 .data.__sglue  0x20000060        0xc C:/ST/STM32CubeCLT_1.21.0/GNU-tools-for-STM32/bin/../lib/gcc/arm-none-eabi/14.3.1/../../../../arm-none-eabi/lib/thumb/v7-m/nofp\libc_nano.a(libc_a-findfp.o)
                0x20000060                __sglue
 .data._impure_ptr
                0x2000006c        0x4 C:/ST/STM32CubeCLT_1.21.0/GNU-tools-for-STM32/bin/../lib/gcc/arm-none-eabi/14.3.1/../../../../arm-none-eabi/lib/thumb/v7-m/nofp\libc_nano.a(libc_a-impure.o)
                0x2000006c                _impure_ptr
 .data._impure_data
                0x20000070       0x4c C:/ST/STM32CubeCLT_1.21.0/GNU-tools-for-STM32/bin/../lib/gcc/arm-none-eabi/14.3.1/../../../../arm-none-eabi/lib/thumb/v7-m/nofp\libc_nano.a(libc_a-impure.o)
                0x20000070                _impure_data
 *(.RamFunc)
 *(.RamFunc*)
                0x200000bc                        . = ALIGN (0x4)
                0x200000bc                        _edata = .

.igot.plt       0x200000bc        0x0 load address 0x0800726c
 .igot.plt      0x200000bc        0x0 C:/ST/STM32CubeCLT_1.21.0/GNU-tools-for-STM32/bin/../lib/gcc/arm-none-eabi/14.3.1/thumb/v7-m/nofp/crtbegin.o
                0x200000bc                        . = ALIGN (0x4)

.bss            0x200000bc      0x60c load address 0x0800726c
                0x200000bc                        _sbss = .
                0x200000bc                        __bss_start__ = _sbss
 *(.bss)
 .bss           0x200000bc       0x1c C:/ST/STM32CubeCLT_1.21.0/GNU-tools-for-STM32/bin/../lib/gcc/arm-none-eabi/14.3.1/thumb/v7-m/nofp/crtbegin.o
 *(.bss*)
 .bss.last_led_toggle.0
                0x200000d8        0x4 build/main.o
 .bss.pending_uart_cmd
                0x200000dc        0x1 build/main.o
 .bss.rx_data   0x200000dd        0x1 build/main.o
                0x200000dd                rx_data
 *fill*         0x200000de        0x2 
 .bss.huart1    0x200000e0       0x48 build/main.o
                0x200000e0                huart1
 .bss.htim2     0x20000128       0x48 build/main.o
                0x20000128                htim2
 .bss.hi2c1     0x20000170       0x54 build/main.o
                0x20000170                hi2c1
 .bss.uwTick    0x200001c4        0x4 build/stm32f1xx_hal.o
                0x200001c4                uwTick
 .bss.hpcd_USB_FS
                0x200001c8      0x2f0 build/usbd_conf.o
                0x200001c8                hpcd_USB_FS
 .bss.cfgidx.0  0x200004b8        0x1 build/usbd_ctlreq.o
 *fill*         0x200004b9        0x3 
 .bss.__sbrk_heap_end
                0x200004bc        0x4 build/sysmem.o
 .bss.game_over
                0x200004c0        0x1 build/tetris.o
 .bss.paused    0x200004c1        0x1 build/tetris.o
 .bss.lines     0x200004c2        0x2 build/tetris.o
 .bss.score     0x200004c4        0x4 build/tetris.o
 .bss.next_piece
                0x200004c8        0x1 build/tetris.o
 *fill*         0x200004c9        0x3 
 .bss.piece_bag
                0x200004cc        0x7 build/tetris.o
 .bss.piece_rot
                0x200004d3        0x1 build/tetris.o
 .bss.piece_type
                0x200004d4        0x1 build/tetris.o
 .bss.piece_y   0x200004d5        0x1 build/tetris.o
 .bss.piece_x   0x200004d6        0x1 build/tetris.o
 *fill*         0x200004d7        0x1 
 .bss.last_fall_time
                0x200004d8        0x4 build/tetris.o
                0x200004d8                last_fall_time
 .bss.board     0x200004dc       0xa0 build/tetris.o
 .bss.__sf      0x2000057c      0x138 C:/ST/STM32CubeCLT_1.21.0/GNU-tools-for-STM32/bin/../lib/gcc/arm-none-eabi/14.3.1/../../../../arm-none-eabi/lib/thumb/v7-m/nofp\libc_nano.a(libc_a-findfp.o)
                0x2000057c                __sf
 .bss.__stdio_exit_handler
                0x200006b4        0x4 C:/ST/STM32CubeCLT_1.21.0/GNU-tools-for-STM32/bin/../lib/gcc/arm-none-eabi/14.3.1/../../../../arm-none-eabi/lib/thumb/v7-m/nofp\libc_nano.a(libc_a-findfp.o)
                0x200006b4                __stdio_exit_handler
 .bss.errno     0x200006b8        0x4 C:/ST/STM32CubeCLT_1.21.0/GNU-tools-for-STM32/bin/../lib/gcc/arm-none-eabi/14.3.1/../../../../arm-none-eabi/lib/thumb/v7-m/nofp\libc_nano.a(libc_a-reent.o)
                0x200006b8                errno
 .bss.__lock___malloc_recursive_mutex
                0x200006bc        0x1 C:/ST/STM32CubeCLT_1.21.0/GNU-tools-for-STM32/bin/../lib/gcc/arm-none-eabi/14.3.1/../../../../arm-none-eabi/lib/thumb/v7-m/nofp\libc_nano.a(libc_a-lock.o)
                0x200006bc                __lock___malloc_recursive_mutex
 .bss.__lock___sfp_recursive_mutex
                0x200006bd        0x1 C:/ST/STM32CubeCLT_1.21.0/GNU-tools-for-STM32/bin/../lib/gcc/arm-none-eabi/14.3.1/../../../../arm-none-eabi/lib/thumb/v7-m/nofp\libc_nano.a(libc_a-lock.o)
                0x200006bd                __lock___sfp_recursive_mutex
 *fill*         0x200006be        0x2 
 .bss.__malloc_sbrk_start
                0x200006c0        0x4 C:/ST/STM32CubeCLT_1.21.0/GNU-tools-for-STM32/bin/../lib/gcc/arm-none-eabi/14.3.1/../../../../arm-none-eabi/lib/thumb/v7-m/nofp\libc_nano.a(libc_a-mallocr.o)
                0x200006c0                __malloc_sbrk_start
 .bss.__malloc_free_list
                0x200006c4        0x4 C:/ST/STM32CubeCLT_1.21.0/GNU-tools-for-STM32/bin/../lib/gcc/arm-none-eabi/14.3.1/../../../../arm-none-eabi/lib/thumb/v7-m/nofp\libc_nano.a(libc_a-mallocr.o)
                0x200006c4                __malloc_free_list
 *(COMMON)
                0x200006c8                        . = ALIGN (0x4)
                0x200006c8                        _ebss = .
                0x200006c8                        __bss_end__ = _ebss

._user_heap_stack
                0x200006c8      0x600 load address 0x0800726c
                0x200006c8                        . = ALIGN (0x8)
                [!provide]                        PROVIDE (end = .)
                0x200006c8                        PROVIDE (_end = .)
                0x200008c8                        . = (. + _Min_Heap_Size)
 *fill*         0x200006c8      0x200 
                0x20000cc8                        . = (. + _Min_Stack_Size)
 *fill*         0x200008c8      0x400 
                0x20000cc8                        . = ALIGN (0x8)

/DISCARD/
 libc.a(*)
 libm.a(*)
 libgcc.a(*)
OUTPUT(build/Test1.elf elf32-littlearm)
LOAD linker stubs
LOAD C:/ST/STM32CubeCLT_1.21.0/GNU-tools-for-STM32/bin/../lib/gcc/arm-none-eabi/14.3.1/../../../../arm-none-eabi/lib/thumb/v7-m/nofp\libc.a
LOAD C:/ST/STM32CubeCLT_1.21.0/GNU-tools-for-STM32/bin/../lib/gcc/arm-none-eabi/14.3.1/../../../../arm-none-eabi/lib/thumb/v7-m/nofp\libm.a
LOAD C:/ST/STM32CubeCLT_1.21.0/GNU-tools-for-STM32/bin/../lib/gcc/arm-none-eabi/14.3.1/thumb/v7-m/nofp\libgcc.a

.ARM.attributes
                0x00000000       0x29
 .ARM.attributes
                0x00000000       0x1d C:/ST/STM32CubeCLT_1.21.0/GNU-tools-for-STM32/bin/../lib/gcc/arm-none-eabi/14.3.1/thumb/v7-m/nofp/crti.o
 .ARM.attributes
                0x0000001d       0x2d C:/ST/STM32CubeCLT_1.21.0/GNU-tools-for-STM32/bin/../lib/gcc/arm-none-eabi/14.3.1/thumb/v7-m/nofp/crtbegin.o
 .ARM.attributes
                0x0000004a       0x2d build/main.o
 .ARM.attributes
                0x00000077       0x2d build/stm32f1xx_it.o
 .ARM.attributes
                0x000000a4       0x2d build/stm32f1xx_hal_msp.o
 .ARM.attributes
                0x000000d1       0x2d build/stm32f1xx_hal_tim.o
 .ARM.attributes
                0x000000fe       0x2d build/stm32f1xx_hal_tim_ex.o
 .ARM.attributes
                0x0000012b       0x2d build/stm32f1xx_hal_pcd.o
 .ARM.attributes
                0x00000158       0x2d build/stm32f1xx_ll_usb.o
 .ARM.attributes
                0x00000185       0x2d build/stm32f1xx_hal.o
 .ARM.attributes
                0x000001b2       0x2d build/stm32f1xx_hal_rcc.o
 .ARM.attributes
                0x000001df       0x2d build/stm32f1xx_hal_rcc_ex.o
 .ARM.attributes
                0x0000020c       0x2d build/stm32f1xx_hal_gpio.o
 .ARM.attributes
                0x00000239       0x2d build/stm32f1xx_hal_dma.o
 .ARM.attributes
                0x00000266       0x2d build/stm32f1xx_hal_cortex.o
 .ARM.attributes
                0x00000293       0x2d build/system_stm32f1xx.o
 .ARM.attributes
                0x000002c0       0x2d build/usbd_conf.o
 .ARM.attributes
                0x000002ed       0x2d build/stm32f1xx_hal_uart.o
 .ARM.attributes
                0x0000031a       0x2d build/usbd_core.o
 .ARM.attributes
                0x00000347       0x2d build/usbd_ctlreq.o
 .ARM.attributes
                0x00000374       0x2d build/usbd_ioreq.o
 .ARM.attributes
                0x000003a1       0x2d build/sysmem.o
 .ARM.attributes
                0x000003ce       0x2d build/syscalls.o
 .ARM.attributes
                0x000003fb       0x2d build/buttons.o
 .ARM.attributes
                0x00000428       0x2d build/tetris.o
 .ARM.attributes
                0x00000455       0x2d build/i2c-lcd.o
 .ARM.attributes
                0x00000482       0x2d build/stm32f1xx_hal_i2c.o
 .ARM.attributes
                0x000004af       0x21 build/startup_stm32f103xb.o
 .ARM.attributes
                0x000004d0       0x2d C:/ST/STM32CubeCLT_1.21.0/GNU-tools-for-STM32/bin/../lib/gcc/arm-none-eabi/14.3.1/../../../../arm-none-eabi/lib/thumb/v7-m/nofp\libc_nano.a(libc_a-rand.o)
 .ARM.attributes
                0x000004fd       0x2d C:/ST/STM32CubeCLT_1.21.0/GNU-tools-for-STM32/bin/../lib/gcc/arm-none-eabi/14.3.1/../../../../arm-none-eabi/lib/thumb/v7-m/nofp\libc_nano.a(libc_a-findfp.o)
 .ARM.attributes
                0x0000052a       0x2d C:/ST/STM32CubeCLT_1.21.0/GNU-tools-for-STM32/bin/../lib/gcc/arm-none-eabi/14.3.1/../../../../arm-none-eabi/lib/thumb/v7-m/nofp\libc_nano.a(libc_a-fwalk.o)
 .ARM.attributes
                0x00000557       0x2d C:/ST/STM32CubeCLT_1.21.0/GNU-tools-for-STM32/bin/../lib/gcc/arm-none-eabi/14.3.1/../../../../arm-none-eabi/lib/thumb/v7-m/nofp\libc_nano.a(libc_a-snprintf.o)
 .ARM.attributes
                0x00000584       0x2d C:/ST/STM32CubeCLT_1.21.0/GNU-tools-for-STM32/bin/../lib/gcc/arm-none-eabi/14.3.1/../../../../arm-none-eabi/lib/thumb/v7-m/nofp\libc_nano.a(libc_a-stdio.o)
 .ARM.attributes
                0x000005b1       0x2d C:/ST/STM32CubeCLT_1.21.0/GNU-tools-for-STM32/bin/../lib/gcc/arm-none-eabi/14.3.1/../../../../arm-none-eabi/lib/thumb/v7-m/nofp\libc_nano.a(libc_a-memset.o)
 .ARM.attributes
                0x000005de       0x2d C:/ST/STM32CubeCLT_1.21.0/GNU-tools-for-STM32/bin/../lib/gcc/arm-none-eabi/14.3.1/../../../../arm-none-eabi/lib/thumb/v7-m/nofp\libc_nano.a(libc_a-closer.o)
 .ARM.attributes
                0x0000060b       0x2d C:/ST/STM32CubeCLT_1.21.0/GNU-tools-for-STM32/bin/../lib/gcc/arm-none-eabi/14.3.1/../../../../arm-none-eabi/lib/thumb/v7-m/nofp\libc_nano.a(libc_a-reent.o)
 .ARM.attributes
                0x00000638       0x2d C:/ST/STM32CubeCLT_1.21.0/GNU-tools-for-STM32/bin/../lib/gcc/arm-none-eabi/14.3.1/../../../../arm-none-eabi/lib/thumb/v7-m/nofp\libc_nano.a(libc_a-impure.o)
 .ARM.attributes
                0x00000665       0x2d C:/ST/STM32CubeCLT_1.21.0/GNU-tools-for-STM32/bin/../lib/gcc/arm-none-eabi/14.3.1/../../../../arm-none-eabi/lib/thumb/v7-m/nofp\libc_nano.a(libc_a-lseekr.o)
 .ARM.attributes
                0x00000692       0x2d C:/ST/STM32CubeCLT_1.21.0/GNU-tools-for-STM32/bin/../lib/gcc/arm-none-eabi/14.3.1/../../../../arm-none-eabi/lib/thumb/v7-m/nofp\libc_nano.a(libc_a-readr.o)
 .ARM.attributes
                0x000006bf       0x2d C:/ST/STM32CubeCLT_1.21.0/GNU-tools-for-STM32/bin/../lib/gcc/arm-none-eabi/14.3.1/../../../../arm-none-eabi/lib/thumb/v7-m/nofp\libc_nano.a(libc_a-writer.o)
 .ARM.attributes
                0x000006ec       0x2d C:/ST/STM32CubeCLT_1.21.0/GNU-tools-for-STM32/bin/../lib/gcc/arm-none-eabi/14.3.1/../../../../arm-none-eabi/lib/thumb/v7-m/nofp\libc_nano.a(libc_a-errno.o)
 .ARM.attributes
                0x00000719       0x2d C:/ST/STM32CubeCLT_1.21.0/GNU-tools-for-STM32/bin/../lib/gcc/arm-none-eabi/14.3.1/../../../../arm-none-eabi/lib/thumb/v7-m/nofp\libc_nano.a(libc_a-init.o)
 .ARM.attributes
                0x00000746       0x2d C:/ST/STM32CubeCLT_1.21.0/GNU-tools-for-STM32/bin/../lib/gcc/arm-none-eabi/14.3.1/../../../../arm-none-eabi/lib/thumb/v7-m/nofp\libc_nano.a(libc_a-lock.o)
 .ARM.attributes
                0x00000773       0x17 C:/ST/STM32CubeCLT_1.21.0/GNU-tools-for-STM32/bin/../lib/gcc/arm-none-eabi/14.3.1/../../../../arm-none-eabi/lib/thumb/v7-m/nofp\libc_nano.a(libc_a-strlen.o)
 .ARM.attributes
                0x0000078a       0x2d C:/ST/STM32CubeCLT_1.21.0/GNU-tools-for-STM32/bin/../lib/gcc/arm-none-eabi/14.3.1/../../../../arm-none-eabi/lib/thumb/v7-m/nofp\libc_nano.a(libc_a-assert.o)
 .ARM.attributes
                0x000007b7       0x2d C:/ST/STM32CubeCLT_1.21.0/GNU-tools-for-STM32/bin/../lib/gcc/arm-none-eabi/14.3.1/../../../../arm-none-eabi/lib/thumb/v7-m/nofp\libc_nano.a(libc_a-freer.o)
 .ARM.attributes
                0x000007e4       0x2d C:/ST/STM32CubeCLT_1.21.0/GNU-tools-for-STM32/bin/../lib/gcc/arm-none-eabi/14.3.1/../../../../arm-none-eabi/lib/thumb/v7-m/nofp\libc_nano.a(libc_a-malloc.o)
 .ARM.attributes
                0x00000811       0x2d C:/ST/STM32CubeCLT_1.21.0/GNU-tools-for-STM32/bin/../lib/gcc/arm-none-eabi/14.3.1/../../../../arm-none-eabi/lib/thumb/v7-m/nofp\libc_nano.a(libc_a-mallocr.o)
 .ARM.attributes
                0x0000083e       0x2d C:/ST/STM32CubeCLT_1.21.0/GNU-tools-for-STM32/bin/../lib/gcc/arm-none-eabi/14.3.1/../../../../arm-none-eabi/lib/thumb/v7-m/nofp\libc_nano.a(libc_a-mlock.o)
 .ARM.attributes
                0x0000086b       0x2d C:/ST/STM32CubeCLT_1.21.0/GNU-tools-for-STM32/bin/../lib/gcc/arm-none-eabi/14.3.1/../../../../arm-none-eabi/lib/thumb/v7-m/nofp\libc_nano.a(libc_a-nano-svfprintf.o)
 .ARM.attributes
                0x00000898       0x2d C:/ST/STM32CubeCLT_1.21.0/GNU-tools-for-STM32/bin/../lib/gcc/arm-none-eabi/14.3.1/../../../../arm-none-eabi/lib/thumb/v7-m/nofp\libc_nano.a(libc_a-nano-vfprintf_i.o)
 .ARM.attributes
                0x000008c5       0x2d C:/ST/STM32CubeCLT_1.21.0/GNU-tools-for-STM32/bin/../lib/gcc/arm-none-eabi/14.3.1/../../../../arm-none-eabi/lib/thumb/v7-m/nofp\libc_nano.a(libc_a-fflush.o)
 .ARM.attributes
                0x000008f2       0x2d C:/ST/STM32CubeCLT_1.21.0/GNU-tools-for-STM32/bin/../lib/gcc/arm-none-eabi/14.3.1/../../../../arm-none-eabi/lib/thumb/v7-m/nofp\libc_nano.a(libc_a-fprintf.o)
 .ARM.attributes
                0x0000091f       0x2d C:/ST/STM32CubeCLT_1.21.0/GNU-tools-for-STM32/bin/../lib/gcc/arm-none-eabi/14.3.1/../../../../arm-none-eabi/lib/thumb/v7-m/nofp\libc_nano.a(libc_a-memmove.o)
 .ARM.attributes
                0x0000094c       0x2d C:/ST/STM32CubeCLT_1.21.0/GNU-tools-for-STM32/bin/../lib/gcc/arm-none-eabi/14.3.1/../../../../arm-none-eabi/lib/thumb/v7-m/nofp\libc_nano.a(libc_a-sbrkr.o)
 .ARM.attributes
                0x00000979       0x2d C:/ST/STM32CubeCLT_1.21.0/GNU-tools-for-STM32/bin/../lib/gcc/arm-none-eabi/14.3.1/../../../../arm-none-eabi/lib/thumb/v7-m/nofp\libc_nano.a(libc_a-memchr-stub.o)
 .ARM.attributes
                0x000009a6       0x2d C:/ST/STM32CubeCLT_1.21.0/GNU-tools-for-STM32/bin/../lib/gcc/arm-none-eabi/14.3.1/../../../../arm-none-eabi/lib/thumb/v7-m/nofp\libc_nano.a(libc_a-memcpy-stub.o)
 .ARM.attributes
                0x000009d3       0x2d C:/ST/STM32CubeCLT_1.21.0/GNU-tools-for-STM32/bin/../lib/gcc/arm-none-eabi/14.3.1/../../../../arm-none-eabi/lib/thumb/v7-m/nofp\libc_nano.a(libc_a-abort.o)
 .ARM.attributes
                0x00000a00       0x2d C:/ST/STM32CubeCLT_1.21.0/GNU-tools-for-STM32/bin/../lib/gcc/arm-none-eabi/14.3.1/../../../../arm-none-eabi/lib/thumb/v7-m/nofp\libc_nano.a(libc_a-reallocr.o)
 .ARM.attributes
                0x00000a2d       0x2d C:/ST/STM32CubeCLT_1.21.0/GNU-tools-for-STM32/bin/../lib/gcc/arm-none-eabi/14.3.1/../../../../arm-none-eabi/lib/thumb/v7-m/nofp\libc_nano.a(libc_a-nano-vfprintf.o)
 .ARM.attributes
                0x00000a5a       0x2d C:/ST/STM32CubeCLT_1.21.0/GNU-tools-for-STM32/bin/../lib/gcc/arm-none-eabi/14.3.1/../../../../arm-none-eabi/lib/thumb/v7-m/nofp\libc_nano.a(libc_a-wbuf.o)
 .ARM.attributes
                0x00000a87       0x2d C:/ST/STM32CubeCLT_1.21.0/GNU-tools-for-STM32/bin/../lib/gcc/arm-none-eabi/14.3.1/../../../../arm-none-eabi/lib/thumb/v7-m/nofp\libc_nano.a(libc_a-wsetup.o)
 .ARM.attributes
                0x00000ab4       0x2d C:/ST/STM32CubeCLT_1.21.0/GNU-tools-for-STM32/bin/../lib/gcc/arm-none-eabi/14.3.1/../../../../arm-none-eabi/lib/thumb/v7-m/nofp\libc_nano.a(libc_a-signal.o)
 .ARM.attributes
                0x00000ae1       0x2d C:/ST/STM32CubeCLT_1.21.0/GNU-tools-for-STM32/bin/../lib/gcc/arm-none-eabi/14.3.1/../../../../arm-none-eabi/lib/thumb/v7-m/nofp\libc_nano.a(libc_a-signalr.o)
 .ARM.attributes
                0x00000b0e       0x2d C:/ST/STM32CubeCLT_1.21.0/GNU-tools-for-STM32/bin/../lib/gcc/arm-none-eabi/14.3.1/../../../../arm-none-eabi/lib/thumb/v7-m/nofp\libc_nano.a(libc_a-msizer.o)
 .ARM.attributes
                0x00000b3b       0x2d C:/ST/STM32CubeCLT_1.21.0/GNU-tools-for-STM32/bin/../lib/gcc/arm-none-eabi/14.3.1/../../../../arm-none-eabi/lib/thumb/v7-m/nofp\libc_nano.a(libc_a-makebuf.o)
 .ARM.attributes
                0x00000b68       0x2d C:/ST/STM32CubeCLT_1.21.0/GNU-tools-for-STM32/bin/../lib/gcc/arm-none-eabi/14.3.1/../../../../arm-none-eabi/lib/thumb/v7-m/nofp\libc_nano.a(libc_a-fstatr.o)
 .ARM.attributes
                0x00000b95       0x2d C:/ST/STM32CubeCLT_1.21.0/GNU-tools-for-STM32/bin/../lib/gcc/arm-none-eabi/14.3.1/../../../../arm-none-eabi/lib/thumb/v7-m/nofp\libc_nano.a(libc_a-isattyr.o)
 .ARM.attributes
                0x00000bc2       0x1d C:/ST/STM32CubeCLT_1.21.0/GNU-tools-for-STM32/bin/../lib/gcc/arm-none-eabi/14.3.1/thumb/v7-m/nofp/crtn.o

.comment        0x00000000       0x43
 .comment       0x00000000       0x43 build/main.o
                                 0x44 (size before relaxing)
 .comment       0x00000043       0x44 build/stm32f1xx_it.o
 .comment       0x00000043       0x44 build/stm32f1xx_hal_msp.o
 .comment       0x00000043       0x44 build/stm32f1xx_hal_tim.o
 .comment       0x00000043       0x44 build/stm32f1xx_hal_tim_ex.o
 .comment       0x00000043       0x44 build/stm32f1xx_hal_pcd.o
 .comment       0x00000043       0x44 build/stm32f1xx_ll_usb.o
 .comment       0x00000043       0x44 build/stm32f1xx_hal.o
 .comment       0x00000043       0x44 build/stm32f1xx_hal_rcc.o
 .comment       0x00000043       0x44 build/stm32f1xx_hal_rcc_ex.o
 .comment       0x00000043       0x44 build/stm32f1xx_hal_gpio.o
 .comment       0x00000043       0x44 build/stm32f1xx_hal_dma.o
 .comment       0x00000043       0x44 build/stm32f1xx_hal_cortex.o
 .comment       0x00000043       0x44 build/system_stm32f1xx.o
 .comment       0x00000043       0x44 build/usbd_conf.o
 .comment       0x00000043       0x44 build/stm32f1xx_hal_uart.o
 .comment       0x00000043       0x44 build/usbd_core.o
 .comment       0x00000043       0x44 build/usbd_ctlreq.o
 .comment       0x00000043       0x44 build/usbd_ioreq.o
 .comment       0x00000043       0x44 build/sysmem.o
 .comment       0x00000043       0x44 build/syscalls.o
 .comment       0x00000043       0x44 build/buttons.o
 .comment       0x00000043       0x44 build/tetris.o
 .comment       0x00000043       0x44 build/i2c-lcd.o
 .comment       0x00000043       0x44 build/stm32f1xx_hal_i2c.o

.debug_info     0x00000000    0x2140b
 .debug_info    0x00000000     0x1d1d build/main.o
 .debug_info    0x00001d1d     0x1018 build/stm32f1xx_it.o
 .debug_info    0x00002d35     0x140a build/stm32f1xx_hal_msp.o
 .debug_info    0x0000413f     0x411c build/stm32f1xx_hal_tim.o
 .debug_info    0x0000825b     0x1d41 build/stm32f1xx_hal_tim_ex.o
 .debug_info    0x00009f9c     0x1f83 build/stm32f1xx_hal_pcd.o
 .debug_info    0x0000bf1f     0x1d27 build/stm32f1xx_ll_usb.o
 .debug_info    0x0000dc46      0x880 build/stm32f1xx_hal.o
 .debug_info    0x0000e4c6      0xb10 build/stm32f1xx_hal_rcc.o
 .debug_info    0x0000efd6      0x47d build/stm32f1xx_hal_rcc_ex.o
 .debug_info    0x0000f453      0x6d7 build/stm32f1xx_hal_gpio.o
 .debug_info    0x0000fb2a      0x8d5 build/stm32f1xx_hal_dma.o
 .debug_info    0x000103ff      0xe3f build/stm32f1xx_hal_cortex.o
 .debug_info    0x0001123e      0x26e build/system_stm32f1xx.o
 .debug_info    0x000114ac     0x2052 build/usbd_conf.o
 .debug_info    0x000134fe     0x440c build/stm32f1xx_hal_uart.o
 .debug_info    0x0001790a      0xf97 build/usbd_core.o
 .debug_info    0x000188a1     0x1203 build/usbd_ctlreq.o
 .debug_info    0x00019aa4      0x946 build/usbd_ioreq.o
 .debug_info    0x0001a3ea      0x18c build/sysmem.o
 .debug_info    0x0001a576      0x853 build/syscalls.o
 .debug_info    0x0001adc9      0x405 build/buttons.o
 .debug_info    0x0001b1ce     0x1af1 build/tetris.o
 .debug_info    0x0001ccbf      0x9fc build/i2c-lcd.o
 .debug_info    0x0001d6bb     0x3d20 build/stm32f1xx_hal_i2c.o
 .debug_info    0x000213db       0x30 build/startup_stm32f103xb.o

.debug_abbrev   0x00000000     0x3e99
 .debug_abbrev  0x00000000      0x399 build/main.o
 .debug_abbrev  0x00000399      0x1b7 build/stm32f1xx_it.o
 .debug_abbrev  0x00000550      0x236 build/stm32f1xx_hal_msp.o
 .debug_abbrev  0x00000786      0x2bd build/stm32f1xx_hal_tim.o
 .debug_abbrev  0x00000a43      0x2b7 build/stm32f1xx_hal_tim_ex.o
 .debug_abbrev  0x00000cfa      0x32d build/stm32f1xx_hal_pcd.o
 .debug_abbrev  0x00001027      0x262 build/stm32f1xx_ll_usb.o
 .debug_abbrev  0x00001289      0x232 build/stm32f1xx_hal.o
 .debug_abbrev  0x000014bb      0x2d6 build/stm32f1xx_hal_rcc.o
 .debug_abbrev  0x00001791      0x1d4 build/stm32f1xx_hal_rcc_ex.o
 .debug_abbrev  0x00001965      0x222 build/stm32f1xx_hal_gpio.o
 .debug_abbrev  0x00001b87      0x261 build/stm32f1xx_hal_dma.o
 .debug_abbrev  0x00001de8      0x3aa build/stm32f1xx_hal_cortex.o
 .debug_abbrev  0x00002192      0x140 build/system_stm32f1xx.o
 .debug_abbrev  0x000022d2      0x33e build/usbd_conf.o
 .debug_abbrev  0x00002610      0x35f build/stm32f1xx_hal_uart.o
 .debug_abbrev  0x0000296f      0x2ae build/usbd_core.o
 .debug_abbrev  0x00002c1d      0x2ec build/usbd_ctlreq.o
 .debug_abbrev  0x00002f09      0x18e build/usbd_ioreq.o
 .debug_abbrev  0x00003097       0xeb build/sysmem.o
 .debug_abbrev  0x00003182      0x1ea build/syscalls.o
 .debug_abbrev  0x0000336c      0x203 build/buttons.o
 .debug_abbrev  0x0000356f      0x3fd build/tetris.o
 .debug_abbrev  0x0000396c      0x1f2 build/i2c-lcd.o
 .debug_abbrev  0x00003b5e      0x31e build/stm32f1xx_hal_i2c.o
 .debug_abbrev  0x00003e7c       0x1d build/startup_stm32f103xb.o

.debug_loc      0x00000000    0x1dfd2
 .debug_loc     0x00000000      0x36d build/main.o
 .debug_loc     0x0000036d       0x80 build/stm32f1xx_it.o
 .debug_loc     0x000003ed      0x381 build/stm32f1xx_hal_msp.o
 .debug_loc     0x0000076e     0x612b build/stm32f1xx_hal_tim.o
 .debug_loc     0x00006899     0x226a build/stm32f1xx_hal_tim_ex.o
 .debug_loc     0x00008b03     0x1aa3 build/stm32f1xx_hal_pcd.o
 .debug_loc     0x0000a5a6     0x1b4a build/stm32f1xx_ll_usb.o
 .debug_loc     0x0000c0f0      0x1f9 build/stm32f1xx_hal.o
 .debug_loc     0x0000c2e9      0x7c6 build/stm32f1xx_hal_rcc.o
 .debug_loc     0x0000caaf      0x484 build/stm32f1xx_hal_rcc_ex.o
 .debug_loc     0x0000cf33      0x55f build/stm32f1xx_hal_gpio.o
 .debug_loc     0x0000d492      0x990 build/stm32f1xx_hal_dma.o
 .debug_loc     0x0000de22      0x8b4 build/stm32f1xx_hal_cortex.o
 .debug_loc     0x0000e6d6      0x11b build/system_stm32f1xx.o
 .debug_loc     0x0000e7f1     0x105a build/usbd_conf.o
 .debug_loc     0x0000f84b     0x520c build/stm32f1xx_hal_uart.o
 .debug_loc     0x00014a57      0xbaa build/usbd_core.o
 .debug_loc     0x00015601     0x17db build/usbd_ctlreq.o
 .debug_loc     0x00016ddc      0x3f8 build/usbd_ioreq.o
 .debug_loc     0x000171d4       0x90 build/sysmem.o
 .debug_loc     0x00017264      0x583 build/syscalls.o
 .debug_loc     0x000177e7      0x1c6 build/buttons.o
 .debug_loc     0x000179ad      0xf4c build/tetris.o
 .debug_loc     0x000188f9      0x285 build/i2c-lcd.o
 .debug_loc     0x00018b7e     0x5454 build/stm32f1xx_hal_i2c.o

.debug_aranges  0x00000000     0x15e8
 .debug_aranges
                0x00000000       0x80 build/main.o
 .debug_aranges
                0x00000080       0x78 build/stm32f1xx_it.o
 .debug_aranges
                0x000000f8       0x58 build/stm32f1xx_hal_msp.o
 .debug_aranges
                0x00000150      0x3d0 build/stm32f1xx_hal_tim.o
 .debug_aranges
                0x00000520      0x168 build/stm32f1xx_hal_tim_ex.o
 .debug_aranges
                0x00000688      0x140 build/stm32f1xx_hal_pcd.o
 .debug_aranges
                0x000007c8       0xf8 build/stm32f1xx_ll_usb.o
 .debug_aranges
                0x000008c0       0xe0 build/stm32f1xx_hal.o
 .debug_aranges
                0x000009a0       0x90 build/stm32f1xx_hal_rcc.o
 .debug_aranges
                0x00000a30       0x30 build/stm32f1xx_hal_rcc_ex.o
 .debug_aranges
                0x00000a60       0x58 build/stm32f1xx_hal_gpio.o
 .debug_aranges
                0x00000ab8       0x80 build/stm32f1xx_hal_dma.o
 .debug_aranges
                0x00000b38       0xc0 build/stm32f1xx_hal_cortex.o
 .debug_aranges
                0x00000bf8       0x28 build/system_stm32f1xx.o
 .debug_aranges
                0x00000c20      0x118 build/usbd_conf.o
 .debug_aranges
                0x00000d38      0x208 build/stm32f1xx_hal_uart.o
 .debug_aranges
                0x00000f40       0xb8 build/usbd_core.o
 .debug_aranges
                0x00000ff8       0x88 build/usbd_ctlreq.o
 .debug_aranges
                0x00001080       0x50 build/usbd_ioreq.o
 .debug_aranges
                0x000010d0       0x20 build/sysmem.o
 .debug_aranges
                0x000010f0       0xa8 build/syscalls.o
 .debug_aranges
                0x00001198       0x48 build/buttons.o
 .debug_aranges
                0x000011e0       0xf0 build/tetris.o
 .debug_aranges
                0x000012d0       0x48 build/i2c-lcd.o
 .debug_aranges
                0x00001318      0x2a8 build/stm32f1xx_hal_i2c.o
 .debug_aranges
                0x000015c0       0x28 build/startup_stm32f103xb.o

.debug_ranges   0x00000000     0x19b8
 .debug_ranges  0x00000000       0x88 build/main.o
 .debug_ranges  0x00000088       0x68 build/stm32f1xx_it.o
 .debug_ranges  0x000000f0       0x48 build/stm32f1xx_hal_msp.o
 .debug_ranges  0x00000138      0x3c0 build/stm32f1xx_hal_tim.o
 .debug_ranges  0x000004f8      0x158 build/stm32f1xx_hal_tim_ex.o
 .debug_ranges  0x00000650      0x240 build/stm32f1xx_hal_pcd.o
 .debug_ranges  0x00000890      0x320 build/stm32f1xx_ll_usb.o
 .debug_ranges  0x00000bb0       0xd0 build/stm32f1xx_hal.o
 .debug_ranges  0x00000c80       0xa0 build/stm32f1xx_hal_rcc.o
 .debug_ranges  0x00000d20       0x38 build/stm32f1xx_hal_rcc_ex.o
 .debug_ranges  0x00000d58       0x48 build/stm32f1xx_hal_gpio.o
 .debug_ranges  0x00000da0       0x70 build/stm32f1xx_hal_dma.o
 .debug_ranges  0x00000e10       0xb0 build/stm32f1xx_hal_cortex.o
 .debug_ranges  0x00000ec0       0x18 build/system_stm32f1xx.o
 .debug_ranges  0x00000ed8      0x108 build/usbd_conf.o
 .debug_ranges  0x00000fe0      0x210 build/stm32f1xx_hal_uart.o
 .debug_ranges  0x000011f0       0xa8 build/usbd_core.o
 .debug_ranges  0x00001298       0x78 build/usbd_ctlreq.o
 .debug_ranges  0x00001310       0x40 build/usbd_ioreq.o
 .debug_ranges  0x00001350       0x10 build/sysmem.o
 .debug_ranges  0x00001360       0x98 build/syscalls.o
 .debug_ranges  0x000013f8       0x38 build/buttons.o
 .debug_ranges  0x00001430      0x280 build/tetris.o
 .debug_ranges  0x000016b0       0x38 build/i2c-lcd.o
 .debug_ranges  0x000016e8      0x2b0 build/stm32f1xx_hal_i2c.o
 .debug_ranges  0x00001998       0x20 build/startup_stm32f103xb.o

.debug_line     0x00000000    0x193fc
 .debug_line    0x00000000      0x9c9 build/main.o
 .debug_line    0x000009c9      0x362 build/stm32f1xx_it.o
 .debug_line    0x00000d2b      0x468 build/stm32f1xx_hal_msp.o
 .debug_line    0x00001193     0x4575 build/stm32f1xx_hal_tim.o
 .debug_line    0x00005708     0x198d build/stm32f1xx_hal_tim_ex.o
 .debug_line    0x00007095     0x1757 build/stm32f1xx_hal_pcd.o
 .debug_line    0x000087ec     0x16db build/stm32f1xx_ll_usb.o
 .debug_line    0x00009ec7      0x56a build/stm32f1xx_hal.o
 .debug_line    0x0000a431      0xcea build/stm32f1xx_hal_rcc.o
 .debug_line    0x0000b11b      0x4e3 build/stm32f1xx_hal_rcc_ex.o
 .debug_line    0x0000b5fe      0x603 build/stm32f1xx_hal_gpio.o
 .debug_line    0x0000bc01      0xb18 build/stm32f1xx_hal_dma.o
 .debug_line    0x0000c719      0x6e1 build/stm32f1xx_hal_cortex.o
 .debug_line    0x0000cdfa      0x27f build/system_stm32f1xx.o
 .debug_line    0x0000d079      0x7f7 build/usbd_conf.o
 .debug_line    0x0000d870     0x344a build/stm32f1xx_hal_uart.o
 .debug_line    0x00010cba      0x753 build/usbd_core.o
 .debug_line    0x0001140d      0xb1e build/usbd_ctlreq.o
 .debug_line    0x00011f2b      0x2de build/usbd_ioreq.o
 .debug_line    0x00012209      0x21e build/sysmem.o
 .debug_line    0x00012427      0x432 build/syscalls.o
 .debug_line    0x00012859      0x39d build/buttons.o
 .debug_line    0x00012bf6      0xebd build/tetris.o
 .debug_line    0x00013ab3      0x365 build/i2c-lcd.o
 .debug_line    0x00013e18     0x5573 build/stm32f1xx_hal_i2c.o
 .debug_line    0x0001938b       0x71 build/startup_stm32f103xb.o

.debug_str      0x00000000     0x5bbe
 .debug_str     0x00000000     0x5bbe build/main.o
                               0x1241 (size before relaxing)
 .debug_str     0x00005bbe      0xc7d build/stm32f1xx_it.o
 .debug_str     0x00005bbe      0xf63 build/stm32f1xx_hal_msp.o
 .debug_str     0x00005bbe     0x1655 build/stm32f1xx_hal_tim.o
 .debug_str     0x00005bbe      0xe71 build/stm32f1xx_hal_tim_ex.o
 .debug_str     0x00005bbe      0xaf8 build/stm32f1xx_hal_pcd.o
 .debug_str     0x00005bbe      0x6fa build/stm32f1xx_ll_usb.o
 .debug_str     0x00005bbe      0x80e build/stm32f1xx_hal.o
 .debug_str     0x00005bbe      0x60b build/stm32f1xx_hal_rcc.o
 .debug_str     0x00005bbe      0x3b3 build/stm32f1xx_hal_rcc_ex.o
 .debug_str     0x00005bbe      0x3e0 build/stm32f1xx_hal_gpio.o
 .debug_str     0x00005bbe      0x5dd build/stm32f1xx_hal_dma.o
 .debug_str     0x00005bbe      0x8b3 build/stm32f1xx_hal_cortex.o
 .debug_str     0x00005bbe      0x234 build/system_stm32f1xx.o
 .debug_str     0x00005bbe     0x1186 build/usbd_conf.o
 .debug_str     0x00005bbe      0xcd4 build/stm32f1xx_hal_uart.o
 .debug_str     0x00005bbe      0x811 build/usbd_core.o
 .debug_str     0x00005bbe      0x72b build/usbd_ctlreq.o
 .debug_str     0x00005bbe      0x658 build/usbd_ioreq.o
 .debug_str     0x00005bbe      0x1f8 build/sysmem.o
 .debug_str     0x00005bbe      0x3cc build/syscalls.o
 .debug_str     0x00005bbe      0x2b2 build/buttons.o
 .debug_str     0x00005bbe      0x951 build/tetris.o
 .debug_str     0x00005bbe      0x6ba build/i2c-lcd.o
 .debug_str     0x00005bbe      0xfa5 build/stm32f1xx_hal_i2c.o
 .debug_str     0x00005bbe       0x6b build/startup_stm32f103xb.o

.debug_frame    0x00000000     0x46f4
 .debug_frame   0x00000000      0x160 build/main.o
 .debug_frame   0x00000160       0xf0 build/stm32f1xx_it.o
 .debug_frame   0x00000250       0xf0 build/stm32f1xx_hal_msp.o
 .debug_frame   0x00000340      0xb08 build/stm32f1xx_hal_tim.o
 .debug_frame   0x00000e48      0x40c build/stm32f1xx_hal_tim_ex.o
 .debug_frame   0x00001254      0x360 build/stm32f1xx_hal_pcd.o
 .debug_frame   0x000015b4      0x1fc build/stm32f1xx_ll_usb.o
 .debug_frame   0x000017b0      0x1cc build/stm32f1xx_hal.o
 .debug_frame   0x0000197c      0x184 build/stm32f1xx_hal_rcc.o
 .debug_frame   0x00001b00       0x60 build/stm32f1xx_hal_rcc_ex.o
 .debug_frame   0x00001b60       0xe4 build/stm32f1xx_hal_gpio.o
 .debug_frame   0x00001c44      0x144 build/stm32f1xx_hal_dma.o
 .debug_frame   0x00001d88      0x19c build/stm32f1xx_hal_cortex.o
 .debug_frame   0x00001f24       0x30 build/system_stm32f1xx.o
 .debug_frame   0x00001f54      0x2ec build/usbd_conf.o
 .debug_frame   0x00002240      0x5d4 build/stm32f1xx_hal_uart.o
 .debug_frame   0x00002814      0x1c4 build/usbd_core.o
 .debug_frame   0x000029d8      0x178 build/usbd_ctlreq.o
 .debug_frame   0x00002b50       0xb8 build/usbd_ioreq.o
 .debug_frame   0x00002c08       0x28 build/sysmem.o
 .debug_frame   0x00002c30      0x190 build/syscalls.o
 .debug_frame   0x00002dc0       0x9c build/buttons.o
 .debug_frame   0x00002e5c      0x2d0 build/tetris.o
 .debug_frame   0x0000312c       0xa8 build/i2c-lcd.o
 .debug_frame   0x000031d4      0x980 build/stm32f1xx_hal_i2c.o
 .debug_frame   0x00003b54       0x44 C:/ST/STM32CubeCLT_1.21.0/GNU-tools-for-STM32/bin/../lib/gcc/arm-none-eabi/14.3.1/../../../../arm-none-eabi/lib/thumb/v7-m/nofp\libc_nano.a(libc_a-rand.o)
 .debug_frame   0x00003b98      0x144 C:/ST/STM32CubeCLT_1.21.0/GNU-tools-for-STM32/bin/../lib/gcc/arm-none-eabi/14.3.1/../../../../arm-none-eabi/lib/thumb/v7-m/nofp\libc_nano.a(libc_a-findfp.o)
 .debug_frame   0x00003cdc       0x34 C:/ST/STM32CubeCLT_1.21.0/GNU-tools-for-STM32/bin/../lib/gcc/arm-none-eabi/14.3.1/../../../../arm-none-eabi/lib/thumb/v7-m/nofp\libc_nano.a(libc_a-fwalk.o)
 .debug_frame   0x00003d10       0x7c C:/ST/STM32CubeCLT_1.21.0/GNU-tools-for-STM32/bin/../lib/gcc/arm-none-eabi/14.3.1/../../../../arm-none-eabi/lib/thumb/v7-m/nofp\libc_nano.a(libc_a-snprintf.o)
 .debug_frame   0x00003d8c       0x88 C:/ST/STM32CubeCLT_1.21.0/GNU-tools-for-STM32/bin/../lib/gcc/arm-none-eabi/14.3.1/../../../../arm-none-eabi/lib/thumb/v7-m/nofp\libc_nano.a(libc_a-stdio.o)
 .debug_frame   0x00003e14       0x20 C:/ST/STM32CubeCLT_1.21.0/GNU-tools-for-STM32/bin/../lib/gcc/arm-none-eabi/14.3.1/../../../../arm-none-eabi/lib/thumb/v7-m/nofp\libc_nano.a(libc_a-memset.o)
 .debug_frame   0x00003e34       0x2c C:/ST/STM32CubeCLT_1.21.0/GNU-tools-for-STM32/bin/../lib/gcc/arm-none-eabi/14.3.1/../../../../arm-none-eabi/lib/thumb/v7-m/nofp\libc_nano.a(libc_a-closer.o)
 .debug_frame   0x00003e60       0x38 C:/ST/STM32CubeCLT_1.21.0/GNU-tools-for-STM32/bin/../lib/gcc/arm-none-eabi/14.3.1/../../../../arm-none-eabi/lib/thumb/v7-m/nofp\libc_nano.a(libc_a-reent.o)
 .debug_frame   0x00003e98       0x2c C:/ST/STM32CubeCLT_1.21.0/GNU-tools-for-STM32/bin/../lib/gcc/arm-none-eabi/14.3.1/../../../../arm-none-eabi/lib/thumb/v7-m/nofp\libc_nano.a(libc_a-lseekr.o)
 .debug_frame   0x00003ec4       0x2c C:/ST/STM32CubeCLT_1.21.0/GNU-tools-for-STM32/bin/../lib/gcc/arm-none-eabi/14.3.1/../../../../arm-none-eabi/lib/thumb/v7-m/nofp\libc_nano.a(libc_a-readr.o)
 .debug_frame   0x00003ef0       0x2c C:/ST/STM32CubeCLT_1.21.0/GNU-tools-for-STM32/bin/../lib/gcc/arm-none-eabi/14.3.1/../../../../arm-none-eabi/lib/thumb/v7-m/nofp\libc_nano.a(libc_a-writer.o)
 .debug_frame   0x00003f1c       0x20 C:/ST/STM32CubeCLT_1.21.0/GNU-tools-for-STM32/bin/../lib/gcc/arm-none-eabi/14.3.1/../../../../arm-none-eabi/lib/thumb/v7-m/nofp\libc_nano.a(libc_a-errno.o)
 .debug_frame   0x00003f3c       0x2c C:/ST/STM32CubeCLT_1.21.0/GNU-tools-for-STM32/bin/../lib/gcc/arm-none-eabi/14.3.1/../../../../arm-none-eabi/lib/thumb/v7-m/nofp\libc_nano.a(libc_a-init.o)
 .debug_frame   0x00003f68       0xb0 C:/ST/STM32CubeCLT_1.21.0/GNU-tools-for-STM32/bin/../lib/gcc/arm-none-eabi/14.3.1/../../../../arm-none-eabi/lib/thumb/v7-m/nofp\libc_nano.a(libc_a-lock.o)
 .debug_frame   0x00004018       0x20 C:/ST/STM32CubeCLT_1.21.0/GNU-tools-for-STM32/bin/../lib/gcc/arm-none-eabi/14.3.1/../../../../arm-none-eabi/lib/thumb/v7-m/nofp\libc_nano.a(libc_a-strlen.o)
 .debug_frame   0x00004038       0x40 C:/ST/STM32CubeCLT_1.21.0/GNU-tools-for-STM32/bin/../lib/gcc/arm-none-eabi/14.3.1/../../../../arm-none-eabi/lib/thumb/v7-m/nofp\libc_nano.a(libc_a-assert.o)
 .debug_frame   0x00004078       0x38 C:/ST/STM32CubeCLT_1.21.0/GNU-tools-for-STM32/bin/../lib/gcc/arm-none-eabi/14.3.1/../../../../arm-none-eabi/lib/thumb/v7-m/nofp\libc_nano.a(libc_a-freer.o)
 .debug_frame   0x000040b0       0x30 C:/ST/STM32CubeCLT_1.21.0/GNU-tools-for-STM32/bin/../lib/gcc/arm-none-eabi/14.3.1/../../../../arm-none-eabi/lib/thumb/v7-m/nofp\libc_nano.a(libc_a-malloc.o)
 .debug_frame   0x000040e0       0x50 C:/ST/STM32CubeCLT_1.21.0/GNU-tools-for-STM32/bin/../lib/gcc/arm-none-eabi/14.3.1/../../../../arm-none-eabi/lib/thumb/v7-m/nofp\libc_nano.a(libc_a-mallocr.o)
 .debug_frame   0x00004130       0x30 C:/ST/STM32CubeCLT_1.21.0/GNU-tools-for-STM32/bin/../lib/gcc/arm-none-eabi/14.3.1/../../../../arm-none-eabi/lib/thumb/v7-m/nofp\libc_nano.a(libc_a-mlock.o)
 .debug_frame   0x00004160       0x90 C:/ST/STM32CubeCLT_1.21.0/GNU-tools-for-STM32/bin/../lib/gcc/arm-none-eabi/14.3.1/../../../../arm-none-eabi/lib/thumb/v7-m/nofp\libc_nano.a(libc_a-nano-svfprintf.o)
 .debug_frame   0x000041f0       0x60 C:/ST/STM32CubeCLT_1.21.0/GNU-tools-for-STM32/bin/../lib/gcc/arm-none-eabi/14.3.1/../../../../arm-none-eabi/lib/thumb/v7-m/nofp\libc_nano.a(libc_a-nano-vfprintf_i.o)
 .debug_frame   0x00004250       0x5c C:/ST/STM32CubeCLT_1.21.0/GNU-tools-for-STM32/bin/../lib/gcc/arm-none-eabi/14.3.1/../../../../arm-none-eabi/lib/thumb/v7-m/nofp\libc_nano.a(libc_a-fflush.o)
 .debug_frame   0x000042ac       0x5c C:/ST/STM32CubeCLT_1.21.0/GNU-tools-for-STM32/bin/../lib/gcc/arm-none-eabi/14.3.1/../../../../arm-none-eabi/lib/thumb/v7-m/nofp\libc_nano.a(libc_a-fprintf.o)
 .debug_frame   0x00004308       0x28 C:/ST/STM32CubeCLT_1.21.0/GNU-tools-for-STM32/bin/../lib/gcc/arm-none-eabi/14.3.1/../../../../arm-none-eabi/lib/thumb/v7-m/nofp\libc_nano.a(libc_a-memmove.o)
 .debug_frame   0x00004330       0x2c C:/ST/STM32CubeCLT_1.21.0/GNU-tools-for-STM32/bin/../lib/gcc/arm-none-eabi/14.3.1/../../../../arm-none-eabi/lib/thumb/v7-m/nofp\libc_nano.a(libc_a-sbrkr.o)
 .debug_frame   0x0000435c       0x28 C:/ST/STM32CubeCLT_1.21.0/GNU-tools-for-STM32/bin/../lib/gcc/arm-none-eabi/14.3.1/../../../../arm-none-eabi/lib/thumb/v7-m/nofp\libc_nano.a(libc_a-memchr-stub.o)
 .debug_frame   0x00004384       0x28 C:/ST/STM32CubeCLT_1.21.0/GNU-tools-for-STM32/bin/../lib/gcc/arm-none-eabi/14.3.1/../../../../arm-none-eabi/lib/thumb/v7-m/nofp\libc_nano.a(libc_a-memcpy-stub.o)
 .debug_frame   0x000043ac       0x28 C:/ST/STM32CubeCLT_1.21.0/GNU-tools-for-STM32/bin/../lib/gcc/arm-none-eabi/14.3.1/../../../../arm-none-eabi/lib/thumb/v7-m/nofp\libc_nano.a(libc_a-abort.o)
 .debug_frame   0x000043d4       0x3c C:/ST/STM32CubeCLT_1.21.0/GNU-tools-for-STM32/bin/../lib/gcc/arm-none-eabi/14.3.1/../../../../arm-none-eabi/lib/thumb/v7-m/nofp\libc_nano.a(libc_a-reallocr.o)