ARM GAS  C:\Users\crist\AppData\Local\Temp\ccMPu0Gm.s 			page 1


   1              		.cpu cortex-m3
   2              		.arch armv7-m
   3              		.fpu softvfp
   4              		.eabi_attribute 20, 1
   5              		.eabi_attribute 21, 1
   6              		.eabi_attribute 23, 3
   7              		.eabi_attribute 24, 1
   8              		.eabi_attribute 25, 1
   9              		.eabi_attribute 26, 1
  10              		.eabi_attribute 30, 1
  11              		.eabi_attribute 34, 1
  12              		.eabi_attribute 18, 4
  13              		.file	"usbd_cdc_if.c"
  14              		.text
  15              	.Ltext0:
  16              		.cfi_sections	.debug_frame
  17              		.file 1 "USB_DEVICE/App/usbd_cdc_if.c"
  18              		.section	.text.CDC_DeInit_FS,"ax",%progbits
  19              		.align	1
  20              		.syntax unified
  21              		.thumb
  22              		.thumb_func
  24              	CDC_DeInit_FS:
  25              	.LFB69:
   1:USB_DEVICE/App/usbd_cdc_if.c **** /* USER CODE BEGIN Header */
   2:USB_DEVICE/App/usbd_cdc_if.c **** /**
   3:USB_DEVICE/App/usbd_cdc_if.c ****   ******************************************************************************
   4:USB_DEVICE/App/usbd_cdc_if.c ****   * @file           : usbd_cdc_if.c
   5:USB_DEVICE/App/usbd_cdc_if.c ****   * @version        : v2.0_Cube
   6:USB_DEVICE/App/usbd_cdc_if.c ****   * @brief          : Usb device for Virtual Com Port.
   7:USB_DEVICE/App/usbd_cdc_if.c ****   ******************************************************************************
   8:USB_DEVICE/App/usbd_cdc_if.c ****   * @attention
   9:USB_DEVICE/App/usbd_cdc_if.c ****   *
  10:USB_DEVICE/App/usbd_cdc_if.c ****   * Copyright (c) 2024 STMicroelectronics.
  11:USB_DEVICE/App/usbd_cdc_if.c ****   * All rights reserved.
  12:USB_DEVICE/App/usbd_cdc_if.c ****   *
  13:USB_DEVICE/App/usbd_cdc_if.c ****   * This software is licensed under terms that can be found in the LICENSE file
  14:USB_DEVICE/App/usbd_cdc_if.c ****   * in the root directory of this software component.
  15:USB_DEVICE/App/usbd_cdc_if.c ****   * If no LICENSE file comes with this software, it is provided AS-IS.
  16:USB_DEVICE/App/usbd_cdc_if.c ****   *
  17:USB_DEVICE/App/usbd_cdc_if.c ****   ******************************************************************************
  18:USB_DEVICE/App/usbd_cdc_if.c ****   */
  19:USB_DEVICE/App/usbd_cdc_if.c **** /* USER CODE END Header */
  20:USB_DEVICE/App/usbd_cdc_if.c **** 
  21:USB_DEVICE/App/usbd_cdc_if.c **** /* Includes ------------------------------------------------------------------*/
  22:USB_DEVICE/App/usbd_cdc_if.c **** #include "usbd_cdc_if.h"
  23:USB_DEVICE/App/usbd_cdc_if.c **** 
  24:USB_DEVICE/App/usbd_cdc_if.c **** /* USER CODE BEGIN INCLUDE */
  25:USB_DEVICE/App/usbd_cdc_if.c **** 
  26:USB_DEVICE/App/usbd_cdc_if.c **** /* USER CODE END INCLUDE */
  27:USB_DEVICE/App/usbd_cdc_if.c **** 
  28:USB_DEVICE/App/usbd_cdc_if.c **** /* Private typedef -----------------------------------------------------------*/
  29:USB_DEVICE/App/usbd_cdc_if.c **** /* Private define ------------------------------------------------------------*/
  30:USB_DEVICE/App/usbd_cdc_if.c **** /* Private macro -------------------------------------------------------------*/
  31:USB_DEVICE/App/usbd_cdc_if.c **** 
  32:USB_DEVICE/App/usbd_cdc_if.c **** /* USER CODE BEGIN PV */
  33:USB_DEVICE/App/usbd_cdc_if.c **** /* Private variables ---------------------------------------------------------*/
ARM GAS  C:\Users\crist\AppData\Local\Temp\ccMPu0Gm.s 			page 2


  34:USB_DEVICE/App/usbd_cdc_if.c **** 
  35:USB_DEVICE/App/usbd_cdc_if.c **** /* USER CODE END PV */
  36:USB_DEVICE/App/usbd_cdc_if.c **** 
  37:USB_DEVICE/App/usbd_cdc_if.c **** /** @addtogroup STM32_USB_OTG_DEVICE_LIBRARY
  38:USB_DEVICE/App/usbd_cdc_if.c ****   * @brief Usb device library.
  39:USB_DEVICE/App/usbd_cdc_if.c ****   * @{
  40:USB_DEVICE/App/usbd_cdc_if.c ****   */
  41:USB_DEVICE/App/usbd_cdc_if.c **** 
  42:USB_DEVICE/App/usbd_cdc_if.c **** /** @addtogroup USBD_CDC_IF
  43:USB_DEVICE/App/usbd_cdc_if.c ****   * @{
  44:USB_DEVICE/App/usbd_cdc_if.c ****   */
  45:USB_DEVICE/App/usbd_cdc_if.c **** 
  46:USB_DEVICE/App/usbd_cdc_if.c **** /** @defgroup USBD_CDC_IF_Private_TypesDefinitions USBD_CDC_IF_Private_TypesDefinitions
  47:USB_DEVICE/App/usbd_cdc_if.c ****   * @brief Private types.
  48:USB_DEVICE/App/usbd_cdc_if.c ****   * @{
  49:USB_DEVICE/App/usbd_cdc_if.c ****   */
  50:USB_DEVICE/App/usbd_cdc_if.c **** 
  51:USB_DEVICE/App/usbd_cdc_if.c **** /* USER CODE BEGIN PRIVATE_TYPES */
  52:USB_DEVICE/App/usbd_cdc_if.c **** 
  53:USB_DEVICE/App/usbd_cdc_if.c **** /* USER CODE END PRIVATE_TYPES */
  54:USB_DEVICE/App/usbd_cdc_if.c **** 
  55:USB_DEVICE/App/usbd_cdc_if.c **** /**
  56:USB_DEVICE/App/usbd_cdc_if.c ****   * @}
  57:USB_DEVICE/App/usbd_cdc_if.c ****   */
  58:USB_DEVICE/App/usbd_cdc_if.c **** 
  59:USB_DEVICE/App/usbd_cdc_if.c **** /** @defgroup USBD_CDC_IF_Private_Defines USBD_CDC_IF_Private_Defines
  60:USB_DEVICE/App/usbd_cdc_if.c ****   * @brief Private defines.
  61:USB_DEVICE/App/usbd_cdc_if.c ****   * @{
  62:USB_DEVICE/App/usbd_cdc_if.c ****   */
  63:USB_DEVICE/App/usbd_cdc_if.c **** 
  64:USB_DEVICE/App/usbd_cdc_if.c **** /* USER CODE BEGIN PRIVATE_DEFINES */
  65:USB_DEVICE/App/usbd_cdc_if.c **** /* USER CODE END PRIVATE_DEFINES */
  66:USB_DEVICE/App/usbd_cdc_if.c **** 
  67:USB_DEVICE/App/usbd_cdc_if.c **** /**
  68:USB_DEVICE/App/usbd_cdc_if.c ****   * @}
  69:USB_DEVICE/App/usbd_cdc_if.c ****   */
  70:USB_DEVICE/App/usbd_cdc_if.c **** 
  71:USB_DEVICE/App/usbd_cdc_if.c **** /** @defgroup USBD_CDC_IF_Private_Macros USBD_CDC_IF_Private_Macros
  72:USB_DEVICE/App/usbd_cdc_if.c ****   * @brief Private macros.
  73:USB_DEVICE/App/usbd_cdc_if.c ****   * @{
  74:USB_DEVICE/App/usbd_cdc_if.c ****   */
  75:USB_DEVICE/App/usbd_cdc_if.c **** 
  76:USB_DEVICE/App/usbd_cdc_if.c **** /* USER CODE BEGIN PRIVATE_MACRO */
  77:USB_DEVICE/App/usbd_cdc_if.c **** 
  78:USB_DEVICE/App/usbd_cdc_if.c **** /* USER CODE END PRIVATE_MACRO */
  79:USB_DEVICE/App/usbd_cdc_if.c **** 
  80:USB_DEVICE/App/usbd_cdc_if.c **** /**
  81:USB_DEVICE/App/usbd_cdc_if.c ****   * @}
  82:USB_DEVICE/App/usbd_cdc_if.c ****   */
  83:USB_DEVICE/App/usbd_cdc_if.c **** 
  84:USB_DEVICE/App/usbd_cdc_if.c **** /** @defgroup USBD_CDC_IF_Private_Variables USBD_CDC_IF_Private_Variables
  85:USB_DEVICE/App/usbd_cdc_if.c ****   * @brief Private variables.
  86:USB_DEVICE/App/usbd_cdc_if.c ****   * @{
  87:USB_DEVICE/App/usbd_cdc_if.c ****   */
  88:USB_DEVICE/App/usbd_cdc_if.c **** /* Create buffer for reception and transmission           */
  89:USB_DEVICE/App/usbd_cdc_if.c **** /* It's up to user to redefine and/or remove those define */
  90:USB_DEVICE/App/usbd_cdc_if.c **** /** Received data over USB are stored in this buffer      */
ARM GAS  C:\Users\crist\AppData\Local\Temp\ccMPu0Gm.s 			page 3


  91:USB_DEVICE/App/usbd_cdc_if.c **** uint8_t UserRxBufferFS[APP_RX_DATA_SIZE];
  92:USB_DEVICE/App/usbd_cdc_if.c **** 
  93:USB_DEVICE/App/usbd_cdc_if.c **** /** Data to send over USB CDC are stored in this buffer   */
  94:USB_DEVICE/App/usbd_cdc_if.c **** uint8_t UserTxBufferFS[APP_TX_DATA_SIZE];
  95:USB_DEVICE/App/usbd_cdc_if.c **** 
  96:USB_DEVICE/App/usbd_cdc_if.c **** /* USER CODE BEGIN PRIVATE_VARIABLES */
  97:USB_DEVICE/App/usbd_cdc_if.c **** 
  98:USB_DEVICE/App/usbd_cdc_if.c **** /* USER CODE END PRIVATE_VARIABLES */
  99:USB_DEVICE/App/usbd_cdc_if.c **** 
 100:USB_DEVICE/App/usbd_cdc_if.c **** /**
 101:USB_DEVICE/App/usbd_cdc_if.c ****   * @}
 102:USB_DEVICE/App/usbd_cdc_if.c ****   */
 103:USB_DEVICE/App/usbd_cdc_if.c **** 
 104:USB_DEVICE/App/usbd_cdc_if.c **** /** @defgroup USBD_CDC_IF_Exported_Variables USBD_CDC_IF_Exported_Variables
 105:USB_DEVICE/App/usbd_cdc_if.c ****   * @brief Public variables.
 106:USB_DEVICE/App/usbd_cdc_if.c ****   * @{
 107:USB_DEVICE/App/usbd_cdc_if.c ****   */
 108:USB_DEVICE/App/usbd_cdc_if.c **** 
 109:USB_DEVICE/App/usbd_cdc_if.c **** extern USBD_HandleTypeDef hUsbDeviceFS;
 110:USB_DEVICE/App/usbd_cdc_if.c **** 
 111:USB_DEVICE/App/usbd_cdc_if.c **** /* USER CODE BEGIN EXPORTED_VARIABLES */
 112:USB_DEVICE/App/usbd_cdc_if.c **** 
 113:USB_DEVICE/App/usbd_cdc_if.c **** /* USER CODE END EXPORTED_VARIABLES */
 114:USB_DEVICE/App/usbd_cdc_if.c **** 
 115:USB_DEVICE/App/usbd_cdc_if.c **** /**
 116:USB_DEVICE/App/usbd_cdc_if.c ****   * @}
 117:USB_DEVICE/App/usbd_cdc_if.c ****   */
 118:USB_DEVICE/App/usbd_cdc_if.c **** 
 119:USB_DEVICE/App/usbd_cdc_if.c **** /** @defgroup USBD_CDC_IF_Private_FunctionPrototypes USBD_CDC_IF_Private_FunctionPrototypes
 120:USB_DEVICE/App/usbd_cdc_if.c ****   * @brief Private functions declaration.
 121:USB_DEVICE/App/usbd_cdc_if.c ****   * @{
 122:USB_DEVICE/App/usbd_cdc_if.c ****   */
 123:USB_DEVICE/App/usbd_cdc_if.c **** 
 124:USB_DEVICE/App/usbd_cdc_if.c **** static int8_t CDC_Init_FS(void);
 125:USB_DEVICE/App/usbd_cdc_if.c **** static int8_t CDC_DeInit_FS(void);
 126:USB_DEVICE/App/usbd_cdc_if.c **** static int8_t CDC_Control_FS(uint8_t cmd, uint8_t* pbuf, uint16_t length);
 127:USB_DEVICE/App/usbd_cdc_if.c **** static int8_t CDC_Receive_FS(uint8_t* pbuf, uint32_t *Len);
 128:USB_DEVICE/App/usbd_cdc_if.c **** 
 129:USB_DEVICE/App/usbd_cdc_if.c **** /* USER CODE BEGIN PRIVATE_FUNCTIONS_DECLARATION */
 130:USB_DEVICE/App/usbd_cdc_if.c **** 
 131:USB_DEVICE/App/usbd_cdc_if.c **** /* USER CODE END PRIVATE_FUNCTIONS_DECLARATION */
 132:USB_DEVICE/App/usbd_cdc_if.c **** 
 133:USB_DEVICE/App/usbd_cdc_if.c **** /**
 134:USB_DEVICE/App/usbd_cdc_if.c ****   * @}
 135:USB_DEVICE/App/usbd_cdc_if.c ****   */
 136:USB_DEVICE/App/usbd_cdc_if.c **** 
 137:USB_DEVICE/App/usbd_cdc_if.c **** USBD_CDC_ItfTypeDef USBD_Interface_fops_FS =
 138:USB_DEVICE/App/usbd_cdc_if.c **** {
 139:USB_DEVICE/App/usbd_cdc_if.c ****   CDC_Init_FS,
 140:USB_DEVICE/App/usbd_cdc_if.c ****   CDC_DeInit_FS,
 141:USB_DEVICE/App/usbd_cdc_if.c ****   CDC_Control_FS,
 142:USB_DEVICE/App/usbd_cdc_if.c ****   CDC_Receive_FS
 143:USB_DEVICE/App/usbd_cdc_if.c **** };
 144:USB_DEVICE/App/usbd_cdc_if.c **** 
 145:USB_DEVICE/App/usbd_cdc_if.c **** /* Private functions ---------------------------------------------------------*/
 146:USB_DEVICE/App/usbd_cdc_if.c **** /**
 147:USB_DEVICE/App/usbd_cdc_if.c ****   * @brief  Initializes the CDC media low layer over the FS USB IP
ARM GAS  C:\Users\crist\AppData\Local\Temp\ccMPu0Gm.s 			page 4


 148:USB_DEVICE/App/usbd_cdc_if.c ****   * @retval USBD_OK if all operations are OK else USBD_FAIL
 149:USB_DEVICE/App/usbd_cdc_if.c ****   */
 150:USB_DEVICE/App/usbd_cdc_if.c **** static int8_t CDC_Init_FS(void)
 151:USB_DEVICE/App/usbd_cdc_if.c **** {
 152:USB_DEVICE/App/usbd_cdc_if.c ****   /* USER CODE BEGIN 3 */
 153:USB_DEVICE/App/usbd_cdc_if.c ****   /* Set Application Buffers */
 154:USB_DEVICE/App/usbd_cdc_if.c ****   USBD_CDC_SetTxBuffer(&hUsbDeviceFS, UserTxBufferFS, 0);
 155:USB_DEVICE/App/usbd_cdc_if.c ****   USBD_CDC_SetRxBuffer(&hUsbDeviceFS, UserRxBufferFS);
 156:USB_DEVICE/App/usbd_cdc_if.c ****   return (USBD_OK);
 157:USB_DEVICE/App/usbd_cdc_if.c ****   /* USER CODE END 3 */
 158:USB_DEVICE/App/usbd_cdc_if.c **** }
 159:USB_DEVICE/App/usbd_cdc_if.c **** 
 160:USB_DEVICE/App/usbd_cdc_if.c **** /**
 161:USB_DEVICE/App/usbd_cdc_if.c ****   * @brief  DeInitializes the CDC media low layer
 162:USB_DEVICE/App/usbd_cdc_if.c ****   * @retval USBD_OK if all operations are OK else USBD_FAIL
 163:USB_DEVICE/App/usbd_cdc_if.c ****   */
 164:USB_DEVICE/App/usbd_cdc_if.c **** static int8_t CDC_DeInit_FS(void)
 165:USB_DEVICE/App/usbd_cdc_if.c **** {
  26              		.loc 1 165 1 view -0
  27              		.cfi_startproc
  28              		@ args = 0, pretend = 0, frame = 0
  29              		@ frame_needed = 0, uses_anonymous_args = 0
  30              		@ link register save eliminated.
 166:USB_DEVICE/App/usbd_cdc_if.c ****   /* USER CODE BEGIN 4 */
 167:USB_DEVICE/App/usbd_cdc_if.c ****   return (USBD_OK);
  31              		.loc 1 167 3 view .LVU1
 168:USB_DEVICE/App/usbd_cdc_if.c ****   /* USER CODE END 4 */
 169:USB_DEVICE/App/usbd_cdc_if.c **** }
  32              		.loc 1 169 1 is_stmt 0 view .LVU2
  33 0000 0020     		movs	r0, #0
  34 0002 7047     		bx	lr
  35              		.cfi_endproc
  36              	.LFE69:
  38              		.section	.text.CDC_Control_FS,"ax",%progbits
  39              		.align	1
  40              		.syntax unified
  41              		.thumb
  42              		.thumb_func
  44              	CDC_Control_FS:
  45              	.LVL0:
  46              	.LFB70:
 170:USB_DEVICE/App/usbd_cdc_if.c **** 
 171:USB_DEVICE/App/usbd_cdc_if.c **** /**
 172:USB_DEVICE/App/usbd_cdc_if.c ****   * @brief  Manage the CDC class requests
 173:USB_DEVICE/App/usbd_cdc_if.c ****   * @param  cmd: Command code
 174:USB_DEVICE/App/usbd_cdc_if.c ****   * @param  pbuf: Buffer containing command data (request parameters)
 175:USB_DEVICE/App/usbd_cdc_if.c ****   * @param  length: Number of data to be sent (in bytes)
 176:USB_DEVICE/App/usbd_cdc_if.c ****   * @retval Result of the operation: USBD_OK if all operations are OK else USBD_FAIL
 177:USB_DEVICE/App/usbd_cdc_if.c ****   */
 178:USB_DEVICE/App/usbd_cdc_if.c **** static int8_t CDC_Control_FS(uint8_t cmd, uint8_t* pbuf, uint16_t length)
 179:USB_DEVICE/App/usbd_cdc_if.c **** {
  47              		.loc 1 179 1 is_stmt 1 view -0
  48              		.cfi_startproc
  49              		@ args = 0, pretend = 0, frame = 0
  50              		@ frame_needed = 0, uses_anonymous_args = 0
  51              		@ link register save eliminated.
 180:USB_DEVICE/App/usbd_cdc_if.c ****   /* USER CODE BEGIN 5 */
ARM GAS  C:\Users\crist\AppData\Local\Temp\ccMPu0Gm.s 			page 5


 181:USB_DEVICE/App/usbd_cdc_if.c ****   switch(cmd)
  52              		.loc 1 181 3 view .LVU4
 182:USB_DEVICE/App/usbd_cdc_if.c ****   {
 183:USB_DEVICE/App/usbd_cdc_if.c ****     case CDC_SEND_ENCAPSULATED_COMMAND:
 184:USB_DEVICE/App/usbd_cdc_if.c **** 
 185:USB_DEVICE/App/usbd_cdc_if.c ****     break;
 186:USB_DEVICE/App/usbd_cdc_if.c **** 
 187:USB_DEVICE/App/usbd_cdc_if.c ****     case CDC_GET_ENCAPSULATED_RESPONSE:
 188:USB_DEVICE/App/usbd_cdc_if.c **** 
 189:USB_DEVICE/App/usbd_cdc_if.c ****     break;
 190:USB_DEVICE/App/usbd_cdc_if.c **** 
 191:USB_DEVICE/App/usbd_cdc_if.c ****     case CDC_SET_COMM_FEATURE:
 192:USB_DEVICE/App/usbd_cdc_if.c **** 
 193:USB_DEVICE/App/usbd_cdc_if.c ****     break;
 194:USB_DEVICE/App/usbd_cdc_if.c **** 
 195:USB_DEVICE/App/usbd_cdc_if.c ****     case CDC_GET_COMM_FEATURE:
 196:USB_DEVICE/App/usbd_cdc_if.c **** 
 197:USB_DEVICE/App/usbd_cdc_if.c ****     break;
 198:USB_DEVICE/App/usbd_cdc_if.c **** 
 199:USB_DEVICE/App/usbd_cdc_if.c ****     case CDC_CLEAR_COMM_FEATURE:
 200:USB_DEVICE/App/usbd_cdc_if.c **** 
 201:USB_DEVICE/App/usbd_cdc_if.c ****     break;
 202:USB_DEVICE/App/usbd_cdc_if.c **** 
 203:USB_DEVICE/App/usbd_cdc_if.c ****   /*******************************************************************************/
 204:USB_DEVICE/App/usbd_cdc_if.c ****   /* Line Coding Structure                                                       */
 205:USB_DEVICE/App/usbd_cdc_if.c ****   /*-----------------------------------------------------------------------------*/
 206:USB_DEVICE/App/usbd_cdc_if.c ****   /* Offset | Field       | Size | Value  | Description                          */
 207:USB_DEVICE/App/usbd_cdc_if.c ****   /* 0      | dwDTERate   |   4  | Number |Data terminal rate, in bits per second*/
 208:USB_DEVICE/App/usbd_cdc_if.c ****   /* 4      | bCharFormat |   1  | Number | Stop bits                            */
 209:USB_DEVICE/App/usbd_cdc_if.c ****   /*                                        0 - 1 Stop bit                       */
 210:USB_DEVICE/App/usbd_cdc_if.c ****   /*                                        1 - 1.5 Stop bits                    */
 211:USB_DEVICE/App/usbd_cdc_if.c ****   /*                                        2 - 2 Stop bits                      */
 212:USB_DEVICE/App/usbd_cdc_if.c ****   /* 5      | bParityType |  1   | Number | Parity                               */
 213:USB_DEVICE/App/usbd_cdc_if.c ****   /*                                        0 - None                             */
 214:USB_DEVICE/App/usbd_cdc_if.c ****   /*                                        1 - Odd                              */
 215:USB_DEVICE/App/usbd_cdc_if.c ****   /*                                        2 - Even                             */
 216:USB_DEVICE/App/usbd_cdc_if.c ****   /*                                        3 - Mark                             */
 217:USB_DEVICE/App/usbd_cdc_if.c ****   /*                                        4 - Space                            */
 218:USB_DEVICE/App/usbd_cdc_if.c ****   /* 6      | bDataBits  |   1   | Number Data bits (5, 6, 7, 8 or 16).          */
 219:USB_DEVICE/App/usbd_cdc_if.c ****   /*******************************************************************************/
 220:USB_DEVICE/App/usbd_cdc_if.c ****     case CDC_SET_LINE_CODING:
 221:USB_DEVICE/App/usbd_cdc_if.c **** 
 222:USB_DEVICE/App/usbd_cdc_if.c ****     break;
 223:USB_DEVICE/App/usbd_cdc_if.c **** 
 224:USB_DEVICE/App/usbd_cdc_if.c ****     case CDC_GET_LINE_CODING:
 225:USB_DEVICE/App/usbd_cdc_if.c **** 
 226:USB_DEVICE/App/usbd_cdc_if.c ****     break;
 227:USB_DEVICE/App/usbd_cdc_if.c **** 
 228:USB_DEVICE/App/usbd_cdc_if.c ****     case CDC_SET_CONTROL_LINE_STATE:
 229:USB_DEVICE/App/usbd_cdc_if.c **** 
 230:USB_DEVICE/App/usbd_cdc_if.c ****     break;
 231:USB_DEVICE/App/usbd_cdc_if.c **** 
 232:USB_DEVICE/App/usbd_cdc_if.c ****     case CDC_SEND_BREAK:
 233:USB_DEVICE/App/usbd_cdc_if.c **** 
 234:USB_DEVICE/App/usbd_cdc_if.c ****     break;
 235:USB_DEVICE/App/usbd_cdc_if.c **** 
 236:USB_DEVICE/App/usbd_cdc_if.c ****   default:
ARM GAS  C:\Users\crist\AppData\Local\Temp\ccMPu0Gm.s 			page 6


 237:USB_DEVICE/App/usbd_cdc_if.c ****     break;
  53              		.loc 1 237 5 view .LVU5
 238:USB_DEVICE/App/usbd_cdc_if.c ****   }
 239:USB_DEVICE/App/usbd_cdc_if.c **** 
 240:USB_DEVICE/App/usbd_cdc_if.c ****   return (USBD_OK);
  54              		.loc 1 240 3 view .LVU6
 241:USB_DEVICE/App/usbd_cdc_if.c ****   /* USER CODE END 5 */
 242:USB_DEVICE/App/usbd_cdc_if.c **** }
  55              		.loc 1 242 1 is_stmt 0 view .LVU7
  56 0000 0020     		movs	r0, #0
  57              	.LVL1:
  58              		.loc 1 242 1 view .LVU8
  59 0002 7047     		bx	lr
  60              		.cfi_endproc
  61              	.LFE70:
  63              		.section	.text.CDC_Receive_FS,"ax",%progbits
  64              		.align	1
  65              		.syntax unified
  66              		.thumb
  67              		.thumb_func
  69              	CDC_Receive_FS:
  70              	.LVL2:
  71              	.LFB71:
 243:USB_DEVICE/App/usbd_cdc_if.c **** 
 244:USB_DEVICE/App/usbd_cdc_if.c **** /**
 245:USB_DEVICE/App/usbd_cdc_if.c ****   * @brief  Data received over USB OUT endpoint are sent over CDC interface
 246:USB_DEVICE/App/usbd_cdc_if.c ****   *         through this function.
 247:USB_DEVICE/App/usbd_cdc_if.c ****   *
 248:USB_DEVICE/App/usbd_cdc_if.c ****   *         @note
 249:USB_DEVICE/App/usbd_cdc_if.c ****   *         This function will issue a NAK packet on any OUT packet received on
 250:USB_DEVICE/App/usbd_cdc_if.c ****   *         USB endpoint until exiting this function. If you exit this function
 251:USB_DEVICE/App/usbd_cdc_if.c ****   *         before transfer is complete on CDC interface (ie. using DMA controller)
 252:USB_DEVICE/App/usbd_cdc_if.c ****   *         it will result in receiving more data while previous ones are still
 253:USB_DEVICE/App/usbd_cdc_if.c ****   *         not sent.
 254:USB_DEVICE/App/usbd_cdc_if.c ****   *
 255:USB_DEVICE/App/usbd_cdc_if.c ****   * @param  Buf: Buffer of data to be received
 256:USB_DEVICE/App/usbd_cdc_if.c ****   * @param  Len: Number of data received (in bytes)
 257:USB_DEVICE/App/usbd_cdc_if.c ****   * @retval Result of the operation: USBD_OK if all operations are OK else USBD_FAIL
 258:USB_DEVICE/App/usbd_cdc_if.c ****   */
 259:USB_DEVICE/App/usbd_cdc_if.c **** static int8_t CDC_Receive_FS(uint8_t* Buf, uint32_t *Len)
 260:USB_DEVICE/App/usbd_cdc_if.c **** {
  72              		.loc 1 260 1 is_stmt 1 view -0
  73              		.cfi_startproc
  74              		@ args = 0, pretend = 0, frame = 0
  75              		@ frame_needed = 0, uses_anonymous_args = 0
  76              		.loc 1 260 1 is_stmt 0 view .LVU10
  77 0000 10B5     		push	{r4, lr}
  78              	.LCFI0:
  79              		.cfi_def_cfa_offset 8
  80              		.cfi_offset 4, -8
  81              		.cfi_offset 14, -4
  82 0002 0146     		mov	r1, r0
  83              	.LVL3:
 261:USB_DEVICE/App/usbd_cdc_if.c ****   /* USER CODE BEGIN 6 */
 262:USB_DEVICE/App/usbd_cdc_if.c ****   USBD_CDC_SetRxBuffer(&hUsbDeviceFS, &Buf[0]);
  84              		.loc 1 262 3 is_stmt 1 view .LVU11
  85 0004 044C     		ldr	r4, .L5
ARM GAS  C:\Users\crist\AppData\Local\Temp\ccMPu0Gm.s 			page 7


  86 0006 2046     		mov	r0, r4
  87              	.LVL4:
  88              		.loc 1 262 3 is_stmt 0 view .LVU12
  89 0008 FFF7FEFF 		bl	USBD_CDC_SetRxBuffer
  90              	.LVL5:
 263:USB_DEVICE/App/usbd_cdc_if.c ****   USBD_CDC_ReceivePacket(&hUsbDeviceFS);
  91              		.loc 1 263 3 is_stmt 1 view .LVU13
  92 000c 2046     		mov	r0, r4
  93 000e FFF7FEFF 		bl	USBD_CDC_ReceivePacket
  94              	.LVL6:
 264:USB_DEVICE/App/usbd_cdc_if.c ****   return (USBD_OK);
  95              		.loc 1 264 3 view .LVU14
 265:USB_DEVICE/App/usbd_cdc_if.c ****   /* USER CODE END 6 */
 266:USB_DEVICE/App/usbd_cdc_if.c **** }
  96              		.loc 1 266 1 is_stmt 0 view .LVU15
  97 0012 0020     		movs	r0, #0
  98 0014 10BD     		pop	{r4, pc}
  99              	.L6:
 100 0016 00BF     		.align	2
 101              	.L5:
 102 0018 00000000 		.word	hUsbDeviceFS
 103              		.cfi_endproc
 104              	.LFE71:
 106              		.section	.text.CDC_Init_FS,"ax",%progbits
 107              		.align	1
 108              		.syntax unified
 109              		.thumb
 110              		.thumb_func
 112              	CDC_Init_FS:
 113              	.LFB68:
 151:USB_DEVICE/App/usbd_cdc_if.c ****   /* USER CODE BEGIN 3 */
 114              		.loc 1 151 1 is_stmt 1 view -0
 115              		.cfi_startproc
 116              		@ args = 0, pretend = 0, frame = 0
 117              		@ frame_needed = 0, uses_anonymous_args = 0
 118 0000 10B5     		push	{r4, lr}
 119              	.LCFI1:
 120              		.cfi_def_cfa_offset 8
 121              		.cfi_offset 4, -8
 122              		.cfi_offset 14, -4
 154:USB_DEVICE/App/usbd_cdc_if.c ****   USBD_CDC_SetRxBuffer(&hUsbDeviceFS, UserRxBufferFS);
 123              		.loc 1 154 3 view .LVU17
 124 0002 064C     		ldr	r4, .L9
 125 0004 0022     		movs	r2, #0
 126 0006 0649     		ldr	r1, .L9+4
 127 0008 2046     		mov	r0, r4
 128 000a FFF7FEFF 		bl	USBD_CDC_SetTxBuffer
 129              	.LVL7:
 155:USB_DEVICE/App/usbd_cdc_if.c ****   return (USBD_OK);
 130              		.loc 1 155 3 view .LVU18
 131 000e 0549     		ldr	r1, .L9+8
 132 0010 2046     		mov	r0, r4
 133 0012 FFF7FEFF 		bl	USBD_CDC_SetRxBuffer
 134              	.LVL8:
 156:USB_DEVICE/App/usbd_cdc_if.c ****   /* USER CODE END 3 */
 135              		.loc 1 156 3 view .LVU19
 158:USB_DEVICE/App/usbd_cdc_if.c **** 
ARM GAS  C:\Users\crist\AppData\Local\Temp\ccMPu0Gm.s 			page 8


 136              		.loc 1 158 1 is_stmt 0 view .LVU20
 137 0016 0020     		movs	r0, #0
 138 0018 10BD     		pop	{r4, pc}
 139              	.L10:
 140 001a 00BF     		.align	2
 141              	.L9:
 142 001c 00000000 		.word	hUsbDeviceFS
 143 0020 00000000 		.word	UserTxBufferFS
 144 0024 00000000 		.word	UserRxBufferFS
 145              		.cfi_endproc
 146              	.LFE68:
 148              		.section	.text.CDC_Transmit_FS,"ax",%progbits
 149              		.align	1
 150              		.global	CDC_Transmit_FS
 151              		.syntax unified
 152              		.thumb
 153              		.thumb_func
 155              	CDC_Transmit_FS:
 156              	.LVL9:
 157              	.LFB72:
 267:USB_DEVICE/App/usbd_cdc_if.c **** 
 268:USB_DEVICE/App/usbd_cdc_if.c **** /**
 269:USB_DEVICE/App/usbd_cdc_if.c ****   * @brief  CDC_Transmit_FS
 270:USB_DEVICE/App/usbd_cdc_if.c ****   *         Data to send over USB IN endpoint are sent over CDC interface
 271:USB_DEVICE/App/usbd_cdc_if.c ****   *         through this function.
 272:USB_DEVICE/App/usbd_cdc_if.c ****   *         @note
 273:USB_DEVICE/App/usbd_cdc_if.c ****   *
 274:USB_DEVICE/App/usbd_cdc_if.c ****   *
 275:USB_DEVICE/App/usbd_cdc_if.c ****   * @param  Buf: Buffer of data to be sent
 276:USB_DEVICE/App/usbd_cdc_if.c ****   * @param  Len: Number of data to be sent (in bytes)
 277:USB_DEVICE/App/usbd_cdc_if.c ****   * @retval USBD_OK if all operations are OK else USBD_FAIL or USBD_BUSY
 278:USB_DEVICE/App/usbd_cdc_if.c ****   */
 279:USB_DEVICE/App/usbd_cdc_if.c **** uint8_t CDC_Transmit_FS(uint8_t* Buf, uint16_t Len)
 280:USB_DEVICE/App/usbd_cdc_if.c **** {
 158              		.loc 1 280 1 is_stmt 1 view -0
 159              		.cfi_startproc
 160              		@ args = 0, pretend = 0, frame = 0
 161              		@ frame_needed = 0, uses_anonymous_args = 0
 281:USB_DEVICE/App/usbd_cdc_if.c ****   uint8_t result = USBD_OK;
 162              		.loc 1 281 3 view .LVU22
 282:USB_DEVICE/App/usbd_cdc_if.c ****   /* USER CODE BEGIN 7 */
 283:USB_DEVICE/App/usbd_cdc_if.c ****   USBD_CDC_HandleTypeDef *hcdc = (USBD_CDC_HandleTypeDef*)hUsbDeviceFS.pClassData;
 163              		.loc 1 283 3 view .LVU23
 164              		.loc 1 283 27 is_stmt 0 view .LVU24
 165 0000 094B     		ldr	r3, .L19
 166 0002 D3F8B832 		ldr	r3, [r3, #696]
 167              	.LVL10:
 284:USB_DEVICE/App/usbd_cdc_if.c ****   if (hcdc->TxState != 0){
 168              		.loc 1 284 3 is_stmt 1 view .LVU25
 169              		.loc 1 284 11 is_stmt 0 view .LVU26
 170 0006 D3F81432 		ldr	r3, [r3, #532]
 171              	.LVL11:
 172              		.loc 1 284 6 view .LVU27
 173 000a 0BB1     		cbz	r3, .L18
 285:USB_DEVICE/App/usbd_cdc_if.c ****     return USBD_BUSY;
 174              		.loc 1 285 12 view .LVU28
 175 000c 0120     		movs	r0, #1
ARM GAS  C:\Users\crist\AppData\Local\Temp\ccMPu0Gm.s 			page 9


 176              	.LVL12:
 286:USB_DEVICE/App/usbd_cdc_if.c ****   }
 287:USB_DEVICE/App/usbd_cdc_if.c ****   USBD_CDC_SetTxBuffer(&hUsbDeviceFS, Buf, Len);
 288:USB_DEVICE/App/usbd_cdc_if.c ****   result = USBD_CDC_TransmitPacket(&hUsbDeviceFS);
 289:USB_DEVICE/App/usbd_cdc_if.c ****   /* USER CODE END 7 */
 290:USB_DEVICE/App/usbd_cdc_if.c ****   return result;
 291:USB_DEVICE/App/usbd_cdc_if.c **** }
 177              		.loc 1 291 1 view .LVU29
 178 000e 7047     		bx	lr
 179              	.LVL13:
 180              	.L18:
 280:USB_DEVICE/App/usbd_cdc_if.c ****   uint8_t result = USBD_OK;
 181              		.loc 1 280 1 view .LVU30
 182 0010 10B5     		push	{r4, lr}
 183              	.LCFI2:
 184              		.cfi_def_cfa_offset 8
 185              		.cfi_offset 4, -8
 186              		.cfi_offset 14, -4
 287:USB_DEVICE/App/usbd_cdc_if.c ****   result = USBD_CDC_TransmitPacket(&hUsbDeviceFS);
 187              		.loc 1 287 3 is_stmt 1 view .LVU31
 188 0012 054C     		ldr	r4, .L19
 189              	.LVL14:
 287:USB_DEVICE/App/usbd_cdc_if.c ****   result = USBD_CDC_TransmitPacket(&hUsbDeviceFS);
 190              		.loc 1 287 3 is_stmt 0 view .LVU32
 191 0014 0A46     		mov	r2, r1
 192 0016 0146     		mov	r1, r0
 193              	.LVL15:
 287:USB_DEVICE/App/usbd_cdc_if.c ****   result = USBD_CDC_TransmitPacket(&hUsbDeviceFS);
 194              		.loc 1 287 3 view .LVU33
 195 0018 2046     		mov	r0, r4
 196              	.LVL16:
 287:USB_DEVICE/App/usbd_cdc_if.c ****   result = USBD_CDC_TransmitPacket(&hUsbDeviceFS);
 197              		.loc 1 287 3 view .LVU34
 198 001a FFF7FEFF 		bl	USBD_CDC_SetTxBuffer
 199              	.LVL17:
 288:USB_DEVICE/App/usbd_cdc_if.c ****   /* USER CODE END 7 */
 200              		.loc 1 288 3 is_stmt 1 view .LVU35
 288:USB_DEVICE/App/usbd_cdc_if.c ****   /* USER CODE END 7 */
 201              		.loc 1 288 12 is_stmt 0 view .LVU36
 202 001e 2046     		mov	r0, r4
 203 0020 FFF7FEFF 		bl	USBD_CDC_TransmitPacket
 204              	.LVL18:
 290:USB_DEVICE/App/usbd_cdc_if.c **** }
 205              		.loc 1 290 3 is_stmt 1 view .LVU37
 206              		.loc 1 291 1 is_stmt 0 view .LVU38
 207 0024 10BD     		pop	{r4, pc}
 208              	.L20:
 209 0026 00BF     		.align	2
 210              	.L19:
 211 0028 00000000 		.word	hUsbDeviceFS
 212              		.cfi_endproc
 213              	.LFE72:
 215              		.global	USBD_Interface_fops_FS
 216              		.section	.data.USBD_Interface_fops_FS,"aw"
 217              		.align	2
 220              	USBD_Interface_fops_FS:
 221 0000 00000000 		.word	CDC_Init_FS
ARM GAS  C:\Users\crist\AppData\Local\Temp\ccMPu0Gm.s 			page 10


 222 0004 00000000 		.word	CDC_DeInit_FS
 223 0008 00000000 		.word	CDC_Control_FS
 224 000c 00000000 		.word	CDC_Receive_FS
 225              		.global	UserTxBufferFS
 226              		.section	.bss.UserTxBufferFS,"aw",%nobits
 227              		.align	2
 230              	UserTxBufferFS:
 231 0000 00000000 		.space	1024
 231      00000000 
 231      00000000 
 231      00000000 
 231      00000000 
 232              		.global	UserRxBufferFS
 233              		.section	.bss.UserRxBufferFS,"aw",%nobits
 234              		.align	2
 237              	UserRxBufferFS:
 238 0000 00000000 		.space	1024
 238      00000000 
 238      00000000 
 238      00000000 
 238      00000000 
 239              		.text
 240              	.Letext0:
 241              		.file 2 "C:\\ST\\STM32CubeCLT_1.21.0\\GNU-tools-for-STM32\\bin\\../lib/gcc/arm-none-eabi/14.3.1/..
 242              		.file 3 "C:\\ST\\STM32CubeCLT_1.21.0\\GNU-tools-for-STM32\\bin\\../lib/gcc/arm-none-eabi/14.3.1/..
 243              		.file 4 "Middlewares/ST/STM32_USB_Device_Library/Core/Inc/usbd_def.h"
 244              		.file 5 "Middlewares/ST/STM32_USB_Device_Library/Class/CDC/Inc/usbd_cdc.h"
 245              		.file 6 "USB_DEVICE/App/usbd_cdc_if.h"
ARM GAS  C:\Users\crist\AppData\Local\Temp\ccMPu0Gm.s 			page 11


DEFINED SYMBOLS
                            *ABS*:00000000 usbd_cdc_if.c
C:\Users\crist\AppData\Local\Temp\ccMPu0Gm.s:19     .text.CDC_DeInit_FS:00000000 $t
C:\Users\crist\AppData\Local\Temp\ccMPu0Gm.s:24     .text.CDC_DeInit_FS:00000000 CDC_DeInit_FS
C:\Users\crist\AppData\Local\Temp\ccMPu0Gm.s:39     .text.CDC_Control_FS:00000000 $t
C:\Users\crist\AppData\Local\Temp\ccMPu0Gm.s:44     .text.CDC_Control_FS:00000000 CDC_Control_FS
C:\Users\crist\AppData\Local\Temp\ccMPu0Gm.s:64     .text.CDC_Receive_FS:00000000 $t
C:\Users\crist\AppData\Local\Temp\ccMPu0Gm.s:69     .text.CDC_Receive_FS:00000000 CDC_Receive_FS
C:\Users\crist\AppData\Local\Temp\ccMPu0Gm.s:102    .text.CDC_Receive_FS:00000018 $d
C:\Users\crist\AppData\Local\Temp\ccMPu0Gm.s:107    .text.CDC_Init_FS:00000000 $t
C:\Users\crist\AppData\Local\Temp\ccMPu0Gm.s:112    .text.CDC_Init_FS:00000000 CDC_Init_FS
C:\Users\crist\AppData\Local\Temp\ccMPu0Gm.s:142    .text.CDC_Init_FS:0000001c $d
C:\Users\crist\AppData\Local\Temp\ccMPu0Gm.s:230    .bss.UserTxBufferFS:00000000 UserTxBufferFS
C:\Users\crist\AppData\Local\Temp\ccMPu0Gm.s:237    .bss.UserRxBufferFS:00000000 UserRxBufferFS
C:\Users\crist\AppData\Local\Temp\ccMPu0Gm.s:149    .text.CDC_Transmit_FS:00000000 $t
C:\Users\crist\AppData\Local\Temp\ccMPu0Gm.s:155    .text.CDC_Transmit_FS:00000000 CDC_Transmit_FS
C:\Users\crist\AppData\Local\Temp\ccMPu0Gm.s:211    .text.CDC_Transmit_FS:00000028 $d
C:\Users\crist\AppData\Local\Temp\ccMPu0Gm.s:220    .data.USBD_Interface_fops_FS:00000000 USBD_Interface_fops_FS
C:\Users\crist\AppData\Local\Temp\ccMPu0Gm.s:217    .data.USBD_Interface_fops_FS:00000000 $d
C:\Users\crist\AppData\Local\Temp\ccMPu0Gm.s:227    .bss.UserTxBufferFS:00000000 $d
C:\Users\crist\AppData\Local\Temp\ccMPu0Gm.s:234    .bss.UserRxBufferFS:00000000 $d

UNDEFINED SYMBOLS
USBD_CDC_SetRxBuffer
USBD_CDC_ReceivePacket
hUsbDeviceFS
USBD_CDC_SetTxBuffer
USBD_CDC_TransmitPacket
